fsl_clock.h:463:20:CLOCK_EnableClock	24	static
fsl_clock.h:476:20:CLOCK_DisableClock	24	static
fsl_clock.h:507:20:CLOCK_SetFLASHAccessCycles	24	static
fsl_clock.h:626:35:CLOCK_GetAsyncApbClkSrc	4	static
fsl_clock.h:667:22:CLOCK_IsSystemPLLLocked	4	static
fsl_power.h:93:20:POWER_EnablePD	16	static
fsl_power.h:105:20:POWER_DisablePD	16	static
fsl_clock.c:124:6:CLOCK_AttachClk	32	static
fsl_clock.c:170:19:CLOCK_GetClockAttachId	48	static
fsl_clock.c:219:6:CLOCK_SetClkDiv	24	static
fsl_clock.c:246:10:CLOCK_SetupFROClocking	24	static
fsl_clock.c:283:10:CLOCK_GetFro12MFreq	4	static
fsl_clock.c:291:10:CLOCK_GetExtClkFreq	4	static
fsl_clock.c:298:10:CLOCK_GetWdtOscFreq	16	static
fsl_clock.c:319:10:CLOCK_GetFroHfFreq	4	static
fsl_clock.c:340:10:CLOCK_GetPllOutFreq	4	static
fsl_clock.c:348:10:CLOCK_GetOsc32KFreq	4	static
fsl_clock.c:355:10:CLOCK_GetCoreSysClkFreq	16	static
fsl_clock.c:401:10:CLOCK_GetI2SMClkFreq	4	static
fsl_clock.c:409:10:CLOCK_GetAsyncApbClkFreq	16	static
fsl_clock.c:436:10:CLOCK_GetFlexCommClkFreq	24	static
fsl_clock.c:470:10:CLOCK_GetAdcClkFreq	16	static
fsl_clock.c:500:10:CLOCK_GetFRGInputClock	16	static
fsl_clock.c:531:10:CLOCK_GetDmicClkFreq	16	static
fsl_clock.c:567:10:CLOCK_SetFRGClock	32	static
fsl_clock.c:589:10:CLOCK_GetFrgClkFreq	24	static
fsl_clock.c:610:10:CLOCK_GetUsbClkFreq	16	static
fsl_clock.c:633:10:CLOCK_GetFreq	24	static
fsl_clock.c:682:6:CLOCK_SetFLASHAccessCyclesForFreq	16	static
fsl_clock.c:715:17:pllEncodeN	24	static
fsl_clock.c:747:17:pllDecodeN	32	static
fsl_clock.c:786:17:pllEncodeP	24	static
fsl_clock.c:818:17:pllDecodeP	32	static
fsl_clock.c:857:17:pllEncodeM	24	static
fsl_clock.c:889:17:pllDecodeM	32	static
fsl_clock.c:928:13:pllFindSel	24	static
fsl_clock.c:975:17:findPllPreDiv	24	static
fsl_clock.c:995:17:findPllPostDiv	24	static
fsl_clock.c:1015:17:findPllMMult	24	static
fsl_clock.c:1036:17:FindGreatestCommonDivisor	24	static
fsl_clock.c:1056:20:CLOCK_GetPllConfigInternal	120	static
fsl_clock.c:1241:20:CLOCK_GetPllConfig	40	static
fsl_clock.c:1292:13:CLOCK_GetSystemPLLOutFromSetupUpdate	16	static
fsl_clock.c:1301:10:CLOCK_GetSystemPLLInClockRate	16	static
fsl_clock.c:1336:10:CLOCK_GetSystemPLLOutFromSetup	72	static
fsl_clock.c:1416:6:CLOCK_SetStoredPLLClockRate	16	static
fsl_clock.c:1429:10:CLOCK_GetSystemPLLOutClockRate	48	static
fsl_clock.c:1458:13:CLOCK_SetupPLLData	32	static
fsl_clock.c:1511:13:CLOCK_SetupSystemPLLPrec	24	static
fsl_clock.c:1585:13:CLOCK_SetPLLFreq	24	static
fsl_clock.c:1652:6:CLOCK_SetupSystemPLLMult	48	static
fsl_clock.c:1742:6:CLOCK_EnableUsbfs0Clock	24	static
