Archive member included to satisfy reference by file (symbol)

D:\HDD Files\MCUXpresso\LPC54114\Tutorial WS\Tutorial_2\libs\libpower_cm4_hardabi.a(fsl_power_lib.o)
                              ./drivers/fsl_clock.o (POWER_SetVoltageForFreq)
c:/nxp/mcuxpressoide_11.1.1_3241/ide/plugins/com.nxp.mcuxpresso.tools.win32_11.1.0.202001081728/tools/bin/../lib/gcc/arm-none-eabi/8.3.1/../../../../arm-none-eabi/lib/thumb/v7e-m+fp/hard\libcr_nohost_nf.a(_cr__main.o)
                              ./startup/startup_lpc5411x.o (__main)
c:/nxp/mcuxpressoide_11.1.1_3241/ide/plugins/com.nxp.mcuxpresso.tools.win32_11.1.0.202001081728/tools/bin/../lib/gcc/arm-none-eabi/8.3.1/../../../../arm-none-eabi/lib/thumb/v7e-m+fp/hard\libcr_nohost_nf.a(_cr_assert.o)
                              ./utilities/fsl_debug_console.o (__assertion_failed)
c:/nxp/mcuxpressoide_11.1.1_3241/ide/plugins/com.nxp.mcuxpresso.tools.win32_11.1.0.202001081728/tools/bin/../lib/gcc/arm-none-eabi/8.3.1/../../../../arm-none-eabi/lib/thumb/v7e-m+fp/hard\libcr_nohost_nf.a(__ciob.o)
                              c:/nxp/mcuxpressoide_11.1.1_3241/ide/plugins/com.nxp.mcuxpresso.tools.win32_11.1.0.202001081728/tools/bin/../lib/gcc/arm-none-eabi/8.3.1/../../../../arm-none-eabi/lib/thumb/v7e-m+fp/hard\libcr_nohost_nf.a(_cr_assert.o) (__Ciob)
c:/nxp/mcuxpressoide_11.1.1_3241/ide/plugins/com.nxp.mcuxpresso.tools.win32_11.1.0.202001081728/tools/bin/../lib/gcc/arm-none-eabi/8.3.1/../../../../arm-none-eabi/lib/thumb/v7e-m+fp/hard\libcr_nohost_nf.a(__sys_appexit.o)
                              c:/nxp/mcuxpressoide_11.1.1_3241/ide/plugins/com.nxp.mcuxpresso.tools.win32_11.1.0.202001081728/tools/bin/../lib/gcc/arm-none-eabi/8.3.1/../../../../arm-none-eabi/lib/thumb/v7e-m+fp/hard\libcr_nohost_nf.a(_cr_assert.o) (__sys_appexit)
c:/nxp/mcuxpressoide_11.1.1_3241/ide/plugins/com.nxp.mcuxpresso.tools.win32_11.1.0.202001081728/tools/bin/../lib/gcc/arm-none-eabi/8.3.1/../../../../arm-none-eabi/lib/thumb/v7e-m+fp/hard\libcr_c.a(memcpy.o)
                              D:\HDD Files\MCUXpresso\LPC54114\Tutorial WS\Tutorial_2\libs\libpower_cm4_hardabi.a(fsl_power_lib.o) (memcpy)
c:/nxp/mcuxpressoide_11.1.1_3241/ide/plugins/com.nxp.mcuxpresso.tools.win32_11.1.0.202001081728/tools/bin/../lib/gcc/arm-none-eabi/8.3.1/../../../../arm-none-eabi/lib/thumb/v7e-m+fp/hard\libcr_c.a(memset.o)
                              ./utilities/fsl_debug_console.o (memset)
c:/nxp/mcuxpressoide_11.1.1_3241/ide/plugins/com.nxp.mcuxpresso.tools.win32_11.1.0.202001081728/tools/bin/../lib/gcc/arm-none-eabi/8.3.1/../../../../arm-none-eabi/lib/thumb/v7e-m+fp/hard\libcr_c.a(_deferredlazyseek.o)
                              c:/nxp/mcuxpressoide_11.1.1_3241/ide/plugins/com.nxp.mcuxpresso.tools.win32_11.1.0.202001081728/tools/bin/../lib/gcc/arm-none-eabi/8.3.1/../../../../arm-none-eabi/lib/thumb/v7e-m+fp/hard\libcr_nohost_nf.a(_cr_assert.o) (__flsbuf)
c:/nxp/mcuxpressoide_11.1.1_3241/ide/plugins/com.nxp.mcuxpresso.tools.win32_11.1.0.202001081728/tools/bin/../lib/gcc/arm-none-eabi/8.3.1/../../../../arm-none-eabi/lib/thumb/v7e-m+fp/hard\libcr_c.a(_fflush.o)
                              c:/nxp/mcuxpressoide_11.1.1_3241/ide/plugins/com.nxp.mcuxpresso.tools.win32_11.1.0.202001081728/tools/bin/../lib/gcc/arm-none-eabi/8.3.1/../../../../arm-none-eabi/lib/thumb/v7e-m+fp/hard\libcr_c.a(_deferredlazyseek.o) (_fflush)
c:/nxp/mcuxpressoide_11.1.1_3241/ide/plugins/com.nxp.mcuxpresso.tools.win32_11.1.0.202001081728/tools/bin/../lib/gcc/arm-none-eabi/8.3.1/../../../../arm-none-eabi/lib/thumb/v7e-m+fp/hard\libcr_c.a(_writebuf.o)
                              c:/nxp/mcuxpressoide_11.1.1_3241/ide/plugins/com.nxp.mcuxpresso.tools.win32_11.1.0.202001081728/tools/bin/../lib/gcc/arm-none-eabi/8.3.1/../../../../arm-none-eabi/lib/thumb/v7e-m+fp/hard\libcr_c.a(_deferredlazyseek.o) (_Cwritebuf)
c:/nxp/mcuxpressoide_11.1.1_3241/ide/plugins/com.nxp.mcuxpresso.tools.win32_11.1.0.202001081728/tools/bin/../lib/gcc/arm-none-eabi/8.3.1/../../../../arm-none-eabi/lib/thumb/v7e-m+fp/hard\libcr_c.a(alloc.o)
                              ./drivers/fsl_common.o (malloc)
c:/nxp/mcuxpressoide_11.1.1_3241/ide/plugins/com.nxp.mcuxpresso.tools.win32_11.1.0.202001081728/tools/bin/../lib/gcc/arm-none-eabi/8.3.1/../../../../arm-none-eabi/lib/thumb/v7e-m+fp/hard\libcr_c.a(fputs.o)
                              c:/nxp/mcuxpressoide_11.1.1_3241/ide/plugins/com.nxp.mcuxpresso.tools.win32_11.1.0.202001081728/tools/bin/../lib/gcc/arm-none-eabi/8.3.1/../../../../arm-none-eabi/lib/thumb/v7e-m+fp/hard\libcr_nohost_nf.a(_cr_assert.o) (fputs)
c:/nxp/mcuxpressoide_11.1.1_3241/ide/plugins/com.nxp.mcuxpresso.tools.win32_11.1.0.202001081728/tools/bin/../lib/gcc/arm-none-eabi/8.3.1/../../../../arm-none-eabi/lib/thumb/v7e-m+fp/hard\libcr_c.a(fseek.o)
[...]
Memory Configuration

Name             Origin             Length             Attributes
PROGRAM_FLASH    0x00000000         0x00040000         xr
SRAM1            0x20010000         0x00010000         xrw
SRAM0            0x20000000         0x00010000         xrw
SRAMX            0x04000000         0x00008000         xrw
SRAM2            0x20020000         0x00008000         xrw
*default*        0x00000000         0xffffffff

Linker script and memory map

LOAD ./utilities/fsl_debug_console.o
LOAD ./utilities/fsl_str.o
LOAD ./startup/boot_multicore_slave.o
LOAD ./startup/startup_lpc5411x.o
LOAD ./source/Tutorial_2.o
LOAD ./source/semihost_hardfault.o
LOAD ./drivers/fsl_clock.o
LOAD ./drivers/fsl_common.o
LOAD ./drivers/fsl_dma.o
LOAD ./drivers/fsl_flexcomm.o
LOAD ./drivers/fsl_gpio.o
LOAD ./drivers/fsl_power.o
LOAD ./drivers/fsl_reset.o
LOAD ./drivers/fsl_usart.o
LOAD ./drivers/fsl_usart_dma.o
LOAD ./device/system_LPC54114_cm4.o
LOAD ./component/uart/usart_adapter.o
LOAD ./component/serial_manager/serial_manager.o
LOAD ./component/serial_manager/serial_port_uart.o
LOAD ./component/lists/generic_list.o
LOAD ./board/board.o
LOAD ./board/clock_config.o
LOAD ./board/peripherals.o
LOAD ./board/pin_mux.o
LOAD D:\HDD Files\MCUXpresso\LPC54114\Tutorial WS\Tutorial_2\libs\libpower_cm4_hardabi.a
START GROUP
LOAD c:/nxp/mcuxpressoide_11.1.1_3241/ide/plugins/com.nxp.mcuxpresso.tools.win32_11.1.0.202001081728/tools/bin/../lib/gcc/arm-none-eabi/8.3.1/../../../../arm-none-eabi/lib/thumb/v7e-m+fp/hard\libcr_nohost_nf.a
LOAD c:/nxp/mcuxpressoide_11.1.1_3241/ide/plugins/com.nxp.mcuxpresso.tools.win32_11.1.0.202001081728/tools/bin/../lib/gcc/arm-none-eabi/8.3.1/../../../../arm-none-eabi/lib/thumb/v7e-m+fp/hard\libcr_c.a
LOAD c:/nxp/mcuxpressoide_11.1.1_3241/ide/plugins/com.nxp.mcuxpresso.tools.win32_11.1.0.202001081728/tools/bin/../lib/gcc/arm-none-eabi/8.3.1/thumb/v7e-m+fp/hard\libcr_eabihelpers.a
LOAD c:/nxp/mcuxpressoide_11.1.1_3241/ide/plugins/com.nxp.mcuxpresso.tools.win32_11.1.0.202001081728/tools/bin/../lib/gcc/arm-none-eabi/8.3.1/thumb/v7e-m+fp/hard\libgcc.a
END GROUP
                0x00000000                __base_PROGRAM_FLASH = 0x0
                0x00000000                __base_Flash = 0x0
                0x00040000                __top_PROGRAM_FLASH = 0x40000
                0x00040000                __top_Flash = 0x40000
                0x20010000                __base_SRAM1 = 0x20010000
                0x20010000                __base_RAM = 0x20010000
                0x20020000                __top_SRAM1 = 0x20020000
                0x20020000                __top_RAM = 0x20020000
                0x20000000                __base_SRAM0 = 0x20000000
                0x20000000                __base_RAM2 = 0x20000000
                0x20010000                __top_SRAM0 = 0x20010000
                0x20010000                __top_RAM2 = 0x20010000
                0x04000000                __base_SRAMX = 0x4000000
                0x04000000                __base_RAM3 = 0x4000000
                0x04008000                __top_SRAMX = 0x4008000
                0x04008000                __top_RAM3 = 0x4008000
                0x20020000                __base_SRAM2 = 0x20020000
                0x20020000                __base_RAM4 = 0x20020000
                0x20028000                __top_SRAM2 = 0x20028000
                0x20028000                __top_RAM4 = 0x20028000

.text           0x00000000     0x548c
 FILL mask 0xff
                0x00000000                __vectors_start__ = ABSOLUTE (.)
 *(SORT_BY_ALIGNMENT(.isr_vector))
 .isr_vector    0x00000000       0xe0 ./startup/startup_lpc5411x.o
                0x00000000                g_pfnVectors
                0x00000000                __Vectors
                0x000000e0                . = ALIGN (0x4)
                0x000000e0                __section_table_start = .
                0x000000e0                __data_section_table = .
                0x000000e0        0x4 LONG 0x548c LOADADDR (.data)
                0x000000e4        0x4 LONG 0x20010000 ADDR (.data)
                0x000000e8        0x4 LONG 0x408 SIZEOF (.data)
                0x000000ec        0x4 LONG 0x548c LOADADDR (.data_RAM2)
                0x000000f0        0x4 LONG 0x20000000 ADDR (.data_RAM2)
                0x000000f4        0x4 LONG 0x0 SIZEOF (.data_RAM2)
                0x000000f8        0x4 LONG 0x548c LOADADDR (.data_RAM3)
                0x000000fc        0x4 LONG 0x4000000 ADDR (.data_RAM3)
                0x00000100        0x4 LONG 0x0 SIZEOF (.data_RAM3)
                0x00000104        0x4 LONG 0x548c LOADADDR (.data_RAM4)
                0x00000108        0x4 LONG 0x20020000 ADDR (.data_RAM4)
                0x0000010c        0x4 LONG 0x0 SIZEOF (.data_RAM4)
                0x00000110                __data_section_table_end = .
                0x00000110                __bss_section_table = .
                0x00000110        0x4 LONG 0x20010600 ADDR (.bss)
                0x00000114        0x4 LONG 0x33c SIZEOF (.bss)
                0x00000118        0x4 LONG 0x20000000 ADDR (.bss_RAM2)
                0x0000011c        0x4 LONG 0x0 SIZEOF (.bss_RAM2)
                0x00000120        0x4 LONG 0x4000000 ADDR (.bss_RAM3)
                0x00000124        0x4 LONG 0x0 SIZEOF (.bss_RAM3)
                0x00000128        0x4 LONG 0x20020000 ADDR (.bss_RAM4)
                0x0000012c        0x4 LONG 0x0 SIZEOF (.bss_RAM4)
                0x00000130                __bss_section_table_end = .
                0x00000130                __section_table_end = .
 *(SORT_BY_ALIGNMENT(.after_vectors*))
 .after_vectors.reset
                0x00000130       0x78 ./startup/startup_lpc5411x.o
                0x00000130                ResetISR
 .after_vectors.init_data
                0x000001a8       0x1e ./startup/startup_lpc5411x.o
                0x000001a8                data_init
 .after_vectors.init_bss
                0x000001c6       0x12 ./startup/startup_lpc5411x.o
                0x000001c6                bss_init
 .after_vectors
                0x000001d8       0x14 ./startup/startup_lpc5411x.o
                0x000001d8                NMI_Handler
                0x000001dc                SVC_Handler
                0x000001de                PendSV_Handler
                0x000001e0                SysTick_Handler
                0x000001e2                MemManage_Handler
                0x000001e4                BusFault_Handler
                0x000001e6                UsageFault_Handler
                0x000001e8                DebugMon_Handler
                0x000001ea                SPIFI0_DriverIRQHandler
                0x000001ea                CTIMER2_DriverIRQHandler
                0x000001ea                IntDefaultHandler
                0x000001ea                USB0_DriverIRQHandler
                0x000001ea                MRT0_DriverIRQHandler
                0x000001ea                UTICK0_DriverIRQHandler
                0x000001ea                DMIC0_DriverIRQHandler
                0x000001ea                PIN_INT4_DriverIRQHandler
                0x000001ea                PIN_INT5_DriverIRQHandler
                0x000001ea                ADC0_THCMP_DriverIRQHandler
                0x000001ea                CTIMER4_DriverIRQHandler
                0x000001ea                PIN_INT0_DriverIRQHandler
                0x000001ea                PIN_INT7_DriverIRQHandler
                0x000001ea                IOH_DriverIRQHandler
                0x000001ea                USB0_NEEDCLK_DriverIRQHandler
                0x000001ea                ADC0_SEQB_DriverIRQHandler
                0x000001ea                CTIMER0_DriverIRQHandler
                0x000001ea                CTIMER1_DriverIRQHandler
                0x000001ea                PIN_INT6_DriverIRQHandler
                0x000001ea                MAILBOX_DriverIRQHandler
                0x000001ea                PIN_INT1_DriverIRQHandler
                0x000001ea                CTIMER3_DriverIRQHandler
                0x000001ea                HWVAD0_DriverIRQHandler
                0x000001ea                RTC_DriverIRQHandler
                0x000001ea                Reserved54_DriverIRQHandler
                0x000001ea                PIN_INT2_DriverIRQHandler
                0x000001ea                PIN_INT3_DriverIRQHandler
                0x000001ea                ADC0_SEQA_DriverIRQHandler
                0x000001ea                GINT0_DriverIRQHandler
                0x000001ea                GINT1_DriverIRQHandler
                0x000001ea                WDT_BOD_DriverIRQHandler
                0x000001ea                SCT0_DriverIRQHandler
 *(SORT_BY_ALIGNMENT(.text*))
 .text.DbgConsole_SendDataReliable
                0x000001ec       0x68 ./utilities/fsl_debug_console.o
                0x000001ec                DbgConsole_SendDataReliable
 .text.DbgConsole_Init
                0x00000254      0x104 ./utilities/fsl_debug_console.o
                0x00000254                DbgConsole_Init
 .text.FLEXCOMM0_USART_CALLBACK
                0x00000358       0x44 ./source/Tutorial_2.o
                0x00000358                FLEXCOMM0_USART_CALLBACK
 .text.main     0x0000039c       0x94 ./source/Tutorial_2.o
                0x0000039c                main
 .text.CLOCK_AttachClk
                0x00000430       0x8c ./drivers/fsl_clock.o
                0x00000430                CLOCK_AttachClk
 .text.CLOCK_SetClkDiv
                0x000004bc       0x5c ./drivers/fsl_clock.o
                0x000004bc                CLOCK_SetClkDiv
 .text.CLOCK_SetupFROClocking
                0x00000518       0xc8 ./drivers/fsl_clock.o
                0x00000518                CLOCK_SetupFROClocking
 .text.CLOCK_GetFro12MFreq
                0x000005e0       0x28 ./drivers/fsl_clock.o
                0x000005e0                CLOCK_GetFro12MFreq
 .text.CLOCK_GetWdtOscFreq
                0x00000608       0x68 ./drivers/fsl_clock.o
                0x00000608                CLOCK_GetWdtOscFreq
 .text.CLOCK_GetFroHfFreq
                0x00000670       0x50 ./drivers/fsl_clock.o
                0x00000670                CLOCK_GetFroHfFreq
 .text.CLOCK_GetPllOutFreq
                0x000006c0       0x18 ./drivers/fsl_clock.o
                0x000006c0                CLOCK_GetPllOutFreq
 .text.CLOCK_GetCoreSysClkFreq
                0x000006d8       0x94 ./drivers/fsl_clock.o
                0x000006d8                CLOCK_GetCoreSysClkFreq
 .text.CLOCK_GetI2SMClkFreq
                0x0000076c       0x18 ./drivers/fsl_clock.o
                0x0000076c                CLOCK_GetI2SMClkFreq
 .text.CLOCK_GetFlexCommClkFreq
                0x00000784       0x74 ./drivers/fsl_clock.o
                0x00000784                CLOCK_GetFlexCommClkFreq
 .text.CLOCK_GetFRGInputClock
                0x000007f8       0x60 ./drivers/fsl_clock.o
                0x000007f8                CLOCK_GetFRGInputClock
 .text.CLOCK_SetFLASHAccessCyclesForFreq
                0x00000858       0x90 ./drivers/fsl_clock.o
                0x00000858                CLOCK_SetFLASHAccessCyclesForFreq
 .text.__NVIC_EnableIRQ
                0x000008e8       0x3c ./drivers/fsl_dma.o
 .text.CLOCK_EnableClock
                0x00000924       0x4c ./drivers/fsl_dma.o
 .text.DMA_ChannelIsActive
                0x00000970       0x50 ./drivers/fsl_dma.o
 .text.DMA_EnableChannelInterrupts
                0x000009c0       0x58 ./drivers/fsl_dma.o
 .text.DMA_EnableChannel
                0x00000a18       0x58 ./drivers/fsl_dma.o
 .text.DMA_EnableChannelPeriphRq
                0x00000a70       0x40 ./drivers/fsl_dma.o
 .text.DMA_DisableChannelPeriphRq
                0x00000ab0       0x40 ./drivers/fsl_dma.o
 .text.DMA_GetInstance
                0x00000af0       0x44 ./drivers/fsl_dma.o
 .text.DMA_Init
                0x00000b34       0x54 ./drivers/fsl_dma.o
                0x00000b34                DMA_Init
 .text.DMA_SetupXferCFG
                0x00000b88      0x148 ./drivers/fsl_dma.o
 .text.DMA_SetupDescriptor
                0x00000cd0      0x124 ./drivers/fsl_dma.o
                0x00000cd0                DMA_SetupDescriptor
 .text.DMA_CreateDescriptor
                0x00000df4       0x94 ./drivers/fsl_dma.o
                0x00000df4                DMA_CreateDescriptor
 .text.DMA_CreateHandle
                0x00000e88       0x7c ./drivers/fsl_dma.o
                0x00000e88                DMA_CreateHandle
 .text.DMA_SetCallback
                0x00000f04       0x30 ./drivers/fsl_dma.o
                0x00000f04                DMA_SetCallback
 .text.DMA_PrepareTransfer
                0x00000f34      0x140 ./drivers/fsl_dma.o
                0x00000f34                DMA_PrepareTransfer
 .text.DMA_SubmitTransfer
                0x00001074       0xd8 ./drivers/fsl_dma.o
                0x00001074                DMA_SubmitTransfer
 .text.DMA_StartTransfer
                0x0000114c       0x80 ./drivers/fsl_dma.o
                0x0000114c                DMA_StartTransfer
 .text.DMA_IRQHandle
                0x000011cc      0x168 ./drivers/fsl_dma.o
                0x000011cc                DMA_IRQHandle
 .text.DMA0_DriverIRQHandler
                0x00001334       0x18 ./drivers/fsl_dma.o
                0x00001334                DMA0_DriverIRQHandler
 .text.CLOCK_EnableClock
                0x0000134c       0x4c ./drivers/fsl_flexcomm.o
 .text.FLEXCOMM_GetInstance
                0x00001398       0x50 ./drivers/fsl_flexcomm.o
                0x00001398                FLEXCOMM_GetInstance
 .text.FLEXCOMM_Init
                0x000013e8       0x50 ./drivers/fsl_flexcomm.o
                0x000013e8                FLEXCOMM_Init
 .text.FLEXCOMM0_DriverIRQHandler
                0x00001438       0x3c ./drivers/fsl_flexcomm.o
                0x00001438                FLEXCOMM0_DriverIRQHandler
 .text.FLEXCOMM1_DriverIRQHandler
                0x00001474       0x3c ./drivers/fsl_flexcomm.o
                0x00001474                FLEXCOMM1_DriverIRQHandler
 .text.FLEXCOMM2_DriverIRQHandler
                0x000014b0       0x3c ./drivers/fsl_flexcomm.o
                0x000014b0                FLEXCOMM2_DriverIRQHandler
 .text.FLEXCOMM3_DriverIRQHandler
                0x000014ec       0x3c ./drivers/fsl_flexcomm.o
                0x000014ec                FLEXCOMM3_DriverIRQHandler
 .text.FLEXCOMM4_DriverIRQHandler
                0x00001528       0x3c ./drivers/fsl_flexcomm.o
                0x00001528                FLEXCOMM4_DriverIRQHandler
 .text.FLEXCOMM5_DriverIRQHandler
                0x00001564       0x3c ./drivers/fsl_flexcomm.o
                0x00001564                FLEXCOMM5_DriverIRQHandler
 .text.FLEXCOMM6_DriverIRQHandler
                0x000015a0       0x3c ./drivers/fsl_flexcomm.o
                0x000015a0                FLEXCOMM6_DriverIRQHandler
 .text.FLEXCOMM7_DriverIRQHandler
                0x000015dc       0x3c ./drivers/fsl_flexcomm.o
                0x000015dc                FLEXCOMM7_DriverIRQHandler
 .text.RESET_SetPeripheralReset
                0x00001618       0x7c ./drivers/fsl_reset.o
                0x00001618                RESET_SetPeripheralReset
 .text.RESET_ClearPeripheralReset
                0x00001694       0x80 ./drivers/fsl_reset.o
                0x00001694                RESET_ClearPeripheralReset
 .text.USART_GetInstance
                0x00001714       0x4c ./drivers/fsl_usart.o
                0x00001714                USART_GetInstance
 .text.USART_Init
                0x00001760      0x180 ./drivers/fsl_usart.o
                0x00001760                USART_Init
 .text.USART_GetDefaultConfig
                0x000018e0       0x74 ./drivers/fsl_usart.o
                0x000018e0                USART_GetDefaultConfig
 .text.USART_SetBaudRate
                0x00001954      0x128 ./drivers/fsl_usart.o
                0x00001954                USART_SetBaudRate
 .text.USART_WriteBlocking
                0x00001a7c       0x88 ./drivers/fsl_usart.o
                0x00001a7c                USART_WriteBlocking
 .text.USART_TransferSendDMACallback
                0x00001b04       0x84 ./drivers/fsl_usart_dma.o
 .text.USART_TransferReceiveDMACallback
                0x00001b88       0x74 ./drivers/fsl_usart_dma.o
 .text.USART_TransferCreateHandleDMA
                0x00001bfc       0xd8 ./drivers/fsl_usart_dma.o
                0x00001bfc                USART_TransferCreateHandleDMA
 .text.USART_TransferSendDMA
                0x00001cd4       0xdc ./drivers/fsl_usart_dma.o
                0x00001cd4                USART_TransferSendDMA
 .text.SystemInit
                0x00001db0       0x34 ./device/system_LPC54114_cm4.o
                0x00001db0                SystemInit
 .text.HAL_UartInit
                0x00001de4      0x108 ./component/uart/usart_adapter.o
                0x00001de4                HAL_UartInit
 .text.HAL_UartSendBlocking
                0x00001eec       0x64 ./component/uart/usart_adapter.o
                0x00001eec                HAL_UartSendBlocking
 .text.SerialManager_Write
                0x00001f50       0x6c ./component/serial_manager/serial_manager.o
 .text.SerialManager_Init
                0x00001fbc       0x74 ./component/serial_manager/serial_manager.o
                0x00001fbc                SerialManager_Init
 .text.SerialManager_OpenWriteHandle
                0x00002030       0x64 ./component/serial_manager/serial_manager.o
                0x00002030                SerialManager_OpenWriteHandle
 .text.SerialManager_OpenReadHandle
                0x00002094       0x74 ./component/serial_manager/serial_manager.o
                0x00002094                SerialManager_OpenReadHandle
 .text.Serial_UartInit
                0x00002108       0x80 ./component/serial_manager/serial_port_uart.o
                0x00002108                Serial_UartInit
 .text.Serial_UartWrite
                0x00002188       0x58 ./component/serial_manager/serial_port_uart.o
                0x00002188                Serial_UartWrite
 .text.BOARD_InitDebugConsole
                0x000021e0       0x48 ./board/board.o
                0x000021e0                BOARD_InitDebugConsole
 .text.BOARD_BootClockHSRUN
                0x00002228       0x60 ./board/clock_config.o
                0x00002228                BOARD_BootClockHSRUN
 .text.DMA_EnableChannel
                0x00002288       0x58 ./board/peripherals.o
 .text.FLEXCOMM0_init
                0x000022e0       0x64 ./board/peripherals.o
                0x000022e0                FLEXCOMM0_init
 .text.BOARD_InitPeripherals_cm4
                0x00002344       0x1c ./board/peripherals.o
                0x00002344                BOARD_InitPeripherals_cm4
 .text.CLOCK_EnableClock
                0x00002360       0x4c ./board/pin_mux.o
 .text.BOARD_InitDEBUG_UARTPins
                0x000023ac       0x34 ./board/pin_mux.o
                0x000023ac                BOARD_InitDEBUG_UARTPins
 .text.POWER_SetVoltageForFreq
                0x000023e0      0x110 D:\HDD Files\MCUXpresso\LPC54114\Tutorial WS\Tutorial_2\libs\libpower_cm4_hardabi.a(fsl_power_lib.o)
                0x000023e0                POWER_SetVoltageForFreq
 .text.__assertion_failed
                0x000024f0       0x4c c:/nxp/mcuxpressoide_11.1.1_3241/ide/plugins/com.nxp.mcuxpresso.tools.win32_11.1.0.202001081728/tools/bin/../lib/gcc/arm-none-eabi/8.3.1/../../../../arm-none-eabi/lib/thumb/v7e-m+fp/hard\libcr_nohost_nf.a(_cr_assert.o)
                0x000024f0                __assertion_failed
 .text._Cwritebuf
                0x0000253c       0x6c c:/nxp/mcuxpressoide_11.1.1_3241/ide/plugins/com.nxp.mcuxpresso.tools.win32_11.1.0.202001081728/tools/bin/../lib/gcc/arm-none-eabi/8.3.1/../../../../arm-none-eabi/lib/thumb/v7e-m+fp/hard\libcr_c.a(_writebuf.o)
                0x0000253c                _Cwritebuf
 .text.malloc   0x000025a8       0xc8 c:/nxp/mcuxpressoide_11.1.1_3241/ide/plugins/com.nxp.mcuxpresso.tools.win32_11.1.0.202001081728/tools/bin/../lib/gcc/arm-none-eabi/8.3.1/../../../../arm-none-eabi/lib/thumb/v7e-m+fp/hard\libcr_c.a(alloc.o)
                0x000025a8                malloc
 .text._Csys_alloc
                0x00002670       0x20 c:/nxp/mcuxpressoide_11.1.1_3241/ide/plugins/com.nxp.mcuxpresso.tools.win32_11.1.0.202001081728/tools/bin/../lib/gcc/arm-none-eabi/8.3.1/../../../../arm-none-eabi/lib/thumb/v7e-m+fp/hard\libcr_c.a(alloc.o)
                0x00002670                _Csys_alloc
 .text.fseek    0x00002690      0x100 c:/nxp/mcuxpressoide_11.1.1_3241/ide/plugins/com.nxp.mcuxpresso.tools.win32_11.1.0.202001081728/tools/bin/../lib/gcc/arm-none-eabi/8.3.1/../../../../arm-none-eabi/lib/thumb/v7e-m+fp/hard\libcr_c.a(fseek.o)
                0x00002690                fseek
 .text.ftell    0x00002790       0x48 c:/nxp/mcuxpressoide_11.1.1_3241/ide/plugins/com.nxp.mcuxpresso.tools.win32_11.1.0.202001081728/tools/bin/../lib/gcc/arm-none-eabi/8.3.1/../../../../arm-none-eabi/lib/thumb/v7e-m+fp/hard\libcr_c.a(ftell.o)
                0x00002790                ftell
 .text._initio  0x000027d8       0x78 c:/nxp/mcuxpressoide_11.1.1_3241/ide/plugins/com.nxp.mcuxpresso.tools.win32_11.1.0.202001081728/tools/bin/../lib/gcc/arm-none-eabi/8.3.1/../../../../arm-none-eabi/lib/thumb/v7e-m+fp/hard\libcr_c.a(initio.o)
                0x000027d8                _initio
 .text.__vfprintf
                0x00002850      0xbe0 c:/nxp/mcuxpressoide_11.1.1_3241/ide/plugins/com.nxp.mcuxpresso.tools.win32_11.1.0.202001081728/tools/bin/../lib/gcc/arm-none-eabi/8.3.1/../../../../arm-none-eabi/lib/thumb/v7e-m+fp/hard\libcr_c.a(printf.o)
                0x00002850                __vfprintf
 .text._vsnprintf
                0x00003430       0x68 c:/nxp/mcuxpressoide_11.1.1_3241/ide/plugins/com.nxp.mcuxpresso.tools.win32_11.1.0.202001081728/tools/bin/../lib/gcc/arm-none-eabi/8.3.1/../../../../arm-none-eabi/lib/thumb/v7e-m+fp/hard\libcr_c.a(printf.o)
                0x00003430                _vsnprintf
 .text._printf  0x00003498       0x54 c:/nxp/mcuxpressoide_11.1.1_3241/ide/plugins/com.nxp.mcuxpresso.tools.win32_11.1.0.202001081728/tools/bin/../lib/gcc/arm-none-eabi/8.3.1/../../../../arm-none-eabi/lib/thumb/v7e-m+fp/hard\libcr_c.a(printf.o)
                0x00003498                _printf
 .text.setvbuf  0x000034ec       0x40 c:/nxp/mcuxpressoide_11.1.1_3241/ide/plugins/com.nxp.mcuxpresso.tools.win32_11.1.0.202001081728/tools/bin/../lib/gcc/arm-none-eabi/8.3.1/../../../../arm-none-eabi/lib/thumb/v7e-m+fp/hard\libcr_c.a(setvbuf.o)
                0x000034ec                setvbuf
 .text._sbrk    0x0000352c       0x3c c:/nxp/mcuxpressoide_11.1.1_3241/ide/plugins/com.nxp.mcuxpresso.tools.win32_11.1.0.202001081728/tools/bin/../lib/gcc/arm-none-eabi/8.3.1/../../../../arm-none-eabi/lib/thumb/v7e-m+fp/hard\libcr_c.a(_cr_sbrk.o)
                0x0000352c                _sbrk
 .text.fflush   0x00003568       0x44 c:/nxp/mcuxpressoide_11.1.1_3241/ide/plugins/com.nxp.mcuxpresso.tools.win32_11.1.0.202001081728/tools/bin/../lib/gcc/arm-none-eabi/8.3.1/../../../../arm-none-eabi/lib/thumb/v7e-m+fp/hard\libcr_c.a(fflush.o)
                0x00003568                fflush
 .text.__check_heap_overflow
                0x000035ac       0x18 c:/nxp/mcuxpressoide_11.1.1_3241/ide/plugins/com.nxp.mcuxpresso.tools.win32_11.1.0.202001081728/tools/bin/../lib/gcc/arm-none-eabi/8.3.1/../../../../arm-none-eabi/lib/thumb/v7e-m+fp/hard\libcr_c.a(_cr_check_heap.o)
                0x000035ac                __check_heap_overflow
 .text.__sys_write
                0x000035c4       0x3e ./utilities/fsl_debug_console.o
                0x000035c4                __sys_write
 .text.WDT_BOD_IRQHandler
                0x00003602        0x8 ./startup/startup_lpc5411x.o
                0x00003602                WDT_BOD_IRQHandler
 .text.DMA0_IRQHandler
                0x0000360a        0x8 ./startup/startup_lpc5411x.o
                0x0000360a                DMA0_IRQHandler
 .text.GINT0_IRQHandler
                0x00003612        0x8 ./startup/startup_lpc5411x.o
                0x00003612                GINT0_IRQHandler
 .text.GINT1_IRQHandler
                0x0000361a        0x8 ./startup/startup_lpc5411x.o
                0x0000361a                GINT1_IRQHandler
 .text.PIN_INT0_IRQHandler
                0x00003622        0x8 ./startup/startup_lpc5411x.o
                0x00003622                PIN_INT0_IRQHandler
 .text.PIN_INT1_IRQHandler
                0x0000362a        0x8 ./startup/startup_lpc5411x.o
                0x0000362a                PIN_INT1_IRQHandler
 .text.PIN_INT2_IRQHandler
                0x00003632        0x8 ./startup/startup_lpc5411x.o
                0x00003632                PIN_INT2_IRQHandler
 .text.PIN_INT3_IRQHandler
                0x0000363a        0x8 ./startup/startup_lpc5411x.o
                0x0000363a                PIN_INT3_IRQHandler
 .text.UTICK0_IRQHandler
                0x00003642        0x8 ./startup/startup_lpc5411x.o
                0x00003642                UTICK0_IRQHandler
 .text.MRT0_IRQHandler
                0x0000364a        0x8 ./startup/startup_lpc5411x.o
                0x0000364a                MRT0_IRQHandler
 .text.CTIMER0_IRQHandler
                0x00003652        0x8 ./startup/startup_lpc5411x.o
                0x00003652                CTIMER0_IRQHandler
 .text.CTIMER1_IRQHandler
                0x0000365a        0x8 ./startup/startup_lpc5411x.o
                0x0000365a                CTIMER1_IRQHandler
 .text.SCT0_IRQHandler
                0x00003662        0x8 ./startup/startup_lpc5411x.o
                0x00003662                SCT0_IRQHandler
 .text.CTIMER3_IRQHandler
                0x0000366a        0x8 ./startup/startup_lpc5411x.o
                0x0000366a                CTIMER3_IRQHandler
 .text.FLEXCOMM0_IRQHandler
                0x00003672        0x8 ./startup/startup_lpc5411x.o
                0x00003672                FLEXCOMM0_IRQHandler
 .text.FLEXCOMM1_IRQHandler
                0x0000367a        0x8 ./startup/startup_lpc5411x.o
                0x0000367a                FLEXCOMM1_IRQHandler
 .text.FLEXCOMM2_IRQHandler
                0x00003682        0x8 ./startup/startup_lpc5411x.o
                0x00003682                FLEXCOMM2_IRQHandler
 .text.FLEXCOMM3_IRQHandler
                0x0000368a        0x8 ./startup/startup_lpc5411x.o
                0x0000368a                FLEXCOMM3_IRQHandler
 .text.FLEXCOMM4_IRQHandler
                0x00003692        0x8 ./startup/startup_lpc5411x.o
                0x00003692                FLEXCOMM4_IRQHandler
 .text.FLEXCOMM5_IRQHandler
                0x0000369a        0x8 ./startup/startup_lpc5411x.o
                0x0000369a                FLEXCOMM5_IRQHandler
 .text.FLEXCOMM6_IRQHandler
                0x000036a2        0x8 ./startup/startup_lpc5411x.o
                0x000036a2                FLEXCOMM6_IRQHandler
 .text.FLEXCOMM7_IRQHandler
                0x000036aa        0x8 ./startup/startup_lpc5411x.o
                0x000036aa                FLEXCOMM7_IRQHandler
 .text.ADC0_SEQA_IRQHandler
                0x000036b2        0x8 ./startup/startup_lpc5411x.o
                0x000036b2                ADC0_SEQA_IRQHandler
 .text.ADC0_SEQB_IRQHandler
                0x000036ba        0x8 ./startup/startup_lpc5411x.o
                0x000036ba                ADC0_SEQB_IRQHandler
 .text.ADC0_THCMP_IRQHandler
                0x000036c2        0x8 ./startup/startup_lpc5411x.o
                0x000036c2                ADC0_THCMP_IRQHandler
 .text.DMIC0_IRQHandler
                0x000036ca        0x8 ./startup/startup_lpc5411x.o
                0x000036ca                DMIC0_IRQHandler
 .text.HWVAD0_IRQHandler
                0x000036d2        0x8 ./startup/startup_lpc5411x.o
                0x000036d2                HWVAD0_IRQHandler
 .text.USB0_NEEDCLK_IRQHandler
                0x000036da        0x8 ./startup/startup_lpc5411x.o
                0x000036da                USB0_NEEDCLK_IRQHandler
 .text.USB0_IRQHandler
                0x000036e2        0x8 ./startup/startup_lpc5411x.o
                0x000036e2                USB0_IRQHandler
 .text.RTC_IRQHandler
                0x000036ea        0x8 ./startup/startup_lpc5411x.o
                0x000036ea                RTC_IRQHandler
 .text.IOH_IRQHandler
                0x000036f2        0x8 ./startup/startup_lpc5411x.o
                0x000036f2                IOH_IRQHandler
 .text.MAILBOX_IRQHandler
                0x000036fa        0x8 ./startup/startup_lpc5411x.o
                0x000036fa                MAILBOX_IRQHandler
 .text.PIN_INT4_IRQHandler
                0x00003702        0x8 ./startup/startup_lpc5411x.o
                0x00003702                PIN_INT4_IRQHandler
 .text.PIN_INT5_IRQHandler
                0x0000370a        0x8 ./startup/startup_lpc5411x.o
                0x0000370a                PIN_INT5_IRQHandler
 .text.PIN_INT6_IRQHandler
                0x00003712        0x8 ./startup/startup_lpc5411x.o
                0x00003712                PIN_INT6_IRQHandler
 .text.PIN_INT7_IRQHandler
                0x0000371a        0x8 ./startup/startup_lpc5411x.o
                0x0000371a                PIN_INT7_IRQHandler
 .text.CTIMER2_IRQHandler
                0x00003722        0x8 ./startup/startup_lpc5411x.o
                0x00003722                CTIMER2_IRQHandler
 .text.CTIMER4_IRQHandler
                0x0000372a        0x8 ./startup/startup_lpc5411x.o
                0x0000372a                CTIMER4_IRQHandler
 .text.Reserved54_IRQHandler
                0x00003732        0x8 ./startup/startup_lpc5411x.o
                0x00003732                Reserved54_IRQHandler
 .text.SPIFI0_IRQHandler
                0x0000373a        0x8 ./startup/startup_lpc5411x.o
                0x0000373a                SPIFI0_IRQHandler
 .text.HardFault_Handler
                0x00003742       0x2c ./source/semihost_hardfault.o
                0x00003742                HardFault_Handler
 .text.CLOCK_SetFLASHAccessCycles
                0x0000376e       0x34 ./drivers/fsl_clock.o
 .text.POWER_DisablePD
                0x000037a2       0x2e ./drivers/fsl_clock.o
 .text.CLOCK_GetExtClkFreq
                0x000037d0       0x10 ./drivers/fsl_clock.o
                0x000037d0                CLOCK_GetExtClkFreq
 .text.CLOCK_GetOsc32KFreq
                0x000037e0       0x12 ./drivers/fsl_clock.o
                0x000037e0                CLOCK_GetOsc32KFreq
 .text.CLOCK_GetFrgClkFreq
                0x000037f2       0x64 ./drivers/fsl_clock.o
                0x000037f2                CLOCK_GetFrgClkFreq
 .text.EnableIRQ
                0x00003856       0x2c ./drivers/fsl_dma.o
 .text.DMA_GetVirtualStartChannel
                0x00003882       0x40 ./drivers/fsl_dma.o
 .text.FLEXCOMM_PeripheralIsPresent
                0x000038c2       0x64 ./drivers/fsl_flexcomm.o
 .text.FLEXCOMM_SetPeriph
                0x00003926       0x74 ./drivers/fsl_flexcomm.o
 .text.RESET_PeripheralReset
                0x0000399a       0x1c ./drivers/fsl_reset.o
                0x0000399a                RESET_PeripheralReset
 .text.USART_EnableContinuousSCLK
                0x000039b6       0x38 ./drivers/fsl_usart.o
 .text.USART_EnableTxDMA
                0x000039ee       0x40 ./drivers/fsl_usart_dma.o
 .text.USART_EnableRxDMA
                0x00003a2e       0x40 ./drivers/fsl_usart_dma.o
 .text.SystemInitHook
                0x00003a6e        0xe ./device/system_LPC54114_cm4.o
                0x00003a6e                SystemInitHook
 .text.HAL_UartGetStatus
                0x00003a7c       0x22 ./component/uart/usart_adapter.o
 .text.DisableGlobalIRQ
                0x00003a9e       0x20 ./component/serial_manager/serial_manager.o
 .text.EnableGlobalIRQ
                0x00003abe       0x1e ./component/serial_manager/serial_manager.o
 .text.SerialManager_StartWriting
                0x00003adc       0x4a ./component/serial_manager/serial_manager.o
 .text.SerialManager_WriteBlocking
                0x00003b26       0x20 ./component/serial_manager/serial_manager.o
                0x00003b26                SerialManager_WriteBlocking
 .text.POWER_DisablePD
                0x00003b46       0x2e ./board/clock_config.o
 .text.BOARD_InitBootClocks
                0x00003b74        0xc ./board/clock_config.o
                0x00003b74                BOARD_InitBootClocks
 .text.DMA0_init
                0x00003b80        0xe ./board/peripherals.o
                0x00003b80                DMA0_init
 .text.BOARD_InitBootPeripherals
                0x00003b8e        0xc ./board/peripherals.o
                0x00003b8e                BOARD_InitBootPeripherals
 .text.BOARD_InitBootPins
                0x00003b9a       0x10 ./board/pin_mux.o
                0x00003b9a                BOARD_InitBootPins
 .text.BOARD_InitPins_cm4
                0x00003baa        0xe ./board/pin_mux.o
                0x00003baa                BOARD_InitPins_cm4
 .text.__main   0x00003bb8        0xe c:/nxp/mcuxpressoide_11.1.1_3241/ide/plugins/com.nxp.mcuxpresso.tools.win32_11.1.0.202001081728/tools/bin/../lib/gcc/arm-none-eabi/8.3.1/../../../../arm-none-eabi/lib/thumb/v7e-m+fp/hard\libcr_nohost_nf.a(_cr__main.o)
                0x00003bb8                __main
 .text.__sys_appexit
                0x00003bc6        0x2 c:/nxp/mcuxpressoide_11.1.1_3241/ide/plugins/com.nxp.mcuxpresso.tools.win32_11.1.0.202001081728/tools/bin/../lib/gcc/arm-none-eabi/8.3.1/../../../../arm-none-eabi/lib/thumb/v7e-m+fp/hard\libcr_nohost_nf.a(__sys_appexit.o)
                0x00003bc6                __sys_appexit
                0x00003bc6                __exit
 .text.memset   0x00003bc8        0x4 c:/nxp/mcuxpressoide_11.1.1_3241/ide/plugins/com.nxp.mcuxpresso.tools.win32_11.1.0.202001081728/tools/bin/../lib/gcc/arm-none-eabi/8.3.1/../../../../arm-none-eabi/lib/thumb/v7e-m+fp/hard\libcr_c.a(memset.o)
                0x00003bc8                memset
 .text._deferredlazyseek
                0x00003bcc       0x40 c:/nxp/mcuxpressoide_11.1.1_3241/ide/plugins/com.nxp.mcuxpresso.tools.win32_11.1.0.202001081728/tools/bin/../lib/gcc/arm-none-eabi/8.3.1/../../../../arm-none-eabi/lib/thumb/v7e-m+fp/hard\libcr_c.a(_deferredlazyseek.o)
                0x00003bcc                _deferredlazyseek
 .text.__flsbuf
                0x00003c0c      0x140 c:/nxp/mcuxpressoide_11.1.1_3241/ide/plugins/com.nxp.mcuxpresso.tools.win32_11.1.0.202001081728/tools/bin/../lib/gcc/arm-none-eabi/8.3.1/../../../../arm-none-eabi/lib/thumb/v7e-m+fp/hard\libcr_c.a(_deferredlazyseek.o)
                0x00003c0c                __flsbuf
 .text._fflush  0x00003d4c       0x52 c:/nxp/mcuxpressoide_11.1.1_3241/ide/plugins/com.nxp.mcuxpresso.tools.win32_11.1.0.202001081728/tools/bin/../lib/gcc/arm-none-eabi/8.3.1/../../../../arm-none-eabi/lib/thumb/v7e-m+fp/hard\libcr_c.a(_fflush.o)
                0x00003d4c                _fflush
 .text.free     0x00003d9e       0x30 c:/nxp/mcuxpressoide_11.1.1_3241/ide/plugins/com.nxp.mcuxpresso.tools.win32_11.1.0.202001081728/tools/bin/../lib/gcc/arm-none-eabi/8.3.1/../../../../arm-none-eabi/lib/thumb/v7e-m+fp/hard\libcr_c.a(alloc.o)
                0x00003d9e                free
 .text.fputs    0x00003dce       0x2c c:/nxp/mcuxpressoide_11.1.1_3241/ide/plugins/com.nxp.mcuxpresso.tools.win32_11.1.0.202001081728/tools/bin/../lib/gcc/arm-none-eabi/8.3.1/../../../../arm-none-eabi/lib/thumb/v7e-m+fp/hard\libcr_c.a(fputs.o)
                0x00003dce                fputs
 .text.no_fp_display
                0x00003dfa        0x4 c:/nxp/mcuxpressoide_11.1.1_3241/ide/plugins/com.nxp.mcuxpresso.tools.win32_11.1.0.202001081728/tools/bin/../lib/gcc/arm-none-eabi/8.3.1/../../../../arm-none-eabi/lib/thumb/v7e-m+fp/hard\libcr_c.a(printf.o)
 .text.strlen   0x00003dfe       0x4c c:/nxp/mcuxpressoide_11.1.1_3241/ide/plugins/com.nxp.mcuxpresso.tools.win32_11.1.0.202001081728/tools/bin/../lib/gcc/arm-none-eabi/8.3.1/../../../../arm-none-eabi/lib/thumb/v7e-m+fp/hard\libcr_c.a(strlen.o)
                0x00003dfe                strlen
 .text._fdopen  0x00003e4a       0x68 c:/nxp/mcuxpressoide_11.1.1_3241/ide/plugins/com.nxp.mcuxpresso.tools.win32_11.1.0.202001081728/tools/bin/../lib/gcc/arm-none-eabi/8.3.1/../../../../arm-none-eabi/lib/thumb/v7e-m+fp/hard\libcr_c.a(_fdopen.o)
                0x00003e4a                _fdopen
 .text.fclose   0x00003eb2       0x58 c:/nxp/mcuxpressoide_11.1.1_3241/ide/plugins/com.nxp.mcuxpresso.tools.win32_11.1.0.202001081728/tools/bin/../lib/gcc/arm-none-eabi/8.3.1/../../../../arm-none-eabi/lib/thumb/v7e-m+fp/hard\libcr_c.a(fclose.o)
                0x00003eb2                fclose
 .text.remove   0x00003f0a       0x14 c:/nxp/mcuxpressoide_11.1.1_3241/ide/plugins/com.nxp.mcuxpresso.tools.win32_11.1.0.202001081728/tools/bin/../lib/gcc/arm-none-eabi/8.3.1/../../../../arm-none-eabi/lib/thumb/v7e-m+fp/hard\libcr_c.a(remove.o)
                0x00003f0a                remove
 .text._do_fflush
                0x00003f1e       0x40 c:/nxp/mcuxpressoide_11.1.1_3241/ide/plugins/com.nxp.mcuxpresso.tools.win32_11.1.0.202001081728/tools/bin/../lib/gcc/arm-none-eabi/8.3.1/../../../../arm-none-eabi/lib/thumb/v7e-m+fp/hard\libcr_c.a(_do_fflush.o)
                0x00003f1e                _do_fflush
 .text.__aeabi_division_uldivmod
                0x00003f5e      0x174 c:/nxp/mcuxpressoide_11.1.1_3241/ide/plugins/com.nxp.mcuxpresso.tools.win32_11.1.0.202001081728/tools/bin/../lib/gcc/arm-none-eabi/8.3.1/thumb/v7e-m+fp/hard\libcr_eabihelpers.a(division_64.o)
                0x00003f5e                __aeabi_uldivmod
                0x00003f62                __bhs_ldivmod1
 .text.__aeabi_division_idiv0
                0x000040d2        0x2 c:/nxp/mcuxpressoide_11.1.1_3241/ide/plugins/com.nxp.mcuxpresso.tools.win32_11.1.0.202001081728/tools/bin/../lib/gcc/arm-none-eabi/8.3.1/thumb/v7e-m+fp/hard\libcr_eabihelpers.a(division_idiv0.o)
                0x000040d2                __aeabi_idiv0
 .text.__aeabi_memset_lowlevel
                0x000040d4       0x32 c:/nxp/mcuxpressoide_11.1.1_3241/ide/plugins/com.nxp.mcuxpresso.tools.win32_11.1.0.202001081728/tools/bin/../lib/gcc/arm-none-eabi/8.3.1/thumb/v7e-m+fp/hard\libcr_eabihelpers.a(memcpy.o)
                0x000040d4                __aeabi_lowlevel_memset
 .text.__sys_close
                0x00004106        0x6 c:/nxp/mcuxpressoide_11.1.1_3241/ide/plugins/com.nxp.mcuxpresso.tools.win32_11.1.0.202001081728/tools/bin/../lib/gcc/arm-none-eabi/8.3.1/../../../../arm-none-eabi/lib/thumb/v7e-m+fp/hard\libcr_nohost_nf.a(__sys_close.o)
                0x00004106                __sys_close
 .text.__sys_flen
                0x0000410c        0x6 c:/nxp/mcuxpressoide_11.1.1_3241/ide/plugins/com.nxp.mcuxpresso.tools.win32_11.1.0.202001081728/tools/bin/../lib/gcc/arm-none-eabi/8.3.1/../../../../arm-none-eabi/lib/thumb/v7e-m+fp/hard\libcr_nohost_nf.a(__sys_flen.o)
                0x0000410c                __sys_flen
 .text.__sys_istty
                0x00004112        0x6 c:/nxp/mcuxpressoide_11.1.1_3241/ide/plugins/com.nxp.mcuxpresso.tools.win32_11.1.0.202001081728/tools/bin/../lib/gcc/arm-none-eabi/8.3.1/../../../../arm-none-eabi/lib/thumb/v7e-m+fp/hard\libcr_nohost_nf.a(__sys_istty.o)
                0x00004112                __sys_istty
 .text.__sys_remove
                0x00004118        0x6 c:/nxp/mcuxpressoide_11.1.1_3241/ide/plugins/com.nxp.mcuxpresso.tools.win32_11.1.0.202001081728/tools/bin/../lib/gcc/arm-none-eabi/8.3.1/../../../../arm-none-eabi/lib/thumb/v7e-m+fp/hard\libcr_nohost_nf.a(__sys_remove.o)
                0x00004118                __sys_remove
 .text.__sys_seek
                0x0000411e        0x6 c:/nxp/mcuxpressoide_11.1.1_3241/ide/plugins/com.nxp.mcuxpresso.tools.win32_11.1.0.202001081728/tools/bin/../lib/gcc/arm-none-eabi/8.3.1/../../../../arm-none-eabi/lib/thumb/v7e-m+fp/hard\libcr_nohost_nf.a(__sys_seek.o)
                0x0000411e                __sys_seek
 .text.__sys_tmpnam
                0x00004124        0x6 c:/nxp/mcuxpressoide_11.1.1_3241/ide/plugins/com.nxp.mcuxpresso.tools.win32_11.1.0.202001081728/tools/bin/../lib/gcc/arm-none-eabi/8.3.1/../../../../arm-none-eabi/lib/thumb/v7e-m+fp/hard\libcr_nohost_nf.a(__sys_tmpnam.o)
                0x00004124                __sys_tmpnam
 *(SORT_BY_ALIGNMENT(.rodata) SORT_BY_ALIGNMENT(.rodata.*) SORT_BY_ALIGNMENT(.constdata) SORT_BY_ALIGNMENT(.constdata.*))
 *fill*         0x0000412a        0x2 ff
 .rodata.DbgConsole_SendDataReliable.str1.4
                0x0000412c       0x4d ./utilities/fsl_debug_console.o
 *fill*         0x00004179        0x3 ff
 .rodata.DbgConsole_Init.str1.4
                0x0000417c       0xcb ./utilities/fsl_debug_console.o
 *fill*         0x00004247        0x1 ff
 .rodata.main.str1.4
                0x00004248       0x2a ./source/Tutorial_2.o
 *fill*         0x00004272        0x2 ff
 .rodata.wdtFreqLookup
                0x00004274       0x20 ./drivers/fsl_clock.o
 .rodata.CLOCK_GetCoreSysClkFreq.str1.4
                0x00004294       0x19 ./drivers/fsl_clock.o
 *fill*         0x000042ad        0x3 ff
 .rodata.CLOCK_GetFlexCommClkFreq.str1.4
                0x000042b0       0x19 ./drivers/fsl_clock.o
 *fill*         0x000042c9        0x3 ff
 .rodata.CLOCK_GetFRGInputClock.str1.4
                0x000042cc       0x19 ./drivers/fsl_clock.o
 *fill*         0x000042e5        0x3 ff
 .rodata.DMA_ChannelIsActive.str1.4
                0x000042e8       0x4f ./drivers/fsl_dma.o
 *fill*         0x00004337        0x1 ff
 .rodata.DMA_EnableChannelInterrupts.str1.4
                0x00004338       0x4f ./drivers/fsl_dma.o
 *fill*         0x00004387        0x1 ff
 .rodata.DMA_EnableChannel.str1.4
                0x00004388       0x4f ./drivers/fsl_dma.o
 *fill*         0x000043d7        0x1 ff
 .rodata.DMA_EnableChannelPeriphRq.str1.4
                0x000043d8       0x4f ./drivers/fsl_dma.o
 *fill*         0x00004427        0x1 ff
 .rodata.DMA_DisableChannelPeriphRq.str1.4
                0x00004428       0x4f ./drivers/fsl_dma.o
 *fill*         0x00004477        0x1 ff
 .rodata.DMA_GetInstance.str1.4
                0x00004478       0x32 ./drivers/fsl_dma.o
 *fill*         0x000044aa        0x2 ff
 .rodata.DMA_SetupXferCFG.str1.4
                0x000044ac      0x13a ./drivers/fsl_dma.o
 *fill*         0x000045e6        0x2 ff
 .rodata.DMA_SetupDescriptor.str1.4
                0x000045e8       0x7a ./drivers/fsl_dma.o
 *fill*         0x00004662        0x2 ff
 .rodata.DMA_CreateDescriptor.str1.4
                0x00004664      0x144 ./drivers/fsl_dma.o
 .rodata.DMA_CreateHandle.str1.4
                0x000047a8       0x65 ./drivers/fsl_dma.o
 *fill*         0x0000480d        0x3 ff
 .rodata.DMA_SetCallback.str1.4
                0x00004810       0x20 ./drivers/fsl_dma.o
 .rodata.DMA_PrepareTransfer.str1.4
                0x00004830      0x176 ./drivers/fsl_dma.o
 *fill*         0x000049a6        0x2 ff
 .rodata.DMA_SubmitTransfer.str1.4
                0x000049a8       0x97 ./drivers/fsl_dma.o
 *fill*         0x00004a3f        0x1 ff
 .rodata.DMA_StartTransfer.str1.4
                0x00004a40       0x77 ./drivers/fsl_dma.o
 *fill*         0x00004ab7        0x1 ff
 .rodata.s_flexcommBaseAddrs
                0x00004ab8       0x20 ./drivers/fsl_flexcomm.o
 .rodata.s_flexcommClocks
                0x00004ad8       0x10 ./drivers/fsl_flexcomm.o
 .rodata.s_flexcommResets
                0x00004ae8       0x20 ./drivers/fsl_flexcomm.o
 .rodata.FLEXCOMM_GetInstance.str1.4
                0x00004b08       0x39 ./drivers/fsl_flexcomm.o
 *fill*         0x00004b41        0x3 ff
 .rodata.FLEXCOMM0_DriverIRQHandler.str1.4
                0x00004b44       0x2e ./drivers/fsl_flexcomm.o
 *fill*         0x00004b72        0x2 ff
 .rodata.FLEXCOMM1_DriverIRQHandler.str1.4
                0x00004b74       0x2e ./drivers/fsl_flexcomm.o
 *fill*         0x00004ba2        0x2 ff
 .rodata.FLEXCOMM2_DriverIRQHandler.str1.4
                0x00004ba4       0x2e ./drivers/fsl_flexcomm.o
 *fill*         0x00004bd2        0x2 ff
 .rodata.FLEXCOMM3_DriverIRQHandler.str1.4
                0x00004bd4       0x2e ./drivers/fsl_flexcomm.o
 *fill*         0x00004c02        0x2 ff
 .rodata.FLEXCOMM4_DriverIRQHandler.str1.4
                0x00004c04       0x2e ./drivers/fsl_flexcomm.o
 *fill*         0x00004c32        0x2 ff
 .rodata.FLEXCOMM5_DriverIRQHandler.str1.4
                0x00004c34       0x2e ./drivers/fsl_flexcomm.o
 *fill*         0x00004c62        0x2 ff
 .rodata.FLEXCOMM6_DriverIRQHandler.str1.4
                0x00004c64       0x2e ./drivers/fsl_flexcomm.o
 *fill*         0x00004c92        0x2 ff
 .rodata.FLEXCOMM7_DriverIRQHandler.str1.4
                0x00004c94       0x2e ./drivers/fsl_flexcomm.o
 *fill*         0x00004cc2        0x2 ff
 .rodata.RESET_SetPeripheralReset.str1.4
                0x00004cc4       0x20 ./drivers/fsl_reset.o
 .rodata.RESET_ClearPeripheralReset.str1.4
                0x00004ce4       0x20 ./drivers/fsl_reset.o
 .rodata.s_usartBaseAddrs
                0x00004d04       0x20 ./drivers/fsl_usart.o
 .rodata.USART_GetInstance.str1.4
                0x00004d24       0x32 ./drivers/fsl_usart.o
 *fill*         0x00004d56        0x2 ff
 .rodata.USART_Init.str1.4
                0x00004d58       0x50 ./drivers/fsl_usart.o
 .rodata.USART_GetDefaultConfig.str1.4
                0x00004da8       0x22 ./drivers/fsl_usart.o
 *fill*         0x00004dca        0x2 ff
 .rodata.USART_SetBaudRate.str1.4
                0x00004dcc       0x52 ./drivers/fsl_usart.o
 *fill*         0x00004e1e        0x2 ff
 .rodata.USART_WriteBlocking.str1.4
                0x00004e20       0x37 ./drivers/fsl_usart.o
 *fill*         0x00004e57        0x1 ff
 .rodata.USART_TransferSendDMACallback.str1.4
                0x00004e58       0x3c ./drivers/fsl_usart_dma.o
 .rodata.USART_TransferReceiveDMACallback.str1.4
                0x00004e94       0x3c ./drivers/fsl_usart_dma.o
 .rodata.USART_TransferCreateHandleDMA.str1.4
                0x00004ed0       0x51 ./drivers/fsl_usart_dma.o
 *fill*         0x00004f21        0x3 ff
 .rodata.USART_TransferSendDMA.str1.4
                0x00004f24       0xb2 ./drivers/fsl_usart_dma.o
 *fill*         0x00004fd6        0x2 ff
 .rodata.s_UsartAdapterBase
                0x00004fd8       0x20 ./component/uart/usart_adapter.o
 .rodata.HAL_UartInit.str1.4
                0x00004ff8       0xdc ./component/uart/usart_adapter.o
 .rodata.HAL_UartSendBlocking.str1.4
                0x000050d4       0x5a ./component/uart/usart_adapter.o
 *fill*         0x0000512e        0x2 ff
 .rodata.SerialManager_Write.str1.4
                0x00005130       0x83 ./component/serial_manager/serial_manager.o
 *fill*         0x000051b3        0x1 ff
 .rodata.SerialManager_Init.str1.4
                0x000051b4       0x45 ./component/serial_manager/serial_manager.o
 *fill*         0x000051f9        0x3 ff
 .rodata.SerialManager_OpenWriteHandle.str1.4
                0x000051fc       0x4d ./component/serial_manager/serial_manager.o
 *fill*         0x00005249        0x3 ff
 .rodata.SerialManager_OpenReadHandle.str1.4
                0x0000524c       0x4c ./component/serial_manager/serial_manager.o
 .rodata.Serial_UartInit.str1.4
                0x00005298       0x4f ./component/serial_manager/serial_port_uart.o
 *fill*         0x000052e7        0x1 ff
 .rodata.Serial_UartWrite.str1.4
                0x000052e8       0x6d ./component/serial_manager/serial_port_uart.o
 *fill*         0x00005355        0x3 ff
 .rodata.BOARD_InitDebugConsole.str1.4
                0x00005358       0x28 ./board/board.o
 .rodata.DMA_EnableChannel.str1.4
                0x00005380       0x90 ./board/peripherals.o
                                 0x8e (size before relaxing)
 .rodata.FLEXCOMM0_config
                0x00005410       0x10 ./board/peripherals.o
                0x00005410                FLEXCOMM0_config
 .rodata.__num_Ciob_streams
                0x00005420        0x4 c:/nxp/mcuxpressoide_11.1.1_3241/ide/plugins/com.nxp.mcuxpresso.tools.win32_11.1.0.202001081728/tools/bin/../lib/gcc/arm-none-eabi/8.3.1/../../../../arm-none-eabi/lib/thumb/v7e-m+fp/hard\libcr_nohost_nf.a(__ciob.o)
                0x00005420                __num_Ciob_streams
 .rodata.__assertion_failed.str1.1
                0x00005424       0x15 c:/nxp/mcuxpressoide_11.1.1_3241/ide/plugins/com.nxp.mcuxpresso.tools.win32_11.1.0.202001081728/tools/bin/../lib/gcc/arm-none-eabi/8.3.1/../../../../arm-none-eabi/lib/thumb/v7e-m+fp/hard\libcr_nohost_nf.a(_cr_assert.o)
 .rodata._Csys_alloc.str1.1
                0x00005439       0x18 c:/nxp/mcuxpressoide_11.1.1_3241/ide/plugins/com.nxp.mcuxpresso.tools.win32_11.1.0.202001081728/tools/bin/../lib/gcc/arm-none-eabi/8.3.1/../../../../arm-none-eabi/lib/thumb/v7e-m+fp/hard\libcr_c.a(alloc.o)
 .rodata._initio.str1.1
                0x00005451        0x4 c:/nxp/mcuxpressoide_11.1.1_3241/ide/plugins/com.nxp.mcuxpresso.tools.win32_11.1.0.202001081728/tools/bin/../lib/gcc/arm-none-eabi/8.3.1/../../../../arm-none-eabi/lib/thumb/v7e-m+fp/hard\libcr_c.a(initio.o)
 .rodata.__vfprintf.str1.1
                0x00005455       0x35 c:/nxp/mcuxpressoide_11.1.1_3241/ide/plugins/com.nxp.mcuxpresso.tools.win32_11.1.0.202001081728/tools/bin/../lib/gcc/arm-none-eabi/8.3.1/../../../../arm-none-eabi/lib/thumb/v7e-m+fp/hard\libcr_c.a(printf.o)
                                 0x38 (size before relaxing)
                0x0000548c                . = ALIGN (0x4)
 *fill*         0x0000548a        0x2 ff

.glue_7         0x0000548c        0x0
 .glue_7        0x0000548c        0x0 linker stubs

.glue_7t        0x0000548c        0x0
 .glue_7t       0x0000548c        0x0 linker stubs

.vfp11_veneer   0x0000548c        0x0
 .vfp11_veneer  0x0000548c        0x0 linker stubs

.v4_bx          0x0000548c        0x0
 .v4_bx         0x0000548c        0x0 linker stubs

.iplt           0x0000548c        0x0
 .iplt          0x0000548c        0x0 ./utilities/fsl_debug_console.o

.rel.dyn        0x0000548c        0x0
 .rel.iplt      0x0000548c        0x0 ./utilities/fsl_debug_console.o

.ARM.extab
 *(SORT_BY_ALIGNMENT(.ARM.extab*) SORT_BY_ALIGNMENT(.gnu.linkonce.armextab.*))

.ARM.exidx      0x0000548c        0x0
                0x0000548c                __exidx_start = .
 *(SORT_BY_ALIGNMENT(.ARM.exidx*) SORT_BY_ALIGNMENT(.gnu.linkonce.armexidx.*))
                0x0000548c                __exidx_end = .
                0x0000548c                _etext = .

.data_RAM2      0x20000000        0x0 load address 0x0000548c
 FILL mask 0xff
                [!provide]                PROVIDE (__start_data_RAM2 = .)
                [!provide]                PROVIDE (__start_data_SRAM0 = .)
 *(SORT_BY_ALIGNMENT(.ramfunc.$RAM2))
 *(SORT_BY_ALIGNMENT(.ramfunc.$SRAM0))
 *(SORT_BY_ALIGNMENT(.data.$RAM2))
 *(SORT_BY_ALIGNMENT(.data.$SRAM0))
 *(SORT_BY_ALIGNMENT(.data.$RAM2.*))
 *(SORT_BY_ALIGNMENT(.data.$SRAM0.*))
                0x20000000                . = ALIGN (0x4)
                [!provide]                PROVIDE (__end_data_RAM2 = .)
                [!provide]                PROVIDE (__end_data_SRAM0 = .)

.data_RAM3      0x04000000        0x0 load address 0x0000548c
 FILL mask 0xff
                [!provide]                PROVIDE (__start_data_RAM3 = .)
                [!provide]                PROVIDE (__start_data_SRAMX = .)
 *(SORT_BY_ALIGNMENT(.ramfunc.$RAM3))
 *(SORT_BY_ALIGNMENT(.ramfunc.$SRAMX))
 *(SORT_BY_ALIGNMENT(.data.$RAM3))
 *(SORT_BY_ALIGNMENT(.data.$SRAMX))
 *(SORT_BY_ALIGNMENT(.data.$RAM3.*))
 *(SORT_BY_ALIGNMENT(.data.$SRAMX.*))
                0x04000000                . = ALIGN (0x4)
                [!provide]                PROVIDE (__end_data_RAM3 = .)
                [!provide]                PROVIDE (__end_data_SRAMX = .)

.data_RAM4      0x20020000        0x0 load address 0x0000548c
 FILL mask 0xff
                [!provide]                PROVIDE (__start_data_RAM4 = .)
                [!provide]                PROVIDE (__start_data_SRAM2 = .)
 *(SORT_BY_ALIGNMENT(.ramfunc.$RAM4))
 *(SORT_BY_ALIGNMENT(.ramfunc.$SRAM2))
 *(SORT_BY_ALIGNMENT(.data.$RAM4))
 *(SORT_BY_ALIGNMENT(.data.$SRAM2))
 *(SORT_BY_ALIGNMENT(.data.$RAM4.*))
 *(SORT_BY_ALIGNMENT(.data.$SRAM2.*))
                0x20020000                . = ALIGN (0x4)
                [!provide]                PROVIDE (__end_data_RAM4 = .)
                [!provide]                PROVIDE (__end_data_SRAM2 = .)

.uninit_RESERVED
                0x20010000        0x0
                0x20010000                _start_uninit_RESERVED = .
 *(SORT_BY_ALIGNMENT(.bss.$RESERVED*))
                0x20010000                . = ALIGN (0x4)
                0x20010000                _end_uninit_RESERVED = .

.data           0x20010000      0x408 load address 0x0000548c
 FILL mask 0xff
                0x20010000                _data = .
                [!provide]                PROVIDE (__start_data_RAM = .)
                [!provide]                PROVIDE (__start_data_SRAM1 = .)
 *(SORT_BY_ALIGNMENT(vtable))
 *(SORT_BY_ALIGNMENT(.ramfunc*))
 *(SORT_BY_ALIGNMENT(CodeQuickAccess))
 *(SORT_BY_ALIGNMENT(DataQuickAccess))
 *(SORT_BY_ALIGNMENT(RamFunction))
 *(SORT_BY_ALIGNMENT(.data*))
 .data.StartAddress
                0x20010000      0x400 ./source/Tutorial_2.o
                0x20010000                StartAddress
 .data.s_dma_descriptor_table
                0x20010400        0x4 ./drivers/fsl_dma.o
 .data.SystemCoreClock
                0x20010404        0x4 ./device/system_LPC54114_cm4.o
                0x20010404                SystemCoreClock
                0x20010408                . = ALIGN (0x4)
                0x20010408                _edata = .
                [!provide]                PROVIDE (__end_data_RAM = .)
                [!provide]                PROVIDE (__end_data_SRAM1 = .)

.igot.plt       0x20010408        0x0 load address 0x00005894
 .igot.plt      0x20010408        0x0 ./utilities/fsl_debug_console.o

.bss_RAM2       0x20000000        0x0
                [!provide]                PROVIDE (__start_bss_RAM2 = .)
                [!provide]                PROVIDE (__start_bss_SRAM0 = .)
 *(SORT_BY_ALIGNMENT(.bss.$RAM2))
 *(SORT_BY_ALIGNMENT(.bss.$SRAM0))
 *(SORT_BY_ALIGNMENT(.bss.$RAM2.*))
 *(SORT_BY_ALIGNMENT(.bss.$SRAM0.*))
                0x20000000                . = ALIGN ((. != 0x0)?0x4:0x1)
                [!provide]                PROVIDE (__end_bss_RAM2 = .)
                [!provide]                PROVIDE (__end_bss_SRAM0 = .)

.bss_RAM3       0x04000000        0x0
                [!provide]                PROVIDE (__start_bss_RAM3 = .)
                [!provide]                PROVIDE (__start_bss_SRAMX = .)
 *(SORT_BY_ALIGNMENT(.bss.$RAM3))
 *(SORT_BY_ALIGNMENT(.bss.$SRAMX))
 *(SORT_BY_ALIGNMENT(.bss.$RAM3.*))
 *(SORT_BY_ALIGNMENT(.bss.$SRAMX.*))
                0x04000000                . = ALIGN ((. != 0x0)?0x4:0x1)
                [!provide]                PROVIDE (__end_bss_RAM3 = .)
                [!provide]                PROVIDE (__end_bss_SRAMX = .)

.bss_RAM4       0x20020000        0x0
                [!provide]                PROVIDE (__start_bss_RAM4 = .)
                [!provide]                PROVIDE (__start_bss_SRAM2 = .)
 *(SORT_BY_ALIGNMENT(.bss.$RAM4))
 *(SORT_BY_ALIGNMENT(.bss.$SRAM2))
 *(SORT_BY_ALIGNMENT(.bss.$RAM4.*))
 *(SORT_BY_ALIGNMENT(.bss.$SRAM2.*))
                0x20020000                . = ALIGN ((. != 0x0)?0x4:0x1)
                [!provide]                PROVIDE (__end_bss_RAM4 = .)
                [!provide]                PROVIDE (__end_bss_SRAM2 = .)

.bss            0x20010600      0x33c
                0x20010600                _bss = .
                [!provide]                PROVIDE (__start_bss_RAM = .)
                [!provide]                PROVIDE (__start_bss_SRAM1 = .)
 *(SORT_BY_ALIGNMENT(.bss*))
 .bss.s_dma_descriptor_table0
                0x20010600      0x140 ./drivers/fsl_dma.o
                0x20010600                s_dma_descriptor_table0
 .bss.s_debugConsoleState
                0x20010740       0x1c ./utilities/fsl_debug_console.o
 .bss.g_serialHandle
                0x2001075c        0x4 ./utilities/fsl_debug_console.o
                0x2001075c                g_serialHandle
 .bss.__SWVtrace_Enabled
                0x20010760        0x4 ./startup/startup_lpc5411x.o
                0x20010760                __SWVtrace_Enabled
 .bss.xmit      0x20010764        0x8 ./source/Tutorial_2.o
                0x20010764                xmit
 .bss.i.8222    0x2001076c        0x4 ./source/Tutorial_2.o
 .bss.s_Pll_Freq
                0x20010770        0x4 ./drivers/fsl_clock.o
 .bss.s_I2S_Mclk_Freq
                0x20010774        0x4 ./drivers/fsl_clock.o
 .bss.s_DMAHandle
                0x20010778       0x50 ./drivers/fsl_dma.o
 .bss.s_flexcommIrqHandler
                0x200107c8       0x20 ./drivers/fsl_flexcomm.o
 .bss.s_flexcommHandle
                0x200107e8       0x20 ./drivers/fsl_flexcomm.o
 .bss.s_dmaPrivateHandle
                0x20010808       0x40 ./drivers/fsl_usart_dma.o
 .bss.FLEXCOMM0_TX_Handle
                0x20010848       0x10 ./board/peripherals.o
                0x20010848                FLEXCOMM0_TX_Handle
 .bss.FLEXCOMM0_USART_DMA_Handle
                0x20010858       0x20 ./board/peripherals.o
                0x20010858                FLEXCOMM0_USART_DMA_Handle
 .bss.__Ciob    0x20010878       0xb4 c:/nxp/mcuxpressoide_11.1.1_3241/ide/plugins/com.nxp.mcuxpresso.tools.win32_11.1.0.202001081728/tools/bin/../lib/gcc/arm-none-eabi/8.3.1/../../../../arm-none-eabi/lib/thumb/v7e-m+fp/hard\libcr_nohost_nf.a(__ciob.o)
                0x20010878                __Ciob
 .bss.__end_of_heap
                0x2001092c        0x4 c:/nxp/mcuxpressoide_11.1.1_3241/ide/plugins/com.nxp.mcuxpresso.tools.win32_11.1.0.202001081728/tools/bin/../lib/gcc/arm-none-eabi/8.3.1/../../../../arm-none-eabi/lib/thumb/v7e-m+fp/hard\libcr_c.a(__init_alloc.o)
                0x2001092c                __end_of_heap
 .bss.__heaps   0x20010930        0x4 c:/nxp/mcuxpressoide_11.1.1_3241/ide/plugins/com.nxp.mcuxpresso.tools.win32_11.1.0.202001081728/tools/bin/../lib/gcc/arm-none-eabi/8.3.1/../../../../arm-none-eabi/lib/thumb/v7e-m+fp/hard\libcr_c.a(__init_alloc.o)
                0x20010930                __heaps
 .bss.errno     0x20010934        0x4 c:/nxp/mcuxpressoide_11.1.1_3241/ide/plugins/com.nxp.mcuxpresso.tools.win32_11.1.0.202001081728/tools/bin/../lib/gcc/arm-none-eabi/8.3.1/../../../../arm-none-eabi/lib/thumb/v7e-m+fp/hard\libcr_c.a(errno.o)
                0x20010934                errno
 .bss.txOnGoing
                0x20010938        0x1 ./source/Tutorial_2.o
                0x20010938                txOnGoing
 .bss.rxOnGoing
                0x20010939        0x1 ./source/Tutorial_2.o
                0x20010939                rxOnGoing
 *(SORT_BY_ALIGNMENT(COMMON))
                0x2001093c                . = ALIGN (0x4)
 *fill*         0x2001093a        0x2 
                0x2001093c                _ebss = .
                [!provide]                PROVIDE (__end_bss_RAM = .)
                [!provide]                PROVIDE (__end_bss_SRAM1 = .)
                [!provide]                PROVIDE (end = .)

.noinit_RAM2    0x20000000        0x0
                [!provide]                PROVIDE (__start_noinit_RAM2 = .)
                [!provide]                PROVIDE (__start_noinit_SRAM0 = .)
 *(SORT_BY_ALIGNMENT(.noinit.$RAM2))
 *(SORT_BY_ALIGNMENT(.noinit.$SRAM0))
 *(SORT_BY_ALIGNMENT(.noinit.$RAM2.*))
 *(SORT_BY_ALIGNMENT(.noinit.$SRAM0.*))
                0x20000000                . = ALIGN (0x4)
                [!provide]                PROVIDE (__end_noinit_RAM2 = .)
                [!provide]                PROVIDE (__end_noinit_SRAM0 = .)

.noinit_RAM3    0x04000000        0x0
                [!provide]                PROVIDE (__start_noinit_RAM3 = .)
                [!provide]                PROVIDE (__start_noinit_SRAMX = .)
 *(SORT_BY_ALIGNMENT(.noinit.$RAM3))
 *(SORT_BY_ALIGNMENT(.noinit.$SRAMX))
 *(SORT_BY_ALIGNMENT(.noinit.$RAM3.*))
 *(SORT_BY_ALIGNMENT(.noinit.$SRAMX.*))
                0x04000000                . = ALIGN (0x4)
                [!provide]                PROVIDE (__end_noinit_RAM3 = .)
                [!provide]                PROVIDE (__end_noinit_SRAMX = .)

.noinit_RAM4    0x20020000        0x0
                [!provide]                PROVIDE (__start_noinit_RAM4 = .)
                [!provide]                PROVIDE (__start_noinit_SRAM2 = .)
 *(SORT_BY_ALIGNMENT(.noinit.$RAM4))
 *(SORT_BY_ALIGNMENT(.noinit.$SRAM2))
 *(SORT_BY_ALIGNMENT(.noinit.$RAM4.*))
 *(SORT_BY_ALIGNMENT(.noinit.$SRAM2.*))
                0x20020000                . = ALIGN (0x4)
                [!provide]                PROVIDE (__end_noinit_RAM4 = .)
                [!provide]                PROVIDE (__end_noinit_SRAM2 = .)

.noinit         0x2001093c        0x0
                0x2001093c                _noinit = .
                [!provide]                PROVIDE (__start_noinit_RAM = .)
                [!provide]                PROVIDE (__start_noinit_SRAM1 = .)
 *(SORT_BY_ALIGNMENT(.noinit*))
                0x2001093c                . = ALIGN (0x4)
                0x2001093c                _end_noinit = .
                [!provide]                PROVIDE (__end_noinit_RAM = .)
                [!provide]                PROVIDE (__end_noinit_SRAM1 = .)
                0x00001000                _HeapSize = 0x1000

.heap           0x2001093c     0x1000
                0x2001093c                _pvHeapStart = .
                0x2001193c                . = (. + _HeapSize)
 *fill*         0x2001093c     0x1000 
                0x2001193c                . = ALIGN (0x4)
                0x2001193c                _pvHeapLimit = .
                0x00001000                _StackSize = 0x1000

.heap2stackfill
                0x2001193c     0x1000
                0x2001293c                . = (. + _StackSize)
 *fill*         0x2001193c     0x1000 

.stack          0x2001f000        0x0
                0x2001f000                _vStackBase = .
                0x2001f000                . = ALIGN (0x4)
                0x20020000                _vStackTop = (. + _StackSize)
                0xdffdc004                PROVIDE (__valid_user_code_checksum = (0x0 - ((((((_vStackTop + (ResetISR + 0x1)) + (NMI_Handler + 0x1)) + (HardFault_Handler + 0x1)) + (DEFINED (MemManage_Handler)?MemManage_Handler:0x0 + 0x1)) + (DEFINED (BusFault_Handler)?BusFault_Handler:0x0 + 0x1)) + (DEFINED (UsageFault_Handler)?UsageFault_Handler:0x0 + 0x1))))
                0x00000000                _image_start = LOADADDR (.text)
                0x00005894                _image_end = (LOADADDR (.data) + SIZEOF (.data))
                0x00005894                _image_size = (_image_end - _image_start)
OUTPUT(Tutorial_2.axf elf32-littlearm)

.debug_info     0x00000000    0x12423
 .debug_info    0x00000000      0x9ef ./utilities/fsl_debug_console.o
 .debug_info    0x000009ef      0x5d4 ./startup/startup_lpc5411x.o
 .debug_info    0x00000fc3      0xeb3 ./source/Tutorial_2.o
 .debug_info    0x00001e76       0x3c ./source/semihost_hardfault.o
 .debug_info    0x00001eb2     0x257a ./drivers/fsl_clock.o
 .debug_info    0x0000442c     0x2545 ./drivers/fsl_dma.o
 .debug_info    0x00006971     0x15cd ./drivers/fsl_flexcomm.o
 .debug_info    0x00007f3e      0xbf3 ./drivers/fsl_reset.o
 .debug_info    0x00008b31     0x15d5 ./drivers/fsl_usart.o
 .debug_info    0x0000a106     0x1072 ./drivers/fsl_usart_dma.o
 .debug_info    0x0000b178      0xd68 ./device/system_LPC54114_cm4.o
 .debug_info    0x0000bee0      0xcd8 ./component/uart/usart_adapter.o
 .debug_info    0x0000cbb8      0x8d9 ./component/serial_manager/serial_manager.o
 .debug_info    0x0000d491      0x55e ./component/serial_manager/serial_port_uart.o
 .debug_info    0x0000d9ef      0x963 ./board/board.o
 .debug_info    0x0000e352      0xd26 ./board/clock_config.o
 .debug_info    0x0000f078      0xd6f ./board/peripherals.o
 .debug_info    0x0000fde7      0xf58 ./board/pin_mux.o
 .debug_info    0x00010d3f     0x16e4 D:\HDD Files\MCUXpresso\LPC54114\Tutorial WS\Tutorial_2\libs\libpower_cm4_hardabi.a(fsl_power_lib.o)

.debug_abbrev   0x00000000     0x29b2
 .debug_abbrev  0x00000000      0x1cb ./utilities/fsl_debug_console.o
 .debug_abbrev  0x000001cb      0x174 ./startup/startup_lpc5411x.o
 .debug_abbrev  0x0000033f      0x202 ./source/Tutorial_2.o
 .debug_abbrev  0x00000541       0x31 ./source/semihost_hardfault.o
 .debug_abbrev  0x00000572      0x3b7 ./drivers/fsl_clock.o
 .debug_abbrev  0x00000929      0x379 ./drivers/fsl_dma.o
 .debug_abbrev  0x00000ca2      0x2fa ./drivers/fsl_flexcomm.o
 .debug_abbrev  0x00000f9c      0x1b5 ./drivers/fsl_reset.o
 .debug_abbrev  0x00001151      0x38d ./drivers/fsl_usart.o
 .debug_abbrev  0x000014de      0x264 ./drivers/fsl_usart_dma.o
 .debug_abbrev  0x00001742      0x216 ./device/system_LPC54114_cm4.o
 .debug_abbrev  0x00001958      0x1f7 ./component/uart/usart_adapter.o
 .debug_abbrev  0x00001b4f      0x240 ./component/serial_manager/serial_manager.o
 .debug_abbrev  0x00001d8f      0x160 ./component/serial_manager/serial_port_uart.o
 .debug_abbrev  0x00001eef      0x17f ./board/board.o
 .debug_abbrev  0x0000206e      0x18b ./board/clock_config.o
 .debug_abbrev  0x000021f9      0x1ee ./board/peripherals.o
 .debug_abbrev  0x000023e7      0x254 ./board/pin_mux.o
 .debug_abbrev  0x0000263b      0x377 D:\HDD Files\MCUXpresso\LPC54114\Tutorial WS\Tutorial_2\libs\libpower_cm4_hardabi.a(fsl_power_lib.o)

.debug_aranges  0x00000000      0xa78
 .debug_aranges
                0x00000000       0x60 ./utilities/fsl_debug_console.o
 .debug_aranges
                0x00000060      0x1c0 ./startup/startup_lpc5411x.o
 .debug_aranges
                0x00000220       0x28 ./source/Tutorial_2.o
 .debug_aranges
                0x00000248       0x20 ./source/semihost_hardfault.o
 .debug_aranges
                0x00000268      0x1b8 ./drivers/fsl_clock.o
 .debug_aranges
                0x00000420      0x130 ./drivers/fsl_dma.o
 .debug_aranges
                0x00000550       0x88 ./drivers/fsl_flexcomm.o
 .debug_aranges
                0x000005d8       0x48 ./drivers/fsl_reset.o
 .debug_aranges
                0x00000620       0xe0 ./drivers/fsl_usart.o
 .debug_aranges
                0x00000700       0x68 ./drivers/fsl_usart_dma.o
 .debug_aranges
                0x00000768       0x68 ./device/system_LPC54114_cm4.o
 .debug_aranges
                0x000007d0       0x50 ./component/uart/usart_adapter.o
 .debug_aranges
                0x00000820       0x98 ./component/serial_manager/serial_manager.o
 .debug_aranges
                0x000008b8       0x48 ./component/serial_manager/serial_port_uart.o
 .debug_aranges
                0x00000900       0x28 ./board/board.o
 .debug_aranges
                0x00000928       0x40 ./board/clock_config.o
 .debug_aranges
                0x00000968       0x40 ./board/peripherals.o
 .debug_aranges
                0x000009a8       0x78 ./board/pin_mux.o
 .debug_aranges
                0x00000a20       0x58 D:\HDD Files\MCUXpresso\LPC54114\Tutorial WS\Tutorial_2\libs\libpower_cm4_hardabi.a(fsl_power_lib.o)

.debug_ranges   0x00000000      0xa20
 .debug_ranges  0x00000000       0x50 ./utilities/fsl_debug_console.o
 .debug_ranges  0x00000050      0x1b0 ./startup/startup_lpc5411x.o
 .debug_ranges  0x00000200       0x18 ./source/Tutorial_2.o
 .debug_ranges  0x00000218       0x10 ./source/semihost_hardfault.o
 .debug_ranges  0x00000228      0x1a8 ./drivers/fsl_clock.o
 .debug_ranges  0x000003d0      0x120 ./drivers/fsl_dma.o
 .debug_ranges  0x000004f0       0x78 ./drivers/fsl_flexcomm.o
 .debug_ranges  0x00000568       0x38 ./drivers/fsl_reset.o
 .debug_ranges  0x000005a0       0xd0 ./drivers/fsl_usart.o
 .debug_ranges  0x00000670       0x58 ./drivers/fsl_usart_dma.o
 .debug_ranges  0x000006c8       0x58 ./device/system_LPC54114_cm4.o
 .debug_ranges  0x00000720       0x40 ./component/uart/usart_adapter.o
 .debug_ranges  0x00000760       0x88 ./component/serial_manager/serial_manager.o
 .debug_ranges  0x000007e8       0x38 ./component/serial_manager/serial_port_uart.o
 .debug_ranges  0x00000820       0x18 ./board/board.o
 .debug_ranges  0x00000838       0x30 ./board/clock_config.o
 .debug_ranges  0x00000868       0x30 ./board/peripherals.o
 .debug_ranges  0x00000898       0x68 ./board/pin_mux.o
 .debug_ranges  0x00000900      0x120 D:\HDD Files\MCUXpresso\LPC54114\Tutorial WS\Tutorial_2\libs\libpower_cm4_hardabi.a(fsl_power_lib.o)

.debug_macro    0x00000000     0xb3cf
 .debug_macro   0x00000000      0x1cc ./utilities/fsl_debug_console.o
 .debug_macro   0x000001cc      0xaea ./utilities/fsl_debug_console.o
 .debug_macro   0x00000cb6       0x10 ./utilities/fsl_debug_console.o
 .debug_macro   0x00000cc6       0x16 ./utilities/fsl_debug_console.o
 .debug_macro   0x00000cdc       0x10 ./utilities/fsl_debug_console.o
 .debug_macro   0x00000cec      0x12e ./utilities/fsl_debug_console.o
 .debug_macro   0x00000e1a       0x28 ./utilities/fsl_debug_console.o
 .debug_macro   0x00000e42       0x56 ./utilities/fsl_debug_console.o
 .debug_macro   0x00000e98       0x16 ./utilities/fsl_debug_console.o
 .debug_macro   0x00000eae       0x22 ./utilities/fsl_debug_console.o
 .debug_macro   0x00000ed0      0x5b3 ./utilities/fsl_debug_console.o
 .debug_macro   0x00001483       0x10 ./utilities/fsl_debug_console.o
 .debug_macro   0x00001493       0x38 ./utilities/fsl_debug_console.o
 .debug_macro   0x000014cb       0x1c ./utilities/fsl_debug_console.o
 .debug_macro   0x000014e7       0x22 ./utilities/fsl_debug_console.o
 .debug_macro   0x00001509       0xd8 ./utilities/fsl_debug_console.o
 .debug_macro   0x000015e1     0x1011 ./utilities/fsl_debug_console.o
 .debug_macro   0x000025f2      0x11f ./utilities/fsl_debug_console.o
 .debug_macro   0x00002711       0x2e ./utilities/fsl_debug_console.o
 .debug_macro   0x0000273f     0x68c5 ./utilities/fsl_debug_console.o
 .debug_macro   0x00009004      0x246 ./utilities/fsl_debug_console.o
 .debug_macro   0x0000924a       0xd0 ./utilities/fsl_debug_console.o
 .debug_macro   0x0000931a      0x1f7 ./utilities/fsl_debug_console.o
 .debug_macro   0x00009511       0x73 ./utilities/fsl_debug_console.o
 .debug_macro   0x00009584       0x2e ./utilities/fsl_debug_console.o
 .debug_macro   0x000095b2       0x28 ./utilities/fsl_debug_console.o
 .debug_macro   0x000095da       0x32 ./utilities/fsl_debug_console.o
 .debug_macro   0x0000960c       0x1c ./utilities/fsl_debug_console.o
 .debug_macro   0x00009628       0xd2 ./utilities/fsl_debug_console.o
 .debug_macro   0x000096fa       0x1c ./utilities/fsl_debug_console.o
 .debug_macro   0x00009716       0x32 ./startup/startup_lpc5411x.o
 .debug_macro   0x00009748       0x34 ./startup/startup_lpc5411x.o
 .debug_macro   0x0000977c      0x1da ./source/Tutorial_2.o
 .debug_macro   0x00009956       0xd8 ./source/Tutorial_2.o
 .debug_macro   0x00009a2e       0x22 ./source/Tutorial_2.o
 .debug_macro   0x00009a50       0x22 ./source/Tutorial_2.o
 .debug_macro   0x00009a72       0x10 ./source/Tutorial_2.o
 .debug_macro   0x00009a82      0x1c2 ./source/Tutorial_2.o
 .debug_macro   0x00009c44       0x76 ./source/Tutorial_2.o
 .debug_macro   0x00009cba       0x1c ./source/Tutorial_2.o
 .debug_macro   0x00009cd6       0x22 ./source/Tutorial_2.o
 .debug_macro   0x00009cf8      0x353 ./source/Tutorial_2.o
 .debug_macro   0x0000a04b       0x2e ./source/Tutorial_2.o
 .debug_macro   0x0000a079       0x11 ./source/semihost_hardfault.o
 .debug_macro   0x0000a08a      0x1db ./drivers/fsl_clock.o
 .debug_macro   0x0000a265       0x1c ./drivers/fsl_clock.o
 .debug_macro   0x0000a281       0x22 ./drivers/fsl_clock.o
 .debug_macro   0x0000a2a3      0x12d ./drivers/fsl_dma.o
 .debug_macro   0x0000a3d0       0x70 ./drivers/fsl_dma.o
 .debug_macro   0x0000a440      0x127 ./drivers/fsl_flexcomm.o
 .debug_macro   0x0000a567       0x10 ./drivers/fsl_flexcomm.o
 .debug_macro   0x0000a577      0x11e ./drivers/fsl_reset.o
 .debug_macro   0x0000a695      0x136 ./drivers/fsl_usart.o
 .debug_macro   0x0000a7cb       0x16 ./drivers/fsl_usart.o
 .debug_macro   0x0000a7e1      0x148 ./drivers/fsl_usart_dma.o
 .debug_macro   0x0000a929       0x10 ./drivers/fsl_usart_dma.o
 .debug_macro   0x0000a939       0xdf ./device/system_LPC54114_cm4.o
 .debug_macro   0x0000aa18      0x133 ./component/uart/usart_adapter.o
 .debug_macro   0x0000ab4b       0x28 ./component/uart/usart_adapter.o
 .debug_macro   0x0000ab73      0x161 ./component/serial_manager/serial_manager.o
 .debug_macro   0x0000acd4      0x149 ./component/serial_manager/serial_port_uart.o
 .debug_macro   0x0000ae1d      0x18d ./board/board.o
 .debug_macro   0x0000afaa       0x28 ./board/board.o
 .debug_macro   0x0000afd2       0x16 ./board/board.o
 .debug_macro   0x0000afe8      0x13e ./board/clock_config.o
 .debug_macro   0x0000b126       0x1c ./board/clock_config.o
 .debug_macro   0x0000b142      0x163 ./board/peripherals.o
 .debug_macro   0x0000b2a5      0x12a ./board/pin_mux.o

.debug_line     0x00000000     0x876e
 .debug_line    0x00000000      0x6d1 ./utilities/fsl_debug_console.o
 .debug_line    0x000006d1      0x55d ./startup/startup_lpc5411x.o
 .debug_line    0x00000c2e      0x593 ./source/Tutorial_2.o
 .debug_line    0x000011c1       0x5a ./source/semihost_hardfault.o
 .debug_line    0x0000121b     0x14af ./drivers/fsl_clock.o
 .debug_line    0x000026ca      0xe1e ./drivers/fsl_dma.o
 .debug_line    0x000034e8      0x62b ./drivers/fsl_flexcomm.o
 .debug_line    0x00003b13      0x49d ./drivers/fsl_reset.o
 .debug_line    0x00003fb0      0xd86 ./drivers/fsl_usart.o
 .debug_line    0x00004d36      0x622 ./drivers/fsl_usart_dma.o
 .debug_line    0x00005358      0x59f ./device/system_LPC54114_cm4.o
 .debug_line    0x000058f7      0x4f8 ./component/uart/usart_adapter.o
 .debug_line    0x00005def      0x7a0 ./component/serial_manager/serial_manager.o
 .debug_line    0x0000658f      0x54e ./component/serial_manager/serial_port_uart.o
 .debug_line    0x00006add      0x4db ./board/board.o
 .debug_line    0x00006fb8      0x407 ./board/clock_config.o
 .debug_line    0x000073bf      0x410 ./board/peripherals.o
 .debug_line    0x000077cf      0x774 ./board/pin_mux.o
 .debug_line    0x00007f43      0x82b D:\HDD Files\MCUXpresso\LPC54114\Tutorial WS\Tutorial_2\libs\libpower_cm4_hardabi.a(fsl_power_lib.o)

.debug_str      0x00000000    0x4ebd7
 .debug_str     0x00000000    0x46ade ./utilities/fsl_debug_console.o
                              0x46bc0 (size before relaxing)
 .debug_str     0x00046ade      0x61c ./startup/startup_lpc5411x.o
                               0x352c (size before relaxing)
 .debug_str     0x000470fa     0x2b1a ./source/Tutorial_2.o
                              0x48d9d (size before relaxing)
 .debug_str     0x00049c14       0x1f ./source/semihost_hardfault.o
                               0x2ef0 (size before relaxing)
 .debug_str     0x00049c33     0x23cb ./drivers/fsl_clock.o
                              0x47f74 (size before relaxing)
 .debug_str     0x0004bffe      0xf47 ./drivers/fsl_dma.o
                              0x47d9e (size before relaxing)
 .debug_str     0x0004cf45      0x315 ./drivers/fsl_flexcomm.o
                              0x46ce0 (size before relaxing)
 .debug_str     0x0004d25a      0x117 ./drivers/fsl_reset.o
                              0x45a78 (size before relaxing)
 .debug_str     0x0004d371      0x56d ./drivers/fsl_usart.o
                              0x46bcb (size before relaxing)
 .debug_str     0x0004d8de      0x1e5 ./drivers/fsl_usart_dma.o
                              0x46e67 (size before relaxing)
 .debug_str     0x0004dac3      0x14c ./device/system_LPC54114_cm4.o
                              0x4405a (size before relaxing)
 .debug_str     0x0004dc0f      0x301 ./component/uart/usart_adapter.o
                              0x46723 (size before relaxing)
 .debug_str     0x0004df10      0x381 ./component/serial_manager/serial_manager.o
                              0x45adb (size before relaxing)
 .debug_str     0x0004e291       0xed ./component/serial_manager/serial_port_uart.o
                              0x45aa4 (size before relaxing)
 .debug_str     0x0004e37e       0x50 ./board/board.o
                              0x47a30 (size before relaxing)
 .debug_str     0x0004e3ce       0x69 ./board/clock_config.o
                              0x4621d (size before relaxing)
 .debug_str     0x0004e437       0x64 ./board/peripherals.o
                              0x46de5 (size before relaxing)
 .debug_str     0x0004e49b      0x21a ./board/pin_mux.o
                              0x46969 (size before relaxing)
 .debug_str     0x0004e6b5      0x522 D:\HDD Files\MCUXpresso\LPC54114\Tutorial WS\Tutorial_2\libs\libpower_cm4_hardabi.a(fsl_power_lib.o)
                                0xbdc (size before relaxing)

.comment        0x00000000       0xeb
 .comment       0x00000000       0x76 ./utilities/fsl_debug_console.o
                                 0x77 (size before relaxing)
 .comment       0x00000076       0x77 ./startup/startup_lpc5411x.o
 .comment       0x00000076       0x77 ./source/Tutorial_2.o
 .comment       0x00000076       0x77 ./source/semihost_hardfault.o
 .comment       0x00000076       0x77 ./drivers/fsl_clock.o
 .comment       0x00000076       0x77 ./drivers/fsl_dma.o
 .comment       0x00000076       0x77 ./drivers/fsl_flexcomm.o
 .comment       0x00000076       0x77 ./drivers/fsl_reset.o
 .comment       0x00000076       0x77 ./drivers/fsl_usart.o
 .comment       0x00000076       0x77 ./drivers/fsl_usart_dma.o
 .comment       0x00000076       0x77 ./device/system_LPC54114_cm4.o
 .comment       0x00000076       0x77 ./component/uart/usart_adapter.o
 .comment       0x00000076       0x77 ./component/serial_manager/serial_manager.o
 .comment       0x00000076       0x77 ./component/serial_manager/serial_port_uart.o
 .comment       0x00000076       0x77 ./board/board.o
 .comment       0x00000076       0x77 ./board/clock_config.o
 .comment       0x00000076       0x77 ./board/peripherals.o
 .comment       0x00000076       0x77 ./board/pin_mux.o
 .comment       0x00000076       0x75 D:\HDD Files\MCUXpresso\LPC54114\Tutorial WS\Tutorial_2\libs\libpower_cm4_hardabi.a(fsl_power_lib.o)
                                 0x76 (size before relaxing)
 .comment       0x000000eb       0x77 c:/nxp/mcuxpressoide_11.1.1_3241/ide/plugins/com.nxp.mcuxpresso.tools.win32_11.1.0.202001081728/tools/bin/../lib/gcc/arm-none-eabi/8.3.1/../../../../arm-none-eabi/lib/thumb/v7e-m+fp/hard\libcr_nohost_nf.a(_cr__main.o)
 .comment       0x000000eb       0x77 c:/nxp/mcuxpressoide_11.1.1_3241/ide/plugins/com.nxp.mcuxpresso.tools.win32_11.1.0.202001081728/tools/bin/../lib/gcc/arm-none-eabi/8.3.1/../../../../arm-none-eabi/lib/thumb/v7e-m+fp/hard\libcr_nohost_nf.a(_cr_assert.o)
 .comment       0x000000eb       0x77 c:/nxp/mcuxpressoide_11.1.1_3241/ide/plugins/com.nxp.mcuxpresso.tools.win32_11.1.0.202001081728/tools/bin/../lib/gcc/arm-none-eabi/8.3.1/../../../../arm-none-eabi/lib/thumb/v7e-m+fp/hard\libcr_nohost_nf.a(__ciob.o)
 .comment       0x000000eb       0x77 c:/nxp/mcuxpressoide_11.1.1_3241/ide/plugins/com.nxp.mcuxpresso.tools.win32_11.1.0.202001081728/tools/bin/../lib/gcc/arm-none-eabi/8.3.1/../../../../arm-none-eabi/lib/thumb/v7e-m+fp/hard\libcr_nohost_nf.a(__sys_appexit.o)
 .comment       0x000000eb       0x77 c:/nxp/mcuxpressoide_11.1.1_3241/ide/plugins/com.nxp.mcuxpresso.tools.win32_11.1.0.202001081728/tools/bin/../lib/gcc/arm-none-eabi/8.3.1/../../../../arm-none-eabi/lib/thumb/v7e-m+fp/hard\libcr_c.a(memset.o)
 .comment       0x000000eb       0x77 c:/nxp/mcuxpressoide_11.1.1_3241/ide/plugins/com.nxp.mcuxpresso.tools.win32_11.1.0.202001081728/tools/bin/../lib/gcc/arm-none-eabi/8.3.1/../../../../arm-none-eabi/lib/thumb/v7e-m+fp/hard\libcr_c.a(_deferredlazyseek.o)
 .comment       0x000000eb       0x77 c:/nxp/mcuxpressoide_11.1.1_3241/ide/plugins/com.nxp.mcuxpresso.tools.win32_11.1.0.202001081728/tools/bin/../lib/gcc/arm-none-eabi/8.3.1/../../../../arm-none-eabi/lib/thumb/v7e-m+fp/hard\libcr_c.a(_fflush.o)
 .comment       0x000000eb       0x77 c:/nxp/mcuxpressoide_11.1.1_3241/ide/plugins/com.nxp.mcuxpresso.tools.win32_11.1.0.202001081728/tools/bin/../lib/gcc/arm-none-eabi/8.3.1/../../../../arm-none-eabi/lib/thumb/v7e-m+fp/hard\libcr_c.a(_writebuf.o)
 .comment       0x000000eb       0x77 c:/nxp/mcuxpressoide_11.1.1_3241/ide/plugins/com.nxp.mcuxpresso.tools.win32_11.1.0.202001081728/tools/bin/../lib/gcc/arm-none-eabi/8.3.1/../../../../arm-none-eabi/lib/thumb/v7e-m+fp/hard\libcr_c.a(alloc.o)
 .comment       0x000000eb       0x77 c:/nxp/mcuxpressoide_11.1.1_3241/ide/plugins/com.nxp.mcuxpresso.tools.win32_11.1.0.202001081728/tools/bin/../lib/gcc/arm-none-eabi/8.3.1/../../../../arm-none-eabi/lib/thumb/v7e-m+fp/hard\libcr_c.a(fputs.o)
 .comment       0x000000eb       0x77 c:/nxp/mcuxpressoide_11.1.1_3241/ide/plugins/com.nxp.mcuxpresso.tools.win32_11.1.0.202001081728/tools/bin/../lib/gcc/arm-none-eabi/8.3.1/../../../../arm-none-eabi/lib/thumb/v7e-m+fp/hard\libcr_c.a(fseek.o)
 .comment       0x000000eb       0x77 c:/nxp/mcuxpressoide_11.1.1_3241/ide/plugins/com.nxp.mcuxpresso.tools.win32_11.1.0.202001081728/tools/bin/../lib/gcc/arm-none-eabi/8.3.1/../../../../arm-none-eabi/lib/thumb/v7e-m+fp/hard\libcr_c.a(ftell.o)
 .comment       0x000000eb       0x77 c:/nxp/mcuxpressoide_11.1.1_3241/ide/plugins/com.nxp.mcuxpresso.tools.win32_11.1.0.202001081728/tools/bin/../lib/gcc/arm-none-eabi/8.3.1/../../../../arm-none-eabi/lib/thumb/v7e-m+fp/hard\libcr_c.a(initio.o)
 .comment       0x000000eb       0x77 c:/nxp/mcuxpressoide_11.1.1_3241/ide/plugins/com.nxp.mcuxpresso.tools.win32_11.1.0.202001081728/tools/bin/../lib/gcc/arm-none-eabi/8.3.1/../../../../arm-none-eabi/lib/thumb/v7e-m+fp/hard\libcr_c.a(printf.o)
 .comment       0x000000eb       0x77 c:/nxp/mcuxpressoide_11.1.1_3241/ide/plugins/com.nxp.mcuxpresso.tools.win32_11.1.0.202001081728/tools/bin/../lib/gcc/arm-none-eabi/8.3.1/../../../../arm-none-eabi/lib/thumb/v7e-m+fp/hard\libcr_c.a(setvbuf.o)
 .comment       0x000000eb       0x77 c:/nxp/mcuxpressoide_11.1.1_3241/ide/plugins/com.nxp.mcuxpresso.tools.win32_11.1.0.202001081728/tools/bin/../lib/gcc/arm-none-eabi/8.3.1/../../../../arm-none-eabi/lib/thumb/v7e-m+fp/hard\libcr_c.a(strlen.o)
 .comment       0x000000eb       0x77 c:/nxp/mcuxpressoide_11.1.1_3241/ide/plugins/com.nxp.mcuxpresso.tools.win32_11.1.0.202001081728/tools/bin/../lib/gcc/arm-none-eabi/8.3.1/../../../../arm-none-eabi/lib/thumb/v7e-m+fp/hard\libcr_c.a(__init_alloc.o)
 .comment       0x000000eb       0x77 c:/nxp/mcuxpressoide_11.1.1_3241/ide/plugins/com.nxp.mcuxpresso.tools.win32_11.1.0.202001081728/tools/bin/../lib/gcc/arm-none-eabi/8.3.1/../../../../arm-none-eabi/lib/thumb/v7e-m+fp/hard\libcr_c.a(_cr_sbrk.o)
 .comment       0x000000eb       0x77 c:/nxp/mcuxpressoide_11.1.1_3241/ide/plugins/com.nxp.mcuxpresso.tools.win32_11.1.0.202001081728/tools/bin/../lib/gcc/arm-none-eabi/8.3.1/../../../../arm-none-eabi/lib/thumb/v7e-m+fp/hard\libcr_c.a(_fdopen.o)
 .comment       0x000000eb       0x77 c:/nxp/mcuxpressoide_11.1.1_3241/ide/plugins/com.nxp.mcuxpresso.tools.win32_11.1.0.202001081728/tools/bin/../lib/gcc/arm-none-eabi/8.3.1/../../../../arm-none-eabi/lib/thumb/v7e-m+fp/hard\libcr_c.a(errno.o)
 .comment       0x000000eb       0x77 c:/nxp/mcuxpressoide_11.1.1_3241/ide/plugins/com.nxp.mcuxpresso.tools.win32_11.1.0.202001081728/tools/bin/../lib/gcc/arm-none-eabi/8.3.1/../../../../arm-none-eabi/lib/thumb/v7e-m+fp/hard\libcr_c.a(fclose.o)
 .comment       0x000000eb       0x77 c:/nxp/mcuxpressoide_11.1.1_3241/ide/plugins/com.nxp.mcuxpresso.tools.win32_11.1.0.202001081728/tools/bin/../lib/gcc/arm-none-eabi/8.3.1/../../../../arm-none-eabi/lib/thumb/v7e-m+fp/hard\libcr_c.a(fflush.o)
 .comment       0x000000eb       0x77 c:/nxp/mcuxpressoide_11.1.1_3241/ide/plugins/com.nxp.mcuxpresso.tools.win32_11.1.0.202001081728/tools/bin/../lib/gcc/arm-none-eabi/8.3.1/../../../../arm-none-eabi/lib/thumb/v7e-m+fp/hard\libcr_c.a(remove.o)
 .comment       0x000000eb       0x77 c:/nxp/mcuxpressoide_11.1.1_3241/ide/plugins/com.nxp.mcuxpresso.tools.win32_11.1.0.202001081728/tools/bin/../lib/gcc/arm-none-eabi/8.3.1/../../../../arm-none-eabi/lib/thumb/v7e-m+fp/hard\libcr_c.a(_cr_check_heap.o)
 .comment       0x000000eb       0x77 c:/nxp/mcuxpressoide_11.1.1_3241/ide/plugins/com.nxp.mcuxpresso.tools.win32_11.1.0.202001081728/tools/bin/../lib/gcc/arm-none-eabi/8.3.1/../../../../arm-none-eabi/lib/thumb/v7e-m+fp/hard\libcr_c.a(_do_fflush.o)
 .comment       0x000000eb       0x77 c:/nxp/mcuxpressoide_11.1.1_3241/ide/plugins/com.nxp.mcuxpresso.tools.win32_11.1.0.202001081728/tools/bin/../lib/gcc/arm-none-eabi/8.3.1/../../../../arm-none-eabi/lib/thumb/v7e-m+fp/hard\libcr_nohost_nf.a(__sys_close.o)
 .comment       0x000000eb       0x77 c:/nxp/mcuxpressoide_11.1.1_3241/ide/plugins/com.nxp.mcuxpresso.tools.win32_11.1.0.202001081728/tools/bin/../lib/gcc/arm-none-eabi/8.3.1/../../../../arm-none-eabi/lib/thumb/v7e-m+fp/hard\libcr_nohost_nf.a(__sys_flen.o)
 .comment       0x000000eb       0x77 c:/nxp/mcuxpressoide_11.1.1_3241/ide/plugins/com.nxp.mcuxpresso.tools.win32_11.1.0.202001081728/tools/bin/../lib/gcc/arm-none-eabi/8.3.1/../../../../arm-none-eabi/lib/thumb/v7e-m+fp/hard\libcr_nohost_nf.a(__sys_istty.o)
 .comment       0x000000eb       0x77 c:/nxp/mcuxpressoide_11.1.1_3241/ide/plugins/com.nxp.mcuxpresso.tools.win32_11.1.0.202001081728/tools/bin/../lib/gcc/arm-none-eabi/8.3.1/../../../../arm-none-eabi/lib/thumb/v7e-m+fp/hard\libcr_nohost_nf.a(__sys_remove.o)
 .comment       0x000000eb       0x77 c:/nxp/mcuxpressoide_11.1.1_3241/ide/plugins/com.nxp.mcuxpresso.tools.win32_11.1.0.202001081728/tools/bin/../lib/gcc/arm-none-eabi/8.3.1/../../../../arm-none-eabi/lib/thumb/v7e-m+fp/hard\libcr_nohost_nf.a(__sys_seek.o)
 .comment       0x000000eb       0x77 c:/nxp/mcuxpressoide_11.1.1_3241/ide/plugins/com.nxp.mcuxpresso.tools.win32_11.1.0.202001081728/tools/bin/../lib/gcc/arm-none-eabi/8.3.1/../../../../arm-none-eabi/lib/thumb/v7e-m+fp/hard\libcr_nohost_nf.a(__sys_tmpnam.o)

.ARM.attributes
                0x00000000       0x32
 .ARM.attributes
                0x00000000       0x34 ./utilities/fsl_debug_console.o
 .ARM.attributes
                0x00000034       0x34 ./startup/startup_lpc5411x.o
 .ARM.attributes
                0x00000068       0x34 ./source/Tutorial_2.o
 .ARM.attributes
                0x0000009c       0x34 ./source/semihost_hardfault.o
 .ARM.attributes
                0x000000d0       0x34 ./drivers/fsl_clock.o
 .ARM.attributes
                0x00000104       0x34 ./drivers/fsl_dma.o
 .ARM.attributes
                0x00000138       0x34 ./drivers/fsl_flexcomm.o
 .ARM.attributes
                0x0000016c       0x34 ./drivers/fsl_reset.o
 .ARM.attributes
                0x000001a0       0x34 ./drivers/fsl_usart.o
 .ARM.attributes
                0x000001d4       0x34 ./drivers/fsl_usart_dma.o
 .ARM.attributes
                0x00000208       0x34 ./device/system_LPC54114_cm4.o
 .ARM.attributes
                0x0000023c       0x34 ./component/uart/usart_adapter.o
 .ARM.attributes
                0x00000270       0x34 ./component/serial_manager/serial_manager.o
 .ARM.attributes
                0x000002a4       0x34 ./component/serial_manager/serial_port_uart.o
 .ARM.attributes
                0x000002d8       0x34 ./board/board.o
 .ARM.attributes
                0x0000030c       0x34 ./board/clock_config.o
 .ARM.attributes
                0x00000340       0x34 ./board/peripherals.o
 .ARM.attributes
                0x00000374       0x34 ./board/pin_mux.o
 .ARM.attributes
                0x000003a8       0x34 D:\HDD Files\MCUXpresso\LPC54114\Tutorial WS\Tutorial_2\libs\libpower_cm4_hardabi.a(fsl_power_lib.o)
 .ARM.attributes
                0x000003dc       0x34 c:/nxp/mcuxpressoide_11.1.1_3241/ide/plugins/com.nxp.mcuxpresso.tools.win32_11.1.0.202001081728/tools/bin/../lib/gcc/arm-none-eabi/8.3.1/../../../../arm-none-eabi/lib/thumb/v7e-m+fp/hard\libcr_nohost_nf.a(_cr__main.o)
 .ARM.attributes
                0x00000410       0x34 c:/nxp/mcuxpressoide_11.1.1_3241/ide/plugins/com.nxp.mcuxpresso.tools.win32_11.1.0.202001081728/tools/bin/../lib/gcc/arm-none-eabi/8.3.1/../../../../arm-none-eabi/lib/thumb/v7e-m+fp/hard\libcr_nohost_nf.a(_cr_assert.o)
 .ARM.attributes
                0x00000444       0x39 c:/nxp/mcuxpressoide_11.1.1_3241/ide/plugins/com.nxp.mcuxpresso.tools.win32_11.1.0.202001081728/tools/bin/../lib/gcc/arm-none-eabi/8.3.1/../../../../arm-none-eabi/lib/thumb/v7e-m+fp/hard\libcr_nohost_nf.a(__ciob.o)
 .ARM.attributes
                0x0000047d       0x34 c:/nxp/mcuxpressoide_11.1.1_3241/ide/plugins/com.nxp.mcuxpresso.tools.win32_11.1.0.202001081728/tools/bin/../lib/gcc/arm-none-eabi/8.3.1/../../../../arm-none-eabi/lib/thumb/v7e-m+fp/hard\libcr_nohost_nf.a(__sys_appexit.o)
 .ARM.attributes
                0x000004b1       0x34 c:/nxp/mcuxpressoide_11.1.1_3241/ide/plugins/com.nxp.mcuxpresso.tools.win32_11.1.0.202001081728/tools/bin/../lib/gcc/arm-none-eabi/8.3.1/../../../../arm-none-eabi/lib/thumb/v7e-m+fp/hard\libcr_c.a(memset.o)
 .ARM.attributes
                0x000004e5       0x34 c:/nxp/mcuxpressoide_11.1.1_3241/ide/plugins/com.nxp.mcuxpresso.tools.win32_11.1.0.202001081728/tools/bin/../lib/gcc/arm-none-eabi/8.3.1/../../../../arm-none-eabi/lib/thumb/v7e-m+fp/hard\libcr_c.a(_deferredlazyseek.o)
 .ARM.attributes
                0x00000519       0x34 c:/nxp/mcuxpressoide_11.1.1_3241/ide/plugins/com.nxp.mcuxpresso.tools.win32_11.1.0.202001081728/tools/bin/../lib/gcc/arm-none-eabi/8.3.1/../../../../arm-none-eabi/lib/thumb/v7e-m+fp/hard\libcr_c.a(_fflush.o)
 .ARM.attributes
                0x0000054d       0x34 c:/nxp/mcuxpressoide_11.1.1_3241/ide/plugins/com.nxp.mcuxpresso.tools.win32_11.1.0.202001081728/tools/bin/../lib/gcc/arm-none-eabi/8.3.1/../../../../arm-none-eabi/lib/thumb/v7e-m+fp/hard\libcr_c.a(_writebuf.o)
 .ARM.attributes
                0x00000581       0x34 c:/nxp/mcuxpressoide_11.1.1_3241/ide/plugins/com.nxp.mcuxpresso.tools.win32_11.1.0.202001081728/tools/bin/../lib/gcc/arm-none-eabi/8.3.1/../../../../arm-none-eabi/lib/thumb/v7e-m+fp/hard\libcr_c.a(alloc.o)
 .ARM.attributes
                0x000005b5       0x34 c:/nxp/mcuxpressoide_11.1.1_3241/ide/plugins/com.nxp.mcuxpresso.tools.win32_11.1.0.202001081728/tools/bin/../lib/gcc/arm-none-eabi/8.3.1/../../../../arm-none-eabi/lib/thumb/v7e-m+fp/hard\libcr_c.a(fputs.o)
 .ARM.attributes
                0x000005e9       0x34 c:/nxp/mcuxpressoide_11.1.1_3241/ide/plugins/com.nxp.mcuxpresso.tools.win32_11.1.0.202001081728/tools/bin/../lib/gcc/arm-none-eabi/8.3.1/../../../../arm-none-eabi/lib/thumb/v7e-m+fp/hard\libcr_c.a(fseek.o)
 .ARM.attributes
                0x0000061d       0x34 c:/nxp/mcuxpressoide_11.1.1_3241/ide/plugins/com.nxp.mcuxpresso.tools.win32_11.1.0.202001081728/tools/bin/../lib/gcc/arm-none-eabi/8.3.1/../../../../arm-none-eabi/lib/thumb/v7e-m+fp/hard\libcr_c.a(ftell.o)
 .ARM.attributes
                0x00000651       0x34 c:/nxp/mcuxpressoide_11.1.1_3241/ide/plugins/com.nxp.mcuxpresso.tools.win32_11.1.0.202001081728/tools/bin/../lib/gcc/arm-none-eabi/8.3.1/../../../../arm-none-eabi/lib/thumb/v7e-m+fp/hard\libcr_c.a(initio.o)
 .ARM.attributes
                0x00000685       0x34 c:/nxp/mcuxpressoide_11.1.1_3241/ide/plugins/com.nxp.mcuxpresso.tools.win32_11.1.0.202001081728/tools/bin/../lib/gcc/arm-none-eabi/8.3.1/../../../../arm-none-eabi/lib/thumb/v7e-m+fp/hard\libcr_c.a(printf.o)
 .ARM.attributes
                0x000006b9       0x34 c:/nxp/mcuxpressoide_11.1.1_3241/ide/plugins/com.nxp.mcuxpresso.tools.win32_11.1.0.202001081728/tools/bin/../lib/gcc/arm-none-eabi/8.3.1/../../../../arm-none-eabi/lib/thumb/v7e-m+fp/hard\libcr_c.a(setvbuf.o)
 .ARM.attributes
                0x000006ed       0x34 c:/nxp/mcuxpressoide_11.1.1_3241/ide/plugins/com.nxp.mcuxpresso.tools.win32_11.1.0.202001081728/tools/bin/../lib/gcc/arm-none-eabi/8.3.1/../../../../arm-none-eabi/lib/thumb/v7e-m+fp/hard\libcr_c.a(strlen.o)
 .ARM.attributes
                0x00000721       0x34 c:/nxp/mcuxpressoide_11.1.1_3241/ide/plugins/com.nxp.mcuxpresso.tools.win32_11.1.0.202001081728/tools/bin/../lib/gcc/arm-none-eabi/8.3.1/../../../../arm-none-eabi/lib/thumb/v7e-m+fp/hard\libcr_c.a(__init_alloc.o)
 .ARM.attributes
                0x00000755       0x34 c:/nxp/mcuxpressoide_11.1.1_3241/ide/plugins/com.nxp.mcuxpresso.tools.win32_11.1.0.202001081728/tools/bin/../lib/gcc/arm-none-eabi/8.3.1/../../../../arm-none-eabi/lib/thumb/v7e-m+fp/hard\libcr_c.a(_cr_sbrk.o)
 .ARM.attributes
                0x00000789       0x34 c:/nxp/mcuxpressoide_11.1.1_3241/ide/plugins/com.nxp.mcuxpresso.tools.win32_11.1.0.202001081728/tools/bin/../lib/gcc/arm-none-eabi/8.3.1/../../../../arm-none-eabi/lib/thumb/v7e-m+fp/hard\libcr_c.a(_fdopen.o)
 .ARM.attributes
                0x000007bd       0x39 c:/nxp/mcuxpressoide_11.1.1_3241/ide/plugins/com.nxp.mcuxpresso.tools.win32_11.1.0.202001081728/tools/bin/../lib/gcc/arm-none-eabi/8.3.1/../../../../arm-none-eabi/lib/thumb/v7e-m+fp/hard\libcr_c.a(errno.o)
 .ARM.attributes
                0x000007f6       0x34 c:/nxp/mcuxpressoide_11.1.1_3241/ide/plugins/com.nxp.mcuxpresso.tools.win32_11.1.0.202001081728/tools/bin/../lib/gcc/arm-none-eabi/8.3.1/../../../../arm-none-eabi/lib/thumb/v7e-m+fp/hard\libcr_c.a(fclose.o)
 .ARM.attributes