Archive member included to satisfy reference by file (symbol)

C:\Users\Dell-i3\git\repository2\Tutorial_3\libs\libpower_cm4_hardabi.a(fsl_power_lib.o)
                              ./drivers/fsl_clock.o (POWER_SetVoltageForFreq)
c:/nxp/mcuxpressoide_11.1.1_3241/ide/plugins/com.nxp.mcuxpresso.tools.win32_11.1.0.202001081728/tools/bin/../lib/gcc/arm-none-eabi/8.3.1/../../../../arm-none-eabi/lib/thumb/v7e-m+fp/hard\libcr_nohost_nf.a(_cr__main.o)
                              ./startup/startup_lpc5411x.o (__main)
c:/nxp/mcuxpressoide_11.1.1_3241/ide/plugins/com.nxp.mcuxpresso.tools.win32_11.1.0.202001081728/tools/bin/../lib/gcc/arm-none-eabi/8.3.1/../../../../arm-none-eabi/lib/thumb/v7e-m+fp/hard\libcr_nohost_nf.a(_cr_assert.o)
                              ./utilities/fsl_debug_console.o (__assertion_failed)
c:/nxp/mcuxpressoide_11.1.1_3241/ide/plugins/com.nxp.mcuxpresso.tools.win32_11.1.0.202001081728/tools/bin/../lib/gcc/arm-none-eabi/8.3.1/../../../../arm-none-eabi/lib/thumb/v7e-m+fp/hard\libcr_nohost_nf.a(__ciob.o)
                              c:/nxp/mcuxpressoide_11.1.1_3241/ide/plugins/com.nxp.mcuxpresso.tools.win32_11.1.0.202001081728/tools/bin/../lib/gcc/arm-none-eabi/8.3.1/../../../../arm-none-eabi/lib/thumb/v7e-m+fp/hard\libcr_nohost_nf.a(_cr_assert.o) (__Ciob)
c:/nxp/mcuxpressoide_11.1.1_3241/ide/plugins/com.nxp.mcuxpresso.tools.win32_11.1.0.202001081728/tools/bin/../lib/gcc/arm-none-eabi/8.3.1/../../../../arm-none-eabi/lib/thumb/v7e-m+fp/hard\libcr_nohost_nf.a(__sys_appexit.o)
                              c:/nxp/mcuxpressoide_11.1.1_3241/ide/plugins/com.nxp.mcuxpresso.tools.win32_11.1.0.202001081728/tools/bin/../lib/gcc/arm-none-eabi/8.3.1/../../../../arm-none-eabi/lib/thumb/v7e-m+fp/hard\libcr_nohost_nf.a(_cr_assert.o) (__sys_appexit)
c:/nxp/mcuxpressoide_11.1.1_3241/ide/plugins/com.nxp.mcuxpresso.tools.win32_11.1.0.202001081728/tools/bin/../lib/gcc/arm-none-eabi/8.3.1/../../../../arm-none-eabi/lib/thumb/v7e-m+fp/hard\libcr_c.a(memcpy.o)
                              C:\Users\Dell-i3\git\repository2\Tutorial_3\libs\libpower_cm4_hardabi.a(fsl_power_lib.o) (memcpy)
c:/nxp/mcuxpressoide_11.1.1_3241/ide/plugins/com.nxp.mcuxpresso.tools.win32_11.1.0.202001081728/tools/bin/../lib/gcc/arm-none-eabi/8.3.1/../../../../arm-none-eabi/lib/thumb/v7e-m+fp/hard\libcr_c.a(memset.o)
                              ./utilities/fsl_debug_console.o (memset)
c:/nxp/mcuxpressoide_11.1.1_3241/ide/plugins/com.nxp.mcuxpresso.tools.win32_11.1.0.202001081728/tools/bin/../lib/gcc/arm-none-eabi/8.3.1/../../../../arm-none-eabi/lib/thumb/v7e-m+fp/hard\libcr_c.a(_deferredlazyseek.o)
                              c:/nxp/mcuxpressoide_11.1.1_3241/ide/plugins/com.nxp.mcuxpresso.tools.win32_11.1.0.202001081728/tools/bin/../lib/gcc/arm-none-eabi/8.3.1/../../../../arm-none-eabi/lib/thumb/v7e-m+fp/hard\libcr_nohost_nf.a(_cr_assert.o) (__flsbuf)
c:/nxp/mcuxpressoide_11.1.1_3241/ide/plugins/com.nxp.mcuxpresso.tools.win32_11.1.0.202001081728/tools/bin/../lib/gcc/arm-none-eabi/8.3.1/../../../../arm-none-eabi/lib/thumb/v7e-m+fp/hard\libcr_c.a(_fflush.o)
                              c:/nxp/mcuxpressoide_11.1.1_3241/ide/plugins/com.nxp.mcuxpresso.tools.win32_11.1.0.202001081728/tools/bin/../lib/gcc/arm-none-eabi/8.3.1/../../../../arm-none-eabi/lib/thumb/v7e-m+fp/hard\libcr_c.a(_deferredlazyseek.o) (_fflush)
c:/nxp/mcuxpressoide_11.1.1_3241/ide/plugins/com.nxp.mcuxpresso.tools.win32_11.1.0.202001081728/tools/bin/../lib/gcc/arm-none-eabi/8.3.1/../../../../arm-none-eabi/lib/thumb/v7e-m+fp/hard\libcr_c.a(_writebuf.o)
                              c:/nxp/mcuxpressoide_11.1.1_3241/ide/plugins/com.nxp.mcuxpresso.tools.win32_11.1.0.202001081728/tools/bin/../lib/gcc/arm-none-eabi/8.3.1/../../../../arm-none-eabi/lib/thumb/v7e-m+fp/hard\libcr_c.a(_deferredlazyseek.o) (_Cwritebuf)
c:/nxp/mcuxpressoide_11.1.1_3241/ide/plugins/com.nxp.mcuxpresso.tools.win32_11.1.0.202001081728/tools/bin/../lib/gcc/arm-none-eabi/8.3.1/../../../../arm-none-eabi/lib/thumb/v7e-m+fp/hard\libcr_c.a(alloc.o)
                              ./drivers/fsl_common.o (malloc)
c:/nxp/mcuxpressoide_11.1.1_3241/ide/plugins/com.nxp.mcuxpresso.tools.win32_11.1.0.202001081728/tools/bin/../lib/gcc/arm-none-eabi/8.3.1/../../../../arm-none-eabi/lib/thumb/v7e-m+fp/hard\libcr_c.a(fputs.o)
                              c:/nxp/mcuxpressoide_11.1.1_3241/ide/plugins/com.nxp.mcuxpresso.tools.win32_11.1.0.202001081728/tools/bin/../lib/gcc/arm-none-eabi/8.3.1/../../../../arm-none-eabi/lib/thumb/v7e-m+fp/hard\libcr_nohost_nf.a(_cr_assert.o) (fputs)
c:/nxp/mcuxpressoide_11.1.1_3241/ide/plugins/com.nxp.mcuxpresso.tools.win32_11.1.0.202001081728/tools/bin/../lib/gcc/arm-none-eabi/8.3.1/../../../../arm-none-eabi/lib/thumb/v7e-m+fp/hard\libcr_c.a(fseek.o)
[...]
Memory Configuration

Name             Origin             Length             Attributes
PROGRAM_FLASH    0x00000000         0x00040000         xr
SRAM1            0x20010000         0x00010000         xrw
SRAM0            0x20000000         0x00010000         xrw
SRAMX            0x04000000         0x00008000         xrw
SRAM2            0x20020000         0x00008000         xrw
*default*        0x00000000         0xffffffff

Linker script and memory map

LOAD ./utilities/fsl_debug_console.o
LOAD ./utilities/fsl_str.o
LOAD ./startup/boot_multicore_slave.o
LOAD ./startup/startup_lpc5411x.o
LOAD ./source/Tutorial_3.o
LOAD ./source/semihost_hardfault.o
LOAD ./drivers/fsl_clock.o
LOAD ./drivers/fsl_common.o
LOAD ./drivers/fsl_dma.o
LOAD ./drivers/fsl_flexcomm.o
LOAD ./drivers/fsl_gpio.o
LOAD ./drivers/fsl_power.o
LOAD ./drivers/fsl_reset.o
LOAD ./drivers/fsl_usart.o
LOAD ./drivers/fsl_usart_dma.o
LOAD ./device/system_LPC54114_cm4.o
LOAD ./component/uart/usart_adapter.o
LOAD ./component/serial_manager/serial_manager.o
LOAD ./component/serial_manager/serial_port_uart.o
LOAD ./component/lists/generic_list.o
LOAD ./board/board.o
LOAD ./board/clock_config.o
LOAD ./board/peripherals.o
LOAD ./board/pin_mux.o
LOAD C:\Users\Dell-i3\git\repository2\Tutorial_3\libs\libpower_cm4_hardabi.a
START GROUP
LOAD c:/nxp/mcuxpressoide_11.1.1_3241/ide/plugins/com.nxp.mcuxpresso.tools.win32_11.1.0.202001081728/tools/bin/../lib/gcc/arm-none-eabi/8.3.1/../../../../arm-none-eabi/lib/thumb/v7e-m+fp/hard\libcr_nohost_nf.a
LOAD c:/nxp/mcuxpressoide_11.1.1_3241/ide/plugins/com.nxp.mcuxpresso.tools.win32_11.1.0.202001081728/tools/bin/../lib/gcc/arm-none-eabi/8.3.1/../../../../arm-none-eabi/lib/thumb/v7e-m+fp/hard\libcr_c.a
LOAD c:/nxp/mcuxpressoide_11.1.1_3241/ide/plugins/com.nxp.mcuxpresso.tools.win32_11.1.0.202001081728/tools/bin/../lib/gcc/arm-none-eabi/8.3.1/thumb/v7e-m+fp/hard\libcr_eabihelpers.a
LOAD c:/nxp/mcuxpressoide_11.1.1_3241/ide/plugins/com.nxp.mcuxpresso.tools.win32_11.1.0.202001081728/tools/bin/../lib/gcc/arm-none-eabi/8.3.1/thumb/v7e-m+fp/hard\libgcc.a
END GROUP
                0x00000000                __base_PROGRAM_FLASH = 0x0
                0x00000000                __base_Flash = 0x0
                0x00040000                __top_PROGRAM_FLASH = 0x40000
                0x00040000                __top_Flash = 0x40000
                0x20010000                __base_SRAM1 = 0x20010000
                0x20010000                __base_RAM = 0x20010000
                0x20020000                __top_SRAM1 = 0x20020000
                0x20020000                __top_RAM = 0x20020000
                0x20000000                __base_SRAM0 = 0x20000000
                0x20000000                __base_RAM2 = 0x20000000
                0x20010000                __top_SRAM0 = 0x20010000
                0x20010000                __top_RAM2 = 0x20010000
                0x04000000                __base_SRAMX = 0x4000000
                0x04000000                __base_RAM3 = 0x4000000
                0x04008000                __top_SRAMX = 0x4008000
                0x04008000                __top_RAM3 = 0x4008000
                0x20020000                __base_SRAM2 = 0x20020000
                0x20020000                __base_RAM4 = 0x20020000
                0x20028000                __top_SRAM2 = 0x20028000
                0x20028000                __top_RAM4 = 0x20028000

.text           0x00000000     0x5428
 FILL mask 0xff
                0x00000000                __vectors_start__ = ABSOLUTE (.)
 *(SORT_BY_ALIGNMENT(.isr_vector))
 .isr_vector    0x00000000       0xe0 ./startup/startup_lpc5411x.o
                0x00000000                g_pfnVectors
                0x00000000                __Vectors
                0x000000e0                . = ALIGN (0x4)
                0x000000e0                __section_table_start = .
                0x000000e0                __data_section_table = .
                0x000000e0        0x4 LONG 0x5428 LOADADDR (.data)
                0x000000e4        0x4 LONG 0x20010000 ADDR (.data)
                0x000000e8        0x4 LONG 0x8 SIZEOF (.data)
                0x000000ec        0x4 LONG 0x5428 LOADADDR (.data_RAM2)
                0x000000f0        0x4 LONG 0x20000000 ADDR (.data_RAM2)
                0x000000f4        0x4 LONG 0x0 SIZEOF (.data_RAM2)
                0x000000f8        0x4 LONG 0x5428 LOADADDR (.data_RAM3)
                0x000000fc        0x4 LONG 0x4000000 ADDR (.data_RAM3)
                0x00000100        0x4 LONG 0x0 SIZEOF (.data_RAM3)
                0x00000104        0x4 LONG 0x5428 LOADADDR (.data_RAM4)
                0x00000108        0x4 LONG 0x20020000 ADDR (.data_RAM4)
                0x0000010c        0x4 LONG 0x0 SIZEOF (.data_RAM4)
                0x00000110                __data_section_table_end = .
                0x00000110                __bss_section_table = .
                0x00000110        0x4 LONG 0x20010200 ADDR (.bss)
                0x00000114        0x4 LONG 0x738 SIZEOF (.bss)
                0x00000118        0x4 LONG 0x20000000 ADDR (.bss_RAM2)
                0x0000011c        0x4 LONG 0x0 SIZEOF (.bss_RAM2)
                0x00000120        0x4 LONG 0x4000000 ADDR (.bss_RAM3)
                0x00000124        0x4 LONG 0x0 SIZEOF (.bss_RAM3)
                0x00000128        0x4 LONG 0x20020000 ADDR (.bss_RAM4)
                0x0000012c        0x4 LONG 0x0 SIZEOF (.bss_RAM4)
                0x00000130                __bss_section_table_end = .
                0x00000130                __section_table_end = .
 *(SORT_BY_ALIGNMENT(.after_vectors*))
 .after_vectors.reset
                0x00000130       0x78 ./startup/startup_lpc5411x.o
                0x00000130                ResetISR
 .after_vectors.init_data
                0x000001a8       0x1e ./startup/startup_lpc5411x.o
                0x000001a8                data_init
 .after_vectors.init_bss
                0x000001c6       0x12 ./startup/startup_lpc5411x.o
                0x000001c6                bss_init
 .after_vectors
                0x000001d8       0x14 ./startup/startup_lpc5411x.o
                0x000001d8                NMI_Handler
                0x000001dc                SVC_Handler
                0x000001de                PendSV_Handler
                0x000001e0                SysTick_Handler
                0x000001e2                MemManage_Handler
                0x000001e4                BusFault_Handler
                0x000001e6                UsageFault_Handler
                0x000001e8                DebugMon_Handler
                0x000001ea                SPIFI0_DriverIRQHandler
                0x000001ea                CTIMER2_DriverIRQHandler
                0x000001ea                IntDefaultHandler
                0x000001ea                USB0_DriverIRQHandler
                0x000001ea                MRT0_DriverIRQHandler
                0x000001ea                UTICK0_DriverIRQHandler
                0x000001ea                DMIC0_DriverIRQHandler
                0x000001ea                PIN_INT4_DriverIRQHandler
                0x000001ea                PIN_INT5_DriverIRQHandler
                0x000001ea                ADC0_THCMP_DriverIRQHandler
                0x000001ea                CTIMER4_DriverIRQHandler
                0x000001ea                PIN_INT0_DriverIRQHandler
                0x000001ea                PIN_INT7_DriverIRQHandler
                0x000001ea                IOH_DriverIRQHandler
                0x000001ea                USB0_NEEDCLK_DriverIRQHandler
                0x000001ea                ADC0_SEQB_DriverIRQHandler
                0x000001ea                CTIMER0_DriverIRQHandler
                0x000001ea                CTIMER1_DriverIRQHandler
                0x000001ea                PIN_INT6_DriverIRQHandler
                0x000001ea                MAILBOX_DriverIRQHandler
                0x000001ea                PIN_INT1_DriverIRQHandler
                0x000001ea                CTIMER3_DriverIRQHandler
                0x000001ea                HWVAD0_DriverIRQHandler
                0x000001ea                RTC_DriverIRQHandler
                0x000001ea                Reserved54_DriverIRQHandler
                0x000001ea                PIN_INT2_DriverIRQHandler
                0x000001ea                PIN_INT3_DriverIRQHandler
                0x000001ea                ADC0_SEQA_DriverIRQHandler
                0x000001ea                GINT0_DriverIRQHandler
                0x000001ea                GINT1_DriverIRQHandler
                0x000001ea                WDT_BOD_DriverIRQHandler
                0x000001ea                SCT0_DriverIRQHandler
 *(SORT_BY_ALIGNMENT(.text*))
 .text.DbgConsole_SendDataReliable
                0x000001ec       0x68 ./utilities/fsl_debug_console.o
                0x000001ec                DbgConsole_SendDataReliable
 .text.DbgConsole_Init
                0x00000254      0x104 ./utilities/fsl_debug_console.o
                0x00000254                DbgConsole_Init
 .text.FLEXCOMM0_USART_CALLBACK
                0x00000358       0x44 ./source/Tutorial_3.o
                0x00000358                FLEXCOMM0_USART_CALLBACK
 .text.main     0x0000039c       0x60 ./source/Tutorial_3.o
                0x0000039c                main
 .text.CLOCK_AttachClk
                0x000003fc       0x8c ./drivers/fsl_clock.o
                0x000003fc                CLOCK_AttachClk
 .text.CLOCK_SetClkDiv
                0x00000488       0x5c ./drivers/fsl_clock.o
                0x00000488                CLOCK_SetClkDiv
 .text.CLOCK_SetupFROClocking
                0x000004e4       0xc8 ./drivers/fsl_clock.o
                0x000004e4                CLOCK_SetupFROClocking
 .text.CLOCK_GetFro12MFreq
                0x000005ac       0x28 ./drivers/fsl_clock.o
                0x000005ac                CLOCK_GetFro12MFreq
 .text.CLOCK_GetWdtOscFreq
                0x000005d4       0x68 ./drivers/fsl_clock.o
                0x000005d4                CLOCK_GetWdtOscFreq
 .text.CLOCK_GetFroHfFreq
                0x0000063c       0x50 ./drivers/fsl_clock.o
                0x0000063c                CLOCK_GetFroHfFreq
 .text.CLOCK_GetPllOutFreq
                0x0000068c       0x18 ./drivers/fsl_clock.o
                0x0000068c                CLOCK_GetPllOutFreq
 .text.CLOCK_GetCoreSysClkFreq
                0x000006a4       0x94 ./drivers/fsl_clock.o
                0x000006a4                CLOCK_GetCoreSysClkFreq
 .text.CLOCK_GetI2SMClkFreq
                0x00000738       0x18 ./drivers/fsl_clock.o
                0x00000738                CLOCK_GetI2SMClkFreq
 .text.CLOCK_GetFlexCommClkFreq
                0x00000750       0x74 ./drivers/fsl_clock.o
                0x00000750                CLOCK_GetFlexCommClkFreq
 .text.CLOCK_GetFRGInputClock
                0x000007c4       0x60 ./drivers/fsl_clock.o
                0x000007c4                CLOCK_GetFRGInputClock
 .text.CLOCK_SetFLASHAccessCyclesForFreq
                0x00000824       0x90 ./drivers/fsl_clock.o
                0x00000824                CLOCK_SetFLASHAccessCyclesForFreq
 .text.__NVIC_EnableIRQ
                0x000008b4       0x3c ./drivers/fsl_dma.o
 .text.CLOCK_EnableClock
                0x000008f0       0x4c ./drivers/fsl_dma.o
 .text.DMA_ChannelIsActive
                0x0000093c       0x50 ./drivers/fsl_dma.o
 .text.DMA_EnableChannelInterrupts
                0x0000098c       0x58 ./drivers/fsl_dma.o
 .text.DMA_EnableChannel
                0x000009e4       0x58 ./drivers/fsl_dma.o
 .text.DMA_EnableChannelPeriphRq
                0x00000a3c       0x40 ./drivers/fsl_dma.o
 .text.DMA_DisableChannelPeriphRq
                0x00000a7c       0x40 ./drivers/fsl_dma.o
 .text.DMA_GetInstance
                0x00000abc       0x44 ./drivers/fsl_dma.o
 .text.DMA_Init
                0x00000b00       0x54 ./drivers/fsl_dma.o
                0x00000b00                DMA_Init
 .text.DMA_SetupXferCFG
                0x00000b54      0x148 ./drivers/fsl_dma.o
 .text.DMA_SetupDescriptor
                0x00000c9c      0x124 ./drivers/fsl_dma.o
                0x00000c9c                DMA_SetupDescriptor
 .text.DMA_CreateDescriptor
                0x00000dc0       0x94 ./drivers/fsl_dma.o
                0x00000dc0                DMA_CreateDescriptor
 .text.DMA_CreateHandle
                0x00000e54       0x7c ./drivers/fsl_dma.o
                0x00000e54                DMA_CreateHandle
 .text.DMA_SetCallback
                0x00000ed0       0x30 ./drivers/fsl_dma.o
                0x00000ed0                DMA_SetCallback
 .text.DMA_PrepareTransfer
                0x00000f00      0x140 ./drivers/fsl_dma.o
                0x00000f00                DMA_PrepareTransfer
 .text.DMA_SubmitTransfer
                0x00001040       0xd8 ./drivers/fsl_dma.o
                0x00001040                DMA_SubmitTransfer
 .text.DMA_StartTransfer
                0x00001118       0x80 ./drivers/fsl_dma.o
                0x00001118                DMA_StartTransfer
 .text.DMA_IRQHandle
                0x00001198      0x168 ./drivers/fsl_dma.o
                0x00001198                DMA_IRQHandle
 .text.DMA0_DriverIRQHandler
                0x00001300       0x18 ./drivers/fsl_dma.o
                0x00001300                DMA0_DriverIRQHandler
 .text.CLOCK_EnableClock
                0x00001318       0x4c ./drivers/fsl_flexcomm.o
 .text.FLEXCOMM_GetInstance
                0x00001364       0x50 ./drivers/fsl_flexcomm.o
                0x00001364                FLEXCOMM_GetInstance
 .text.FLEXCOMM_Init
                0x000013b4       0x50 ./drivers/fsl_flexcomm.o
                0x000013b4                FLEXCOMM_Init
 .text.FLEXCOMM0_DriverIRQHandler
                0x00001404       0x3c ./drivers/fsl_flexcomm.o
                0x00001404                FLEXCOMM0_DriverIRQHandler
 .text.FLEXCOMM1_DriverIRQHandler
                0x00001440       0x3c ./drivers/fsl_flexcomm.o
                0x00001440                FLEXCOMM1_DriverIRQHandler
 .text.FLEXCOMM2_DriverIRQHandler
                0x0000147c       0x3c ./drivers/fsl_flexcomm.o
                0x0000147c                FLEXCOMM2_DriverIRQHandler
 .text.FLEXCOMM3_DriverIRQHandler
                0x000014b8       0x3c ./drivers/fsl_flexcomm.o
                0x000014b8                FLEXCOMM3_DriverIRQHandler
 .text.FLEXCOMM4_DriverIRQHandler
                0x000014f4       0x3c ./drivers/fsl_flexcomm.o
                0x000014f4                FLEXCOMM4_DriverIRQHandler
 .text.FLEXCOMM5_DriverIRQHandler
                0x00001530       0x3c ./drivers/fsl_flexcomm.o
                0x00001530                FLEXCOMM5_DriverIRQHandler
 .text.FLEXCOMM6_DriverIRQHandler
                0x0000156c       0x3c ./drivers/fsl_flexcomm.o
                0x0000156c                FLEXCOMM6_DriverIRQHandler
 .text.FLEXCOMM7_DriverIRQHandler
                0x000015a8       0x3c ./drivers/fsl_flexcomm.o
                0x000015a8                FLEXCOMM7_DriverIRQHandler
 .text.RESET_SetPeripheralReset
                0x000015e4       0x7c ./drivers/fsl_reset.o
                0x000015e4                RESET_SetPeripheralReset
 .text.RESET_ClearPeripheralReset
                0x00001660       0x80 ./drivers/fsl_reset.o
                0x00001660                RESET_ClearPeripheralReset
 .text.USART_GetInstance
                0x000016e0       0x4c ./drivers/fsl_usart.o
                0x000016e0                USART_GetInstance
 .text.USART_Init
                0x0000172c      0x180 ./drivers/fsl_usart.o
                0x0000172c                USART_Init
 .text.USART_GetDefaultConfig
                0x000018ac       0x74 ./drivers/fsl_usart.o
                0x000018ac                USART_GetDefaultConfig
 .text.USART_SetBaudRate
                0x00001920      0x128 ./drivers/fsl_usart.o
                0x00001920                USART_SetBaudRate
 .text.USART_WriteBlocking
                0x00001a48       0x88 ./drivers/fsl_usart.o
                0x00001a48                USART_WriteBlocking
 .text.USART_TransferSendDMACallback
                0x00001ad0       0x84 ./drivers/fsl_usart_dma.o
 .text.USART_TransferReceiveDMACallback
                0x00001b54       0x74 ./drivers/fsl_usart_dma.o
 .text.USART_TransferCreateHandleDMA
                0x00001bc8       0xd8 ./drivers/fsl_usart_dma.o
                0x00001bc8                USART_TransferCreateHandleDMA
 .text.USART_TransferReceiveDMA
                0x00001ca0       0xdc ./drivers/fsl_usart_dma.o
                0x00001ca0                USART_TransferReceiveDMA
 .text.SystemInit
                0x00001d7c       0x34 ./device/system_LPC54114_cm4.o
                0x00001d7c                SystemInit
 .text.HAL_UartInit
                0x00001db0      0x108 ./component/uart/usart_adapter.o
                0x00001db0                HAL_UartInit
 .text.HAL_UartSendBlocking
                0x00001eb8       0x64 ./component/uart/usart_adapter.o
                0x00001eb8                HAL_UartSendBlocking
 .text.SerialManager_Write
                0x00001f1c       0x6c ./component/serial_manager/serial_manager.o
 .text.SerialManager_Init
                0x00001f88       0x74 ./component/serial_manager/serial_manager.o
                0x00001f88                SerialManager_Init
 .text.SerialManager_OpenWriteHandle
                0x00001ffc       0x64 ./component/serial_manager/serial_manager.o
                0x00001ffc                SerialManager_OpenWriteHandle
 .text.SerialManager_OpenReadHandle
                0x00002060       0x74 ./component/serial_manager/serial_manager.o
                0x00002060                SerialManager_OpenReadHandle
 .text.Serial_UartInit
                0x000020d4       0x80 ./component/serial_manager/serial_port_uart.o
                0x000020d4                Serial_UartInit
 .text.Serial_UartWrite
                0x00002154       0x58 ./component/serial_manager/serial_port_uart.o
                0x00002154                Serial_UartWrite
 .text.BOARD_InitDebugConsole
                0x000021ac       0x48 ./board/board.o
                0x000021ac                BOARD_InitDebugConsole
 .text.BOARD_BootClockHSRUN
                0x000021f4       0x60 ./board/clock_config.o
                0x000021f4                BOARD_BootClockHSRUN
 .text.DMA_EnableChannel
                0x00002254       0x58 ./board/peripherals.o
 .text.FLEXCOMM0_init
                0x000022ac       0x64 ./board/peripherals.o
                0x000022ac                FLEXCOMM0_init
 .text.BOARD_InitPeripherals_cm4
                0x00002310       0x1c ./board/peripherals.o
                0x00002310                BOARD_InitPeripherals_cm4
 .text.CLOCK_EnableClock
                0x0000232c       0x4c ./board/pin_mux.o
 .text.BOARD_InitDEBUG_UARTPins
                0x00002378       0x34 ./board/pin_mux.o
                0x00002378                BOARD_InitDEBUG_UARTPins
 .text.POWER_SetVoltageForFreq
                0x000023ac      0x110 C:\Users\Dell-i3\git\repository2\Tutorial_3\libs\libpower_cm4_hardabi.a(fsl_power_lib.o)
                0x000023ac                POWER_SetVoltageForFreq
 .text.__assertion_failed
                0x000024bc       0x4c c:/nxp/mcuxpressoide_11.1.1_3241/ide/plugins/com.nxp.mcuxpresso.tools.win32_11.1.0.202001081728/tools/bin/../lib/gcc/arm-none-eabi/8.3.1/../../../../arm-none-eabi/lib/thumb/v7e-m+fp/hard\libcr_nohost_nf.a(_cr_assert.o)
                0x000024bc                __assertion_failed
 .text._Cwritebuf
                0x00002508       0x6c c:/nxp/mcuxpressoide_11.1.1_3241/ide/plugins/com.nxp.mcuxpresso.tools.win32_11.1.0.202001081728/tools/bin/../lib/gcc/arm-none-eabi/8.3.1/../../../../arm-none-eabi/lib/thumb/v7e-m+fp/hard\libcr_c.a(_writebuf.o)
                0x00002508                _Cwritebuf
 .text.malloc   0x00002574       0xc8 c:/nxp/mcuxpressoide_11.1.1_3241/ide/plugins/com.nxp.mcuxpresso.tools.win32_11.1.0.202001081728/tools/bin/../lib/gcc/arm-none-eabi/8.3.1/../../../../arm-none-eabi/lib/thumb/v7e-m+fp/hard\libcr_c.a(alloc.o)
                0x00002574                malloc
 .text._Csys_alloc
                0x0000263c       0x20 c:/nxp/mcuxpressoide_11.1.1_3241/ide/plugins/com.nxp.mcuxpresso.tools.win32_11.1.0.202001081728/tools/bin/../lib/gcc/arm-none-eabi/8.3.1/../../../../arm-none-eabi/lib/thumb/v7e-m+fp/hard\libcr_c.a(alloc.o)
                0x0000263c                _Csys_alloc
 .text.fseek    0x0000265c      0x100 c:/nxp/mcuxpressoide_11.1.1_3241/ide/plugins/com.nxp.mcuxpresso.tools.win32_11.1.0.202001081728/tools/bin/../lib/gcc/arm-none-eabi/8.3.1/../../../../arm-none-eabi/lib/thumb/v7e-m+fp/hard\libcr_c.a(fseek.o)
                0x0000265c                fseek
 .text.ftell    0x0000275c       0x48 c:/nxp/mcuxpressoide_11.1.1_3241/ide/plugins/com.nxp.mcuxpresso.tools.win32_11.1.0.202001081728/tools/bin/../lib/gcc/arm-none-eabi/8.3.1/../../../../arm-none-eabi/lib/thumb/v7e-m+fp/hard\libcr_c.a(ftell.o)
                0x0000275c                ftell
 .text._initio  0x000027a4       0x78 c:/nxp/mcuxpressoide_11.1.1_3241/ide/plugins/com.nxp.mcuxpresso.tools.win32_11.1.0.202001081728/tools/bin/../lib/gcc/arm-none-eabi/8.3.1/../../../../arm-none-eabi/lib/thumb/v7e-m+fp/hard\libcr_c.a(initio.o)
                0x000027a4                _initio
 .text.__vfprintf
                0x0000281c      0xbe0 c:/nxp/mcuxpressoide_11.1.1_3241/ide/plugins/com.nxp.mcuxpresso.tools.win32_11.1.0.202001081728/tools/bin/../lib/gcc/arm-none-eabi/8.3.1/../../../../arm-none-eabi/lib/thumb/v7e-m+fp/hard\libcr_c.a(printf.o)
                0x0000281c                __vfprintf
 .text._vsnprintf
                0x000033fc       0x68 c:/nxp/mcuxpressoide_11.1.1_3241/ide/plugins/com.nxp.mcuxpresso.tools.win32_11.1.0.202001081728/tools/bin/../lib/gcc/arm-none-eabi/8.3.1/../../../../arm-none-eabi/lib/thumb/v7e-m+fp/hard\libcr_c.a(printf.o)
                0x000033fc                _vsnprintf
 .text._printf  0x00003464       0x54 c:/nxp/mcuxpressoide_11.1.1_3241/ide/plugins/com.nxp.mcuxpresso.tools.win32_11.1.0.202001081728/tools/bin/../lib/gcc/arm-none-eabi/8.3.1/../../../../arm-none-eabi/lib/thumb/v7e-m+fp/hard\libcr_c.a(printf.o)
                0x00003464                _printf
 .text.setvbuf  0x000034b8       0x40 c:/nxp/mcuxpressoide_11.1.1_3241/ide/plugins/com.nxp.mcuxpresso.tools.win32_11.1.0.202001081728/tools/bin/../lib/gcc/arm-none-eabi/8.3.1/../../../../arm-none-eabi/lib/thumb/v7e-m+fp/hard\libcr_c.a(setvbuf.o)
                0x000034b8                setvbuf
 .text._sbrk    0x000034f8       0x3c c:/nxp/mcuxpressoide_11.1.1_3241/ide/plugins/com.nxp.mcuxpresso.tools.win32_11.1.0.202001081728/tools/bin/../lib/gcc/arm-none-eabi/8.3.1/../../../../arm-none-eabi/lib/thumb/v7e-m+fp/hard\libcr_c.a(_cr_sbrk.o)
                0x000034f8                _sbrk
 .text.fflush   0x00003534       0x44 c:/nxp/mcuxpressoide_11.1.1_3241/ide/plugins/com.nxp.mcuxpresso.tools.win32_11.1.0.202001081728/tools/bin/../lib/gcc/arm-none-eabi/8.3.1/../../../../arm-none-eabi/lib/thumb/v7e-m+fp/hard\libcr_c.a(fflush.o)
                0x00003534                fflush
 .text.__check_heap_overflow
                0x00003578       0x18 c:/nxp/mcuxpressoide_11.1.1_3241/ide/plugins/com.nxp.mcuxpresso.tools.win32_11.1.0.202001081728/tools/bin/../lib/gcc/arm-none-eabi/8.3.1/../../../../arm-none-eabi/lib/thumb/v7e-m+fp/hard\libcr_c.a(_cr_check_heap.o)
                0x00003578                __check_heap_overflow
 .text.__sys_write
                0x00003590       0x3e ./utilities/fsl_debug_console.o
                0x00003590                __sys_write
 .text.WDT_BOD_IRQHandler
                0x000035ce        0x8 ./startup/startup_lpc5411x.o
                0x000035ce                WDT_BOD_IRQHandler
 .text.DMA0_IRQHandler
                0x000035d6        0x8 ./startup/startup_lpc5411x.o
                0x000035d6                DMA0_IRQHandler
 .text.GINT0_IRQHandler
                0x000035de        0x8 ./startup/startup_lpc5411x.o
                0x000035de                GINT0_IRQHandler
 .text.GINT1_IRQHandler
                0x000035e6        0x8 ./startup/startup_lpc5411x.o
                0x000035e6                GINT1_IRQHandler
 .text.PIN_INT0_IRQHandler
                0x000035ee        0x8 ./startup/startup_lpc5411x.o
                0x000035ee                PIN_INT0_IRQHandler
 .text.PIN_INT1_IRQHandler
                0x000035f6        0x8 ./startup/startup_lpc5411x.o
                0x000035f6                PIN_INT1_IRQHandler
 .text.PIN_INT2_IRQHandler
                0x000035fe        0x8 ./startup/startup_lpc5411x.o
                0x000035fe                PIN_INT2_IRQHandler
 .text.PIN_INT3_IRQHandler
                0x00003606        0x8 ./startup/startup_lpc5411x.o
                0x00003606                PIN_INT3_IRQHandler
 .text.UTICK0_IRQHandler
                0x0000360e        0x8 ./startup/startup_lpc5411x.o
                0x0000360e                UTICK0_IRQHandler
 .text.MRT0_IRQHandler
                0x00003616        0x8 ./startup/startup_lpc5411x.o
                0x00003616                MRT0_IRQHandler
 .text.CTIMER0_IRQHandler
                0x0000361e        0x8 ./startup/startup_lpc5411x.o
                0x0000361e                CTIMER0_IRQHandler
 .text.CTIMER1_IRQHandler
                0x00003626        0x8 ./startup/startup_lpc5411x.o
                0x00003626                CTIMER1_IRQHandler
 .text.SCT0_IRQHandler
                0x0000362e        0x8 ./startup/startup_lpc5411x.o
                0x0000362e                SCT0_IRQHandler
 .text.CTIMER3_IRQHandler
                0x00003636        0x8 ./startup/startup_lpc5411x.o
                0x00003636                CTIMER3_IRQHandler
 .text.FLEXCOMM0_IRQHandler
                0x0000363e        0x8 ./startup/startup_lpc5411x.o
                0x0000363e                FLEXCOMM0_IRQHandler
 .text.FLEXCOMM1_IRQHandler
                0x00003646        0x8 ./startup/startup_lpc5411x.o
                0x00003646                FLEXCOMM1_IRQHandler
 .text.FLEXCOMM2_IRQHandler
                0x0000364e        0x8 ./startup/startup_lpc5411x.o
                0x0000364e                FLEXCOMM2_IRQHandler
 .text.FLEXCOMM3_IRQHandler
                0x00003656        0x8 ./startup/startup_lpc5411x.o
                0x00003656                FLEXCOMM3_IRQHandler
 .text.FLEXCOMM4_IRQHandler
                0x0000365e        0x8 ./startup/startup_lpc5411x.o
                0x0000365e                FLEXCOMM4_IRQHandler
 .text.FLEXCOMM5_IRQHandler
                0x00003666        0x8 ./startup/startup_lpc5411x.o
                0x00003666                FLEXCOMM5_IRQHandler
 .text.FLEXCOMM6_IRQHandler
                0x0000366e        0x8 ./startup/startup_lpc5411x.o
                0x0000366e                FLEXCOMM6_IRQHandler
 .text.FLEXCOMM7_IRQHandler
                0x00003676        0x8 ./startup/startup_lpc5411x.o
                0x00003676                FLEXCOMM7_IRQHandler
 .text.ADC0_SEQA_IRQHandler
                0x0000367e        0x8 ./startup/startup_lpc5411x.o
                0x0000367e                ADC0_SEQA_IRQHandler
 .text.ADC0_SEQB_IRQHandler
                0x00003686        0x8 ./startup/startup_lpc5411x.o
                0x00003686                ADC0_SEQB_IRQHandler
 .text.ADC0_THCMP_IRQHandler
                0x0000368e        0x8 ./startup/startup_lpc5411x.o
                0x0000368e                ADC0_THCMP_IRQHandler
 .text.DMIC0_IRQHandler
                0x00003696        0x8 ./startup/startup_lpc5411x.o
                0x00003696                DMIC0_IRQHandler
 .text.HWVAD0_IRQHandler
                0x0000369e        0x8 ./startup/startup_lpc5411x.o
                0x0000369e                HWVAD0_IRQHandler
 .text.USB0_NEEDCLK_IRQHandler
                0x000036a6        0x8 ./startup/startup_lpc5411x.o
                0x000036a6                USB0_NEEDCLK_IRQHandler
 .text.USB0_IRQHandler
                0x000036ae        0x8 ./startup/startup_lpc5411x.o
                0x000036ae                USB0_IRQHandler
 .text.RTC_IRQHandler
                0x000036b6        0x8 ./startup/startup_lpc5411x.o
                0x000036b6                RTC_IRQHandler
 .text.IOH_IRQHandler
                0x000036be        0x8 ./startup/startup_lpc5411x.o
                0x000036be                IOH_IRQHandler
 .text.MAILBOX_IRQHandler
                0x000036c6        0x8 ./startup/startup_lpc5411x.o
                0x000036c6                MAILBOX_IRQHandler
 .text.PIN_INT4_IRQHandler
                0x000036ce        0x8 ./startup/startup_lpc5411x.o
                0x000036ce                PIN_INT4_IRQHandler
 .text.PIN_INT5_IRQHandler
                0x000036d6        0x8 ./startup/startup_lpc5411x.o
                0x000036d6                PIN_INT5_IRQHandler
 .text.PIN_INT6_IRQHandler
                0x000036de        0x8 ./startup/startup_lpc5411x.o
                0x000036de                PIN_INT6_IRQHandler
 .text.PIN_INT7_IRQHandler
                0x000036e6        0x8 ./startup/startup_lpc5411x.o
                0x000036e6                PIN_INT7_IRQHandler
 .text.CTIMER2_IRQHandler
                0x000036ee        0x8 ./startup/startup_lpc5411x.o
                0x000036ee                CTIMER2_IRQHandler
 .text.CTIMER4_IRQHandler
                0x000036f6        0x8 ./startup/startup_lpc5411x.o
                0x000036f6                CTIMER4_IRQHandler
 .text.Reserved54_IRQHandler
                0x000036fe        0x8 ./startup/startup_lpc5411x.o
                0x000036fe                Reserved54_IRQHandler
 .text.SPIFI0_IRQHandler
                0x00003706        0x8 ./startup/startup_lpc5411x.o
                0x00003706                SPIFI0_IRQHandler
 .text.HardFault_Handler
                0x0000370e       0x2c ./source/semihost_hardfault.o
                0x0000370e                HardFault_Handler
 .text.CLOCK_SetFLASHAccessCycles
                0x0000373a       0x34 ./drivers/fsl_clock.o
 .text.POWER_DisablePD
                0x0000376e       0x2e ./drivers/fsl_clock.o
 .text.CLOCK_GetExtClkFreq
                0x0000379c       0x10 ./drivers/fsl_clock.o
                0x0000379c                CLOCK_GetExtClkFreq
 .text.CLOCK_GetOsc32KFreq
                0x000037ac       0x12 ./drivers/fsl_clock.o
                0x000037ac                CLOCK_GetOsc32KFreq
 .text.CLOCK_GetFrgClkFreq
                0x000037be       0x64 ./drivers/fsl_clock.o
                0x000037be                CLOCK_GetFrgClkFreq
 .text.EnableIRQ
                0x00003822       0x2c ./drivers/fsl_dma.o
 .text.DMA_GetVirtualStartChannel
                0x0000384e       0x40 ./drivers/fsl_dma.o
 .text.FLEXCOMM_PeripheralIsPresent
                0x0000388e       0x64 ./drivers/fsl_flexcomm.o
 .text.FLEXCOMM_SetPeriph
                0x000038f2       0x74 ./drivers/fsl_flexcomm.o
 .text.RESET_PeripheralReset
                0x00003966       0x1c ./drivers/fsl_reset.o
                0x00003966                RESET_PeripheralReset
 .text.USART_EnableContinuousSCLK
                0x00003982       0x38 ./drivers/fsl_usart.o
 .text.USART_EnableTxDMA
                0x000039ba       0x40 ./drivers/fsl_usart_dma.o
 .text.USART_EnableRxDMA
                0x000039fa       0x40 ./drivers/fsl_usart_dma.o
 .text.SystemInitHook
                0x00003a3a        0xe ./device/system_LPC54114_cm4.o
                0x00003a3a                SystemInitHook
 .text.HAL_UartGetStatus
                0x00003a48       0x22 ./component/uart/usart_adapter.o
 .text.DisableGlobalIRQ
                0x00003a6a       0x20 ./component/serial_manager/serial_manager.o
 .text.EnableGlobalIRQ
                0x00003a8a       0x1e ./component/serial_manager/serial_manager.o
 .text.SerialManager_StartWriting
                0x00003aa8       0x4a ./component/serial_manager/serial_manager.o
 .text.SerialManager_WriteBlocking
                0x00003af2       0x20 ./component/serial_manager/serial_manager.o
                0x00003af2                SerialManager_WriteBlocking
 .text.POWER_DisablePD
                0x00003b12       0x2e ./board/clock_config.o
 .text.BOARD_InitBootClocks
                0x00003b40        0xc ./board/clock_config.o
                0x00003b40                BOARD_InitBootClocks
 .text.DMA0_init
                0x00003b4c        0xe ./board/peripherals.o
                0x00003b4c                DMA0_init
 .text.BOARD_InitBootPeripherals
                0x00003b5a        0xc ./board/peripherals.o
                0x00003b5a                BOARD_InitBootPeripherals
 .text.BOARD_InitBootPins
                0x00003b66       0x10 ./board/pin_mux.o
                0x00003b66                BOARD_InitBootPins
 .text.BOARD_InitPins_cm4
                0x00003b76        0xe ./board/pin_mux.o
                0x00003b76                BOARD_InitPins_cm4
 .text.__main   0x00003b84        0xe c:/nxp/mcuxpressoide_11.1.1_3241/ide/plugins/com.nxp.mcuxpresso.tools.win32_11.1.0.202001081728/tools/bin/../lib/gcc/arm-none-eabi/8.3.1/../../../../arm-none-eabi/lib/thumb/v7e-m+fp/hard\libcr_nohost_nf.a(_cr__main.o)
                0x00003b84                __main
 .text.__sys_appexit
                0x00003b92        0x2 c:/nxp/mcuxpressoide_11.1.1_3241/ide/plugins/com.nxp.mcuxpresso.tools.win32_11.1.0.202001081728/tools/bin/../lib/gcc/arm-none-eabi/8.3.1/../../../../arm-none-eabi/lib/thumb/v7e-m+fp/hard\libcr_nohost_nf.a(__sys_appexit.o)
                0x00003b92                __sys_appexit
                0x00003b92                __exit
 .text.memset   0x00003b94        0x4 c:/nxp/mcuxpressoide_11.1.1_3241/ide/plugins/com.nxp.mcuxpresso.tools.win32_11.1.0.202001081728/tools/bin/../lib/gcc/arm-none-eabi/8.3.1/../../../../arm-none-eabi/lib/thumb/v7e-m+fp/hard\libcr_c.a(memset.o)
                0x00003b94                memset
 .text._deferredlazyseek
                0x00003b98       0x40 c:/nxp/mcuxpressoide_11.1.1_3241/ide/plugins/com.nxp.mcuxpresso.tools.win32_11.1.0.202001081728/tools/bin/../lib/gcc/arm-none-eabi/8.3.1/../../../../arm-none-eabi/lib/thumb/v7e-m+fp/hard\libcr_c.a(_deferredlazyseek.o)
                0x00003b98                _deferredlazyseek
 .text.__flsbuf
                0x00003bd8      0x140 c:/nxp/mcuxpressoide_11.1.1_3241/ide/plugins/com.nxp.mcuxpresso.tools.win32_11.1.0.202001081728/tools/bin/../lib/gcc/arm-none-eabi/8.3.1/../../../../arm-none-eabi/lib/thumb/v7e-m+fp/hard\libcr_c.a(_deferredlazyseek.o)
                0x00003bd8                __flsbuf
 .text._fflush  0x00003d18       0x52 c:/nxp/mcuxpressoide_11.1.1_3241/ide/plugins/com.nxp.mcuxpresso.tools.win32_11.1.0.202001081728/tools/bin/../lib/gcc/arm-none-eabi/8.3.1/../../../../arm-none-eabi/lib/thumb/v7e-m+fp/hard\libcr_c.a(_fflush.o)
                0x00003d18                _fflush
 .text.free     0x00003d6a       0x30 c:/nxp/mcuxpressoide_11.1.1_3241/ide/plugins/com.nxp.mcuxpresso.tools.win32_11.1.0.202001081728/tools/bin/../lib/gcc/arm-none-eabi/8.3.1/../../../../arm-none-eabi/lib/thumb/v7e-m+fp/hard\libcr_c.a(alloc.o)
                0x00003d6a                free
 .text.fputs    0x00003d9a       0x2c c:/nxp/mcuxpressoide_11.1.1_3241/ide/plugins/com.nxp.mcuxpresso.tools.win32_11.1.0.202001081728/tools/bin/../lib/gcc/arm-none-eabi/8.3.1/../../../../arm-none-eabi/lib/thumb/v7e-m+fp/hard\libcr_c.a(fputs.o)
                0x00003d9a                fputs
 .text.no_fp_display
                0x00003dc6        0x4 c:/nxp/mcuxpressoide_11.1.1_3241/ide/plugins/com.nxp.mcuxpresso.tools.win32_11.1.0.202001081728/tools/bin/../lib/gcc/arm-none-eabi/8.3.1/../../../../arm-none-eabi/lib/thumb/v7e-m+fp/hard\libcr_c.a(printf.o)
 .text.strlen   0x00003dca       0x4c c:/nxp/mcuxpressoide_11.1.1_3241/ide/plugins/com.nxp.mcuxpresso.tools.win32_11.1.0.202001081728/tools/bin/../lib/gcc/arm-none-eabi/8.3.1/../../../../arm-none-eabi/lib/thumb/v7e-m+fp/hard\libcr_c.a(strlen.o)
                0x00003dca                strlen
 .text._fdopen  0x00003e16       0x68 c:/nxp/mcuxpressoide_11.1.1_3241/ide/plugins/com.nxp.mcuxpresso.tools.win32_11.1.0.202001081728/tools/bin/../lib/gcc/arm-none-eabi/8.3.1/../../../../arm-none-eabi/lib/thumb/v7e-m+fp/hard\libcr_c.a(_fdopen.o)
                0x00003e16                _fdopen
 .text.fclose   0x00003e7e       0x58 c:/nxp/mcuxpressoide_11.1.1_3241/ide/plugins/com.nxp.mcuxpresso.tools.win32_11.1.0.202001081728/tools/bin/../lib/gcc/arm-none-eabi/8.3.1/../../../../arm-none-eabi/lib/thumb/v7e-m+fp/hard\libcr_c.a(fclose.o)
                0x00003e7e                fclose
 .text.remove   0x00003ed6       0x14 c:/nxp/mcuxpressoide_11.1.1_3241/ide/plugins/com.nxp.mcuxpresso.tools.win32_11.1.0.202001081728/tools/bin/../lib/gcc/arm-none-eabi/8.3.1/../../../../arm-none-eabi/lib/thumb/v7e-m+fp/hard\libcr_c.a(remove.o)
                0x00003ed6                remove
 .text._do_fflush
                0x00003eea       0x40 c:/nxp/mcuxpressoide_11.1.1_3241/ide/plugins/com.nxp.mcuxpresso.tools.win32_11.1.0.202001081728/tools/bin/../lib/gcc/arm-none-eabi/8.3.1/../../../../arm-none-eabi/lib/thumb/v7e-m+fp/hard\libcr_c.a(_do_fflush.o)
                0x00003eea                _do_fflush
 .text.__aeabi_division_uldivmod
                0x00003f2a      0x174 c:/nxp/mcuxpressoide_11.1.1_3241/ide/plugins/com.nxp.mcuxpresso.tools.win32_11.1.0.202001081728/tools/bin/../lib/gcc/arm-none-eabi/8.3.1/thumb/v7e-m+fp/hard\libcr_eabihelpers.a(division_64.o)
                0x00003f2a                __aeabi_uldivmod
                0x00003f2e                __bhs_ldivmod1
 .text.__aeabi_division_idiv0
                0x0000409e        0x2 c:/nxp/mcuxpressoide_11.1.1_3241/ide/plugins/com.nxp.mcuxpresso.tools.win32_11.1.0.202001081728/tools/bin/../lib/gcc/arm-none-eabi/8.3.1/thumb/v7e-m+fp/hard\libcr_eabihelpers.a(division_idiv0.o)
                0x0000409e                __aeabi_idiv0
 .text.__aeabi_memset_lowlevel
                0x000040a0       0x32 c:/nxp/mcuxpressoide_11.1.1_3241/ide/plugins/com.nxp.mcuxpresso.tools.win32_11.1.0.202001081728/tools/bin/../lib/gcc/arm-none-eabi/8.3.1/thumb/v7e-m+fp/hard\libcr_eabihelpers.a(memcpy.o)
                0x000040a0                __aeabi_lowlevel_memset
 .text.__sys_close
                0x000040d2        0x6 c:/nxp/mcuxpressoide_11.1.1_3241/ide/plugins/com.nxp.mcuxpresso.tools.win32_11.1.0.202001081728/tools/bin/../lib/gcc/arm-none-eabi/8.3.1/../../../../arm-none-eabi/lib/thumb/v7e-m+fp/hard\libcr_nohost_nf.a(__sys_close.o)
                0x000040d2                __sys_close
 .text.__sys_flen
                0x000040d8        0x6 c:/nxp/mcuxpressoide_11.1.1_3241/ide/plugins/com.nxp.mcuxpresso.tools.win32_11.1.0.202001081728/tools/bin/../lib/gcc/arm-none-eabi/8.3.1/../../../../arm-none-eabi/lib/thumb/v7e-m+fp/hard\libcr_nohost_nf.a(__sys_flen.o)
                0x000040d8                __sys_flen
 .text.__sys_istty
                0x000040de        0x6 c:/nxp/mcuxpressoide_11.1.1_3241/ide/plugins/com.nxp.mcuxpresso.tools.win32_11.1.0.202001081728/tools/bin/../lib/gcc/arm-none-eabi/8.3.1/../../../../arm-none-eabi/lib/thumb/v7e-m+fp/hard\libcr_nohost_nf.a(__sys_istty.o)
                0x000040de                __sys_istty
 .text.__sys_remove
                0x000040e4        0x6 c:/nxp/mcuxpressoide_11.1.1_3241/ide/plugins/com.nxp.mcuxpresso.tools.win32_11.1.0.202001081728/tools/bin/../lib/gcc/arm-none-eabi/8.3.1/../../../../arm-none-eabi/lib/thumb/v7e-m+fp/hard\libcr_nohost_nf.a(__sys_remove.o)
                0x000040e4                __sys_remove
 .text.__sys_seek
                0x000040ea        0x6 c:/nxp/mcuxpressoide_11.1.1_3241/ide/plugins/com.nxp.mcuxpresso.tools.win32_11.1.0.202001081728/tools/bin/../lib/gcc/arm-none-eabi/8.3.1/../../../../arm-none-eabi/lib/thumb/v7e-m+fp/hard\libcr_nohost_nf.a(__sys_seek.o)
                0x000040ea                __sys_seek
 .text.__sys_tmpnam
                0x000040f0        0x6 c:/nxp/mcuxpressoide_11.1.1_3241/ide/plugins/com.nxp.mcuxpresso.tools.win32_11.1.0.202001081728/tools/bin/../lib/gcc/arm-none-eabi/8.3.1/../../../../arm-none-eabi/lib/thumb/v7e-m+fp/hard\libcr_nohost_nf.a(__sys_tmpnam.o)
                0x000040f0                __sys_tmpnam
 *(SORT_BY_ALIGNMENT(.rodata) SORT_BY_ALIGNMENT(.rodata.*) SORT_BY_ALIGNMENT(.constdata) SORT_BY_ALIGNMENT(.constdata.*))
 *fill*         0x000040f6        0x2 ff
 .rodata.DbgConsole_SendDataReliable.str1.4
                0x000040f8       0x4d ./utilities/fsl_debug_console.o
 *fill*         0x00004145        0x3 ff
 .rodata.DbgConsole_Init.str1.4
                0x00004148       0xcb ./utilities/fsl_debug_console.o
 *fill*         0x00004213        0x1 ff
 .rodata.main.str1.4
                0x00004214        0x5 ./source/Tutorial_3.o
 *fill*         0x00004219        0x3 ff
 .rodata.wdtFreqLookup
                0x0000421c       0x20 ./drivers/fsl_clock.o
 .rodata.CLOCK_GetCoreSysClkFreq.str1.4
                0x0000423c       0x19 ./drivers/fsl_clock.o
 *fill*         0x00004255        0x3 ff
 .rodata.CLOCK_GetFlexCommClkFreq.str1.4
                0x00004258       0x19 ./drivers/fsl_clock.o
 *fill*         0x00004271        0x3 ff
 .rodata.CLOCK_GetFRGInputClock.str1.4
                0x00004274       0x19 ./drivers/fsl_clock.o
 *fill*         0x0000428d        0x3 ff
 .rodata.DMA_ChannelIsActive.str1.4
                0x00004290       0x4f ./drivers/fsl_dma.o
 *fill*         0x000042df        0x1 ff
 .rodata.DMA_EnableChannelInterrupts.str1.4
                0x000042e0       0x4f ./drivers/fsl_dma.o
 *fill*         0x0000432f        0x1 ff
 .rodata.DMA_EnableChannel.str1.4
                0x00004330       0x4f ./drivers/fsl_dma.o
 *fill*         0x0000437f        0x1 ff
 .rodata.DMA_EnableChannelPeriphRq.str1.4
                0x00004380       0x4f ./drivers/fsl_dma.o
 *fill*         0x000043cf        0x1 ff
 .rodata.DMA_DisableChannelPeriphRq.str1.4
                0x000043d0       0x4f ./drivers/fsl_dma.o
 *fill*         0x0000441f        0x1 ff
 .rodata.DMA_GetInstance.str1.4
                0x00004420       0x32 ./drivers/fsl_dma.o
 *fill*         0x00004452        0x2 ff
 .rodata.DMA_SetupXferCFG.str1.4
                0x00004454      0x13a ./drivers/fsl_dma.o
 *fill*         0x0000458e        0x2 ff
 .rodata.DMA_SetupDescriptor.str1.4
                0x00004590       0x7a ./drivers/fsl_dma.o
 *fill*         0x0000460a        0x2 ff
 .rodata.DMA_CreateDescriptor.str1.4
                0x0000460c      0x144 ./drivers/fsl_dma.o
 .rodata.DMA_CreateHandle.str1.4
                0x00004750       0x65 ./drivers/fsl_dma.o
 *fill*         0x000047b5        0x3 ff
 .rodata.DMA_SetCallback.str1.4
                0x000047b8       0x20 ./drivers/fsl_dma.o
 .rodata.DMA_PrepareTransfer.str1.4
                0x000047d8      0x176 ./drivers/fsl_dma.o
 *fill*         0x0000494e        0x2 ff
 .rodata.DMA_SubmitTransfer.str1.4
                0x00004950       0x97 ./drivers/fsl_dma.o
 *fill*         0x000049e7        0x1 ff
 .rodata.DMA_StartTransfer.str1.4
                0x000049e8       0x77 ./drivers/fsl_dma.o
 *fill*         0x00004a5f        0x1 ff
 .rodata.s_flexcommBaseAddrs
                0x00004a60       0x20 ./drivers/fsl_flexcomm.o
 .rodata.s_flexcommClocks
                0x00004a80       0x10 ./drivers/fsl_flexcomm.o
 .rodata.s_flexcommResets
                0x00004a90       0x20 ./drivers/fsl_flexcomm.o
 .rodata.FLEXCOMM_GetInstance.str1.4
                0x00004ab0       0x39 ./drivers/fsl_flexcomm.o
 *fill*         0x00004ae9        0x3 ff
 .rodata.FLEXCOMM0_DriverIRQHandler.str1.4
                0x00004aec       0x2e ./drivers/fsl_flexcomm.o
 *fill*         0x00004b1a        0x2 ff
 .rodata.FLEXCOMM1_DriverIRQHandler.str1.4
                0x00004b1c       0x2e ./drivers/fsl_flexcomm.o
 *fill*         0x00004b4a        0x2 ff
 .rodata.FLEXCOMM2_DriverIRQHandler.str1.4
                0x00004b4c       0x2e ./drivers/fsl_flexcomm.o
 *fill*         0x00004b7a        0x2 ff
 .rodata.FLEXCOMM3_DriverIRQHandler.str1.4
                0x00004b7c       0x2e ./drivers/fsl_flexcomm.o
 *fill*         0x00004baa        0x2 ff
 .rodata.FLEXCOMM4_DriverIRQHandler.str1.4
                0x00004bac       0x2e ./drivers/fsl_flexcomm.o
 *fill*         0x00004bda        0x2 ff
 .rodata.FLEXCOMM5_DriverIRQHandler.str1.4
                0x00004bdc       0x2e ./drivers/fsl_flexcomm.o
 *fill*         0x00004c0a        0x2 ff
 .rodata.FLEXCOMM6_DriverIRQHandler.str1.4
                0x00004c0c       0x2e ./drivers/fsl_flexcomm.o
 *fill*         0x00004c3a        0x2 ff
 .rodata.FLEXCOMM7_DriverIRQHandler.str1.4
                0x00004c3c       0x2e ./drivers/fsl_flexcomm.o
 *fill*         0x00004c6a        0x2 ff
 .rodata.RESET_SetPeripheralReset.str1.4
                0x00004c6c       0x20 ./drivers/fsl_reset.o
 .rodata.RESET_ClearPeripheralReset.str1.4
                0x00004c8c       0x20 ./drivers/fsl_reset.o
 .rodata.s_usartBaseAddrs
                0x00004cac       0x20 ./drivers/fsl_usart.o
 .rodata.USART_GetInstance.str1.4
                0x00004ccc       0x32 ./drivers/fsl_usart.o
 *fill*         0x00004cfe        0x2 ff
 .rodata.USART_Init.str1.4
                0x00004d00       0x50 ./drivers/fsl_usart.o
 .rodata.USART_GetDefaultConfig.str1.4
                0x00004d50       0x22 ./drivers/fsl_usart.o
 *fill*         0x00004d72        0x2 ff
 .rodata.USART_SetBaudRate.str1.4
                0x00004d74       0x52 ./drivers/fsl_usart.o
 *fill*         0x00004dc6        0x2 ff
 .rodata.USART_WriteBlocking.str1.4
                0x00004dc8       0x37 ./drivers/fsl_usart.o
 *fill*         0x00004dff        0x1 ff
 .rodata.USART_TransferSendDMACallback.str1.4
                0x00004e00       0x3c ./drivers/fsl_usart_dma.o
 .rodata.USART_TransferReceiveDMACallback.str1.4
                0x00004e3c       0x3c ./drivers/fsl_usart_dma.o
 .rodata.USART_TransferCreateHandleDMA.str1.4
                0x00004e78       0x51 ./drivers/fsl_usart_dma.o
 *fill*         0x00004ec9        0x3 ff
 .rodata.USART_TransferReceiveDMA.str1.4
                0x00004ecc       0xb2 ./drivers/fsl_usart_dma.o
 *fill*         0x00004f7e        0x2 ff
 .rodata.s_UsartAdapterBase
                0x00004f80       0x20 ./component/uart/usart_adapter.o
 .rodata.HAL_UartInit.str1.4
                0x00004fa0       0xdc ./component/uart/usart_adapter.o
 .rodata.HAL_UartSendBlocking.str1.4
                0x0000507c       0x5a ./component/uart/usart_adapter.o
 *fill*         0x000050d6        0x2 ff
 .rodata.SerialManager_Write.str1.4
                0x000050d8       0x83 ./component/serial_manager/serial_manager.o
 *fill*         0x0000515b        0x1 ff
 .rodata.SerialManager_Init.str1.4
                0x0000515c       0x45 ./component/serial_manager/serial_manager.o
 *fill*         0x000051a1        0x3 ff
 .rodata.SerialManager_OpenWriteHandle.str1.4
                0x000051a4       0x4d ./component/serial_manager/serial_manager.o
 *fill*         0x000051f1        0x3 ff
 .rodata.SerialManager_OpenReadHandle.str1.4
                0x000051f4       0x4c ./component/serial_manager/serial_manager.o
 .rodata.Serial_UartInit.str1.4
                0x00005240       0x4f ./component/serial_manager/serial_port_uart.o
 *fill*         0x0000528f        0x1 ff
 .rodata.Serial_UartWrite.str1.4
                0x00005290       0x6d ./component/serial_manager/serial_port_uart.o
 *fill*         0x000052fd        0x3 ff
 .rodata.BOARD_InitDebugConsole.str1.4
                0x00005300       0x28 ./board/board.o
 .rodata.DMA_EnableChannel.str1.4
                0x00005328       0x84 ./board/peripherals.o
                                 0x82 (size before relaxing)
 .rodata.FLEXCOMM0_config
                0x000053ac       0x10 ./board/peripherals.o
                0x000053ac                FLEXCOMM0_config
 .rodata.__num_Ciob_streams
                0x000053bc        0x4 c:/nxp/mcuxpressoide_11.1.1_3241/ide/plugins/com.nxp.mcuxpresso.tools.win32_11.1.0.202001081728/tools/bin/../lib/gcc/arm-none-eabi/8.3.1/../../../../arm-none-eabi/lib/thumb/v7e-m+fp/hard\libcr_nohost_nf.a(__ciob.o)
                0x000053bc                __num_Ciob_streams
 .rodata.__assertion_failed.str1.1
                0x000053c0       0x15 c:/nxp/mcuxpressoide_11.1.1_3241/ide/plugins/com.nxp.mcuxpresso.tools.win32_11.1.0.202001081728/tools/bin/../lib/gcc/arm-none-eabi/8.3.1/../../../../arm-none-eabi/lib/thumb/v7e-m+fp/hard\libcr_nohost_nf.a(_cr_assert.o)
 .rodata._Csys_alloc.str1.1
                0x000053d5       0x18 c:/nxp/mcuxpressoide_11.1.1_3241/ide/plugins/com.nxp.mcuxpresso.tools.win32_11.1.0.202001081728/tools/bin/../lib/gcc/arm-none-eabi/8.3.1/../../../../arm-none-eabi/lib/thumb/v7e-m+fp/hard\libcr_c.a(alloc.o)
 .rodata._initio.str1.1
                0x000053ed        0x4 c:/nxp/mcuxpressoide_11.1.1_3241/ide/plugins/com.nxp.mcuxpresso.tools.win32_11.1.0.202001081728/tools/bin/../lib/gcc/arm-none-eabi/8.3.1/../../../../arm-none-eabi/lib/thumb/v7e-m+fp/hard\libcr_c.a(initio.o)
 .rodata.__vfprintf.str1.1
                0x000053f1       0x35 c:/nxp/mcuxpressoide_11.1.1_3241/ide/plugins/com.nxp.mcuxpresso.tools.win32_11.1.0.202001081728/tools/bin/../lib/gcc/arm-none-eabi/8.3.1/../../../../arm-none-eabi/lib/thumb/v7e-m+fp/hard\libcr_c.a(printf.o)
                                 0x38 (size before relaxing)
                0x00005428                . = ALIGN (0x4)
 *fill*         0x00005426        0x2 ff

.glue_7         0x00005428        0x0
 .glue_7        0x00005428        0x0 linker stubs

.glue_7t        0x00005428        0x0
 .glue_7t       0x00005428        0x0 linker stubs

.vfp11_veneer   0x00005428        0x0
 .vfp11_veneer  0x00005428        0x0 linker stubs

.v4_bx          0x00005428        0x0
 .v4_bx         0x00005428        0x0 linker stubs

.iplt           0x00005428        0x0
 .iplt          0x00005428        0x0 ./utilities/fsl_debug_console.o

.rel.dyn        0x00005428        0x0
 .rel.iplt      0x00005428        0x0 ./utilities/fsl_debug_console.o

.ARM.extab
 *(SORT_BY_ALIGNMENT(.ARM.extab*) SORT_BY_ALIGNMENT(.gnu.linkonce.armextab.*))

.ARM.exidx      0x00005428        0x0
                0x00005428                __exidx_start = .
 *(SORT_BY_ALIGNMENT(.ARM.exidx*) SORT_BY_ALIGNMENT(.gnu.linkonce.armexidx.*))
                0x00005428                __exidx_end = .
                0x00005428                _etext = .

.data_RAM2      0x20000000        0x0 load address 0x00005428
 FILL mask 0xff
                [!provide]                PROVIDE (__start_data_RAM2 = .)
                [!provide]                PROVIDE (__start_data_SRAM0 = .)
 *(SORT_BY_ALIGNMENT(.ramfunc.$RAM2))
 *(SORT_BY_ALIGNMENT(.ramfunc.$SRAM0))
 *(SORT_BY_ALIGNMENT(.data.$RAM2))
 *(SORT_BY_ALIGNMENT(.data.$SRAM0))
 *(SORT_BY_ALIGNMENT(.data.$RAM2.*))
 *(SORT_BY_ALIGNMENT(.data.$SRAM0.*))
                0x20000000                . = ALIGN (0x4)
                [!provide]                PROVIDE (__end_data_RAM2 = .)
                [!provide]                PROVIDE (__end_data_SRAM0 = .)

.data_RAM3      0x04000000        0x0 load address 0x00005428
 FILL mask 0xff
                [!provide]                PROVIDE (__start_data_RAM3 = .)
                [!provide]                PROVIDE (__start_data_SRAMX = .)
 *(SORT_BY_ALIGNMENT(.ramfunc.$RAM3))
 *(SORT_BY_ALIGNMENT(.ramfunc.$SRAMX))
 *(SORT_BY_ALIGNMENT(.data.$RAM3))
 *(SORT_BY_ALIGNMENT(.data.$SRAMX))
 *(SORT_BY_ALIGNMENT(.data.$RAM3.*))
 *(SORT_BY_ALIGNMENT(.data.$SRAMX.*))
                0x04000000                . = ALIGN (0x4)
                [!provide]                PROVIDE (__end_data_RAM3 = .)
                [!provide]                PROVIDE (__end_data_SRAMX = .)

.data_RAM4      0x20020000        0x0 load address 0x00005428
 FILL mask 0xff
                [!provide]                PROVIDE (__start_data_RAM4 = .)
                [!provide]                PROVIDE (__start_data_SRAM2 = .)
 *(SORT_BY_ALIGNMENT(.ramfunc.$RAM4))
 *(SORT_BY_ALIGNMENT(.ramfunc.$SRAM2))
 *(SORT_BY_ALIGNMENT(.data.$RAM4))
 *(SORT_BY_ALIGNMENT(.data.$SRAM2))
 *(SORT_BY_ALIGNMENT(.data.$RAM4.*))
 *(SORT_BY_ALIGNMENT(.data.$SRAM2.*))
                0x20020000                . = ALIGN (0x4)
                [!provide]                PROVIDE (__end_data_RAM4 = .)
                [!provide]                PROVIDE (__end_data_SRAM2 = .)

.uninit_RESERVED
                0x20010000        0x0
                0x20010000                _start_uninit_RESERVED = .
 *(SORT_BY_ALIGNMENT(.bss.$RESERVED*))
                0x20010000                . = ALIGN (0x4)
                0x20010000                _end_uninit_RESERVED = .

.data           0x20010000        0x8 load address 0x00005428
 FILL mask 0xff
                0x20010000                _data = .
                [!provide]                PROVIDE (__start_data_RAM = .)
                [!provide]                PROVIDE (__start_data_SRAM1 = .)
 *(SORT_BY_ALIGNMENT(vtable))
 *(SORT_BY_ALIGNMENT(.ramfunc*))
 *(SORT_BY_ALIGNMENT(CodeQuickAccess))
 *(SORT_BY_ALIGNMENT(DataQuickAccess))
 *(SORT_BY_ALIGNMENT(RamFunction))
 *(SORT_BY_ALIGNMENT(.data*))
 .data.s_dma_descriptor_table
                0x20010000        0x4 ./drivers/fsl_dma.o
 .data.SystemCoreClock
                0x20010004        0x4 ./device/system_LPC54114_cm4.o
                0x20010004                SystemCoreClock
                0x20010008                . = ALIGN (0x4)
                0x20010008                _edata = .
                [!provide]                PROVIDE (__end_data_RAM = .)
                [!provide]                PROVIDE (__end_data_SRAM1 = .)

.igot.plt       0x20010008        0x0 load address 0x00005430
 .igot.plt      0x20010008        0x0 ./utilities/fsl_debug_console.o

.bss_RAM2       0x20000000        0x0
                [!provide]                PROVIDE (__start_bss_RAM2 = .)
                [!provide]                PROVIDE (__start_bss_SRAM0 = .)
 *(SORT_BY_ALIGNMENT(.bss.$RAM2))
 *(SORT_BY_ALIGNMENT(.bss.$SRAM0))
 *(SORT_BY_ALIGNMENT(.bss.$RAM2.*))
 *(SORT_BY_ALIGNMENT(.bss.$SRAM0.*))
                0x20000000                . = ALIGN ((. != 0x0)?0x4:0x1)
                [!provide]                PROVIDE (__end_bss_RAM2 = .)
                [!provide]                PROVIDE (__end_bss_SRAM0 = .)

.bss_RAM3       0x04000000        0x0
                [!provide]                PROVIDE (__start_bss_RAM3 = .)
                [!provide]                PROVIDE (__start_bss_SRAMX = .)
 *(SORT_BY_ALIGNMENT(.bss.$RAM3))
 *(SORT_BY_ALIGNMENT(.bss.$SRAMX))
 *(SORT_BY_ALIGNMENT(.bss.$RAM3.*))
 *(SORT_BY_ALIGNMENT(.bss.$SRAMX.*))
                0x04000000                . = ALIGN ((. != 0x0)?0x4:0x1)
                [!provide]                PROVIDE (__end_bss_RAM3 = .)
                [!provide]                PROVIDE (__end_bss_SRAMX = .)

.bss_RAM4       0x20020000        0x0
                [!provide]                PROVIDE (__start_bss_RAM4 = .)
                [!provide]                PROVIDE (__start_bss_SRAM2 = .)
 *(SORT_BY_ALIGNMENT(.bss.$RAM4))
 *(SORT_BY_ALIGNMENT(.bss.$SRAM2))
 *(SORT_BY_ALIGNMENT(.bss.$RAM4.*))
 *(SORT_BY_ALIGNMENT(.bss.$SRAM2.*))
                0x20020000                . = ALIGN ((. != 0x0)?0x4:0x1)
                [!provide]                PROVIDE (__end_bss_RAM4 = .)
                [!provide]                PROVIDE (__end_bss_SRAM2 = .)

.bss            0x20010200      0x738
                0x20010200                _bss = .
                [!provide]                PROVIDE (__start_bss_RAM = .)
                [!provide]                PROVIDE (__start_bss_SRAM1 = .)
 *(SORT_BY_ALIGNMENT(.bss*))
 .bss.s_dma_descriptor_table0
                0x20010200      0x140 ./drivers/fsl_dma.o
                0x20010200                s_dma_descriptor_table0
 .bss.s_debugConsoleState
                0x20010340       0x1c ./utilities/fsl_debug_console.o
 .bss.g_serialHandle
                0x2001035c        0x4 ./utilities/fsl_debug_console.o
                0x2001035c                g_serialHandle
 .bss.__SWVtrace_Enabled
                0x20010360        0x4 ./startup/startup_lpc5411x.o
                0x20010360                __SWVtrace_Enabled
 .bss.EndAddress
                0x20010364      0x400 ./source/Tutorial_3.o
                0x20010364                EndAddress
 .bss.rcit      0x20010764        0x8 ./source/Tutorial_3.o
                0x20010764                rcit
 .bss.s_Pll_Freq
                0x2001076c        0x4 ./drivers/fsl_clock.o
 .bss.s_I2S_Mclk_Freq
                0x20010770        0x4 ./drivers/fsl_clock.o
 .bss.s_DMAHandle
                0x20010774       0x50 ./drivers/fsl_dma.o
 .bss.s_flexcommIrqHandler
                0x200107c4       0x20 ./drivers/fsl_flexcomm.o
 .bss.s_flexcommHandle
                0x200107e4       0x20 ./drivers/fsl_flexcomm.o
 .bss.s_dmaPrivateHandle
                0x20010804       0x40 ./drivers/fsl_usart_dma.o
 .bss.FLEXCOMM0_RX_Handle
                0x20010844       0x10 ./board/peripherals.o
                0x20010844                FLEXCOMM0_RX_Handle
 .bss.FLEXCOMM0_USART_DMA_Handle
                0x20010854       0x20 ./board/peripherals.o
                0x20010854                FLEXCOMM0_USART_DMA_Handle
 .bss.__Ciob    0x20010874       0xb4 c:/nxp/mcuxpressoide_11.1.1_3241/ide/plugins/com.nxp.mcuxpresso.tools.win32_11.1.0.202001081728/tools/bin/../lib/gcc/arm-none-eabi/8.3.1/../../../../arm-none-eabi/lib/thumb/v7e-m+fp/hard\libcr_nohost_nf.a(__ciob.o)
                0x20010874                __Ciob
 .bss.__end_of_heap
                0x20010928        0x4 c:/nxp/mcuxpressoide_11.1.1_3241/ide/plugins/com.nxp.mcuxpresso.tools.win32_11.1.0.202001081728/tools/bin/../lib/gcc/arm-none-eabi/8.3.1/../../../../arm-none-eabi/lib/thumb/v7e-m+fp/hard\libcr_c.a(__init_alloc.o)
                0x20010928                __end_of_heap
 .bss.__heaps   0x2001092c        0x4 c:/nxp/mcuxpressoide_11.1.1_3241/ide/plugins/com.nxp.mcuxpresso.tools.win32_11.1.0.202001081728/tools/bin/../lib/gcc/arm-none-eabi/8.3.1/../../../../arm-none-eabi/lib/thumb/v7e-m+fp/hard\libcr_c.a(__init_alloc.o)
                0x2001092c                __heaps
 .bss.errno     0x20010930        0x4 c:/nxp/mcuxpressoide_11.1.1_3241/ide/plugins/com.nxp.mcuxpresso.tools.win32_11.1.0.202001081728/tools/bin/../lib/gcc/arm-none-eabi/8.3.1/../../../../arm-none-eabi/lib/thumb/v7e-m+fp/hard\libcr_c.a(errno.o)
                0x20010930                errno
 .bss.txOnGoing
                0x20010934        0x1 ./source/Tutorial_3.o
                0x20010934                txOnGoing
 .bss.rxOnGoing
                0x20010935        0x1 ./source/Tutorial_3.o
                0x20010935                rxOnGoing
 *(SORT_BY_ALIGNMENT(COMMON))
                0x20010938                . = ALIGN (0x4)
 *fill*         0x20010936        0x2 
                0x20010938                _ebss = .
                [!provide]                PROVIDE (__end_bss_RAM = .)
                [!provide]                PROVIDE (__end_bss_SRAM1 = .)
                [!provide]                PROVIDE (end = .)

.noinit_RAM2    0x20000000        0x0
                [!provide]                PROVIDE (__start_noinit_RAM2 = .)
                [!provide]                PROVIDE (__start_noinit_SRAM0 = .)
 *(SORT_BY_ALIGNMENT(.noinit.$RAM2))
 *(SORT_BY_ALIGNMENT(.noinit.$SRAM0))
 *(SORT_BY_ALIGNMENT(.noinit.$RAM2.*))
 *(SORT_BY_ALIGNMENT(.noinit.$SRAM0.*))
                0x20000000                . = ALIGN (0x4)
                [!provide]                PROVIDE (__end_noinit_RAM2 = .)
                [!provide]                PROVIDE (__end_noinit_SRAM0 = .)

.noinit_RAM3    0x04000000        0x0
                [!provide]                PROVIDE (__start_noinit_RAM3 = .)
                [!provide]                PROVIDE (__start_noinit_SRAMX = .)
 *(SORT_BY_ALIGNMENT(.noinit.$RAM3))
 *(SORT_BY_ALIGNMENT(.noinit.$SRAMX))
 *(SORT_BY_ALIGNMENT(.noinit.$RAM3.*))
 *(SORT_BY_ALIGNMENT(.noinit.$SRAMX.*))
                0x04000000                . = ALIGN (0x4)
                [!provide]                PROVIDE (__end_noinit_RAM3 = .)
                [!provide]                PROVIDE (__end_noinit_SRAMX = .)

.noinit_RAM4    0x20020000        0x0
                [!provide]                PROVIDE (__start_noinit_RAM4 = .)
                [!provide]                PROVIDE (__start_noinit_SRAM2 = .)
 *(SORT_BY_ALIGNMENT(.noinit.$RAM4))
 *(SORT_BY_ALIGNMENT(.noinit.$SRAM2))
 *(SORT_BY_ALIGNMENT(.noinit.$RAM4.*))
 *(SORT_BY_ALIGNMENT(.noinit.$SRAM2.*))
                0x20020000                . = ALIGN (0x4)
                [!provide]                PROVIDE (__end_noinit_RAM4 = .)
                [!provide]                PROVIDE (__end_noinit_SRAM2 = .)

.noinit         0x20010938        0x0
                0x20010938                _noinit = .
                [!provide]                PROVIDE (__start_noinit_RAM = .)
                [!provide]                PROVIDE (__start_noinit_SRAM1 = .)
 *(SORT_BY_ALIGNMENT(.noinit*))
                0x20010938                . = ALIGN (0x4)
                0x20010938                _end_noinit = .
                [!provide]                PROVIDE (__end_noinit_RAM = .)
                [!provide]                PROVIDE (__end_noinit_SRAM1 = .)
                0x00001000                _HeapSize = 0x1000

.heap           0x20010938     0x1000
                0x20010938                _pvHeapStart = .
                0x20011938                . = (. + _HeapSize)
 *fill*         0x20010938     0x1000 
                0x20011938                . = ALIGN (0x4)
                0x20011938                _pvHeapLimit = .
                0x00001000                _StackSize = 0x1000

.heap2stackfill
                0x20011938     0x1000
                0x20012938                . = (. + _StackSize)
 *fill*         0x20011938     0x1000 

.stack          0x2001f000        0x0
                0x2001f000                _vStackBase = .
                0x2001f000                . = ALIGN (0x4)
                0x20020000                _vStackTop = (. + _StackSize)
                0xdffdc038                PROVIDE (__valid_user_code_checksum = (0x0 - ((((((_vStackTop + (ResetISR + 0x1)) + (NMI_Handler + 0x1)) + (HardFault_Handler + 0x1)) + (DEFINED (MemManage_Handler)?MemManage_Handler:0x0 + 0x1)) + (DEFINED (BusFault_Handler)?BusFault_Handler:0x0 + 0x1)) + (DEFINED (UsageFault_Handler)?UsageFault_Handler:0x0 + 0x1))))
                0x00000000                _image_start = LOADADDR (.text)
                0x00005430                _image_end = (LOADADDR (.data) + SIZEOF (.data))
                0x00005430                _image_size = (_image_end - _image_start)
OUTPUT(Tutorial_3.axf elf32-littlearm)

.debug_info     0x00000000    0x1241e
 .debug_info    0x00000000      0x9ef ./utilities/fsl_debug_console.o
 .debug_info    0x000009ef      0x5d4 ./startup/startup_lpc5411x.o
 .debug_info    0x00000fc3      0xeae ./source/Tutorial_3.o
 .debug_info    0x00001e71       0x3c ./source/semihost_hardfault.o
 .debug_info    0x00001ead     0x257a ./drivers/fsl_clock.o
 .debug_info    0x00004427     0x2545 ./drivers/fsl_dma.o
 .debug_info    0x0000696c     0x15cd ./drivers/fsl_flexcomm.o
 .debug_info    0x00007f39      0xbf3 ./drivers/fsl_reset.o
 .debug_info    0x00008b2c     0x15d5 ./drivers/fsl_usart.o
 .debug_info    0x0000a101     0x1072 ./drivers/fsl_usart_dma.o
 .debug_info    0x0000b173      0xd68 ./device/system_LPC54114_cm4.o
 .debug_info    0x0000bedb      0xcd8 ./component/uart/usart_adapter.o
 .debug_info    0x0000cbb3      0x8d9 ./component/serial_manager/serial_manager.o
 .debug_info    0x0000d48c      0x55e ./component/serial_manager/serial_port_uart.o
 .debug_info    0x0000d9ea      0x963 ./board/board.o
 .debug_info    0x0000e34d      0xd26 ./board/clock_config.o
 .debug_info    0x0000f073      0xd6f ./board/peripherals.o
 .debug_info    0x0000fde2      0xf58 ./board/pin_mux.o
 .debug_info    0x00010d3a     0x16e4 C:\Users\Dell-i3\git\repository2\Tutorial_3\libs\libpower_cm4_hardabi.a(fsl_power_lib.o)

.debug_abbrev   0x00000000     0x29b2
 .debug_abbrev  0x00000000      0x1cb ./utilities/fsl_debug_console.o
 .debug_abbrev  0x000001cb      0x174 ./startup/startup_lpc5411x.o
 .debug_abbrev  0x0000033f      0x202 ./source/Tutorial_3.o
 .debug_abbrev  0x00000541       0x31 ./source/semihost_hardfault.o
 .debug_abbrev  0x00000572      0x3b7 ./drivers/fsl_clock.o
 .debug_abbrev  0x00000929      0x379 ./drivers/fsl_dma.o
 .debug_abbrev  0x00000ca2      0x2fa ./drivers/fsl_flexcomm.o
 .debug_abbrev  0x00000f9c      0x1b5 ./drivers/fsl_reset.o
 .debug_abbrev  0x00001151      0x38d ./drivers/fsl_usart.o
 .debug_abbrev  0x000014de      0x264 ./drivers/fsl_usart_dma.o
 .debug_abbrev  0x00001742      0x216 ./device/system_LPC54114_cm4.o
 .debug_abbrev  0x00001958      0x1f7 ./component/uart/usart_adapter.o
 .debug_abbrev  0x00001b4f      0x240 ./component/serial_manager/serial_manager.o
 .debug_abbrev  0x00001d8f      0x160 ./component/serial_manager/serial_port_uart.o
 .debug_abbrev  0x00001eef      0x17f ./board/board.o
 .debug_abbrev  0x0000206e      0x18b ./board/clock_config.o
 .debug_abbrev  0x000021f9      0x1ee ./board/peripherals.o
 .debug_abbrev  0x000023e7      0x254 ./board/pin_mux.o
 .debug_abbrev  0x0000263b      0x377 C:\Users\Dell-i3\git\repository2\Tutorial_3\libs\libpower_cm4_hardabi.a(fsl_power_lib.o)

.debug_aranges  0x00000000      0xa78
 .debug_aranges
                0x00000000       0x60 ./utilities/fsl_debug_console.o
 .debug_aranges
                0x00000060      0x1c0 ./startup/startup_lpc5411x.o
 .debug_aranges
                0x00000220       0x28 ./source/Tutorial_3.o
 .debug_aranges
                0x00000248       0x20 ./source/semihost_hardfault.o
 .debug_aranges
                0x00000268      0x1b8 ./drivers/fsl_clock.o
 .debug_aranges
                0x00000420      0x130 ./drivers/fsl_dma.o
 .debug_aranges
                0x00000550       0x88 ./drivers/fsl_flexcomm.o
 .debug_aranges
                0x000005d8       0x48 ./drivers/fsl_reset.o
 .debug_aranges
                0x00000620       0xe0 ./drivers/fsl_usart.o
 .debug_aranges
                0x00000700       0x68 ./drivers/fsl_usart_dma.o
 .debug_aranges
                0x00000768       0x68 ./device/system_LPC54114_cm4.o
 .debug_aranges
                0x000007d0       0x50 ./component/uart/usart_adapter.o
 .debug_aranges
                0x00000820       0x98 ./component/serial_manager/serial_manager.o
 .debug_aranges
                0x000008b8       0x48 ./component/serial_manager/serial_port_uart.o
 .debug_aranges
                0x00000900       0x28 ./board/board.o
 .debug_aranges
                0x00000928       0x40 ./board/clock_config.o
 .debug_aranges
                0x00000968       0x40 ./board/peripherals.o
 .debug_aranges
                0x000009a8       0x78 ./board/pin_mux.o
 .debug_aranges
                0x00000a20       0x58 C:\Users\Dell-i3\git\repository2\Tutorial_3\libs\libpower_cm4_hardabi.a(fsl_power_lib.o)

.debug_ranges   0x00000000      0xa20
 .debug_ranges  0x00000000       0x50 ./utilities/fsl_debug_console.o
 .debug_ranges  0x00000050      0x1b0 ./startup/startup_lpc5411x.o
 .debug_ranges  0x00000200       0x18 ./source/Tutorial_3.o
 .debug_ranges  0x00000218       0x10 ./source/semihost_hardfault.o
 .debug_ranges  0x00000228      0x1a8 ./drivers/fsl_clock.o
 .debug_ranges  0x000003d0      0x120 ./drivers/fsl_dma.o
 .debug_ranges  0x000004f0       0x78 ./drivers/fsl_flexcomm.o
 .debug_ranges  0x00000568       0x38 ./drivers/fsl_reset.o
 .debug_ranges  0x000005a0       0xd0 ./drivers/fsl_usart.o
 .debug_ranges  0x00000670       0x58 ./drivers/fsl_usart_dma.o
 .debug_ranges  0x000006c8       0x58 ./device/system_LPC54114_cm4.o
 .debug_ranges  0x00000720       0x40 ./component/uart/usart_adapter.o
 .debug_ranges  0x00000760       0x88 ./component/serial_manager/serial_manager.o
 .debug_ranges  0x000007e8       0x38 ./component/serial_manager/serial_port_uart.o
 .debug_ranges  0x00000820       0x18 ./board/board.o
 .debug_ranges  0x00000838       0x30 ./board/clock_config.o
 .debug_ranges  0x00000868       0x30 ./board/peripherals.o
 .debug_ranges  0x00000898       0x68 ./board/pin_mux.o
 .debug_ranges  0x00000900      0x120 C:\Users\Dell-i3\git\repository2\Tutorial_3\libs\libpower_cm4_hardabi.a(fsl_power_lib.o)

.debug_macro    0x00000000     0xb3cf
 .debug_macro   0x00000000      0x1cc ./utilities/fsl_debug_console.o
 .debug_macro   0x000001cc      0xaea ./utilities/fsl_debug_console.o
 .debug_macro   0x00000cb6       0x10 ./utilities/fsl_debug_console.o
 .debug_macro   0x00000cc6       0x16 ./utilities/fsl_debug_console.o
 .debug_macro   0x00000cdc       0x10 ./utilities/fsl_debug_console.o
 .debug_macro   0x00000cec      0x12e ./utilities/fsl_debug_console.o
 .debug_macro   0x00000e1a       0x28 ./utilities/fsl_debug_console.o
 .debug_macro   0x00000e42       0x56 ./utilities/fsl_debug_console.o
 .debug_macro   0x00000e98       0x16 ./utilities/fsl_debug_console.o
 .debug_macro   0x00000eae       0x22 ./utilities/fsl_debug_console.o
 .debug_macro   0x00000ed0      0x5b3 ./utilities/fsl_debug_console.o
 .debug_macro   0x00001483       0x10 ./utilities/fsl_debug_console.o
 .debug_macro   0x00001493       0x38 ./utilities/fsl_debug_console.o
 .debug_macro   0x000014cb       0x1c ./utilities/fsl_debug_console.o
 .debug_macro   0x000014e7       0x22 ./utilities/fsl_debug_console.o
 .debug_macro   0x00001509       0xd8 ./utilities/fsl_debug_console.o
 .debug_macro   0x000015e1     0x1011 ./utilities/fsl_debug_console.o
 .debug_macro   0x000025f2      0x11f ./utilities/fsl_debug_console.o
 .debug_macro   0x00002711       0x2e ./utilities/fsl_debug_console.o
 .debug_macro   0x0000273f     0x68c5 ./utilities/fsl_debug_console.o
 .debug_macro   0x00009004      0x246 ./utilities/fsl_debug_console.o
 .debug_macro   0x0000924a       0xd0 ./utilities/fsl_debug_console.o
 .debug_macro   0x0000931a      0x1f7 ./utilities/fsl_debug_console.o
 .debug_macro   0x00009511       0x73 ./utilities/fsl_debug_console.o
 .debug_macro   0x00009584       0x2e ./utilities/fsl_debug_console.o
 .debug_macro   0x000095b2       0x28 ./utilities/fsl_debug_console.o
 .debug_macro   0x000095da       0x32 ./utilities/fsl_debug_console.o
 .debug_macro   0x0000960c       0x1c ./utilities/fsl_debug_console.o
 .debug_macro   0x00009628       0xd2 ./utilities/fsl_debug_console.o
 .debug_macro   0x000096fa       0x1c ./utilities/fsl_debug_console.o
 .debug_macro   0x00009716       0x32 ./startup/startup_lpc5411x.o
 .debug_macro   0x00009748       0x34 ./startup/startup_lpc5411x.o
 .debug_macro   0x0000977c      0x1da ./source/Tutorial_3.o
 .debug_macro   0x00009956       0xd8 ./source/Tutorial_3.o
 .debug_macro   0x00009a2e       0x22 ./source/Tutorial_3.o
 .debug_macro   0x00009a50       0x22 ./source/Tutorial_3.o
 .debug_macro   0x00009a72       0x10 ./source/Tutorial_3.o
 .debug_macro   0x00009a82      0x1c2 ./source/Tutorial_3.o
 .debug_macro   0x00009c44       0x76 ./source/Tutorial_3.o
 .debug_macro   0x00009cba       0x1c ./source/Tutorial_3.o
 .debug_macro   0x00009cd6       0x22 ./source/Tutorial_3.o
 .debug_macro   0x00009cf8      0x353 ./source/Tutorial_3.o
 .debug_macro   0x0000a04b       0x2e ./source/Tutorial_3.o
 .debug_macro   0x0000a079       0x11 ./source/semihost_hardfault.o
 .debug_macro   0x0000a08a      0x1db ./drivers/fsl_clock.o
 .debug_macro   0x0000a265       0x1c ./drivers/fsl_clock.o
 .debug_macro   0x0000a281       0x22 ./drivers/fsl_clock.o
 .debug_macro   0x0000a2a3      0x12d ./drivers/fsl_dma.o
 .debug_macro   0x0000a3d0       0x70 ./drivers/fsl_dma.o
 .debug_macro   0x0000a440      0x127 ./drivers/fsl_flexcomm.o
 .debug_macro   0x0000a567       0x10 ./drivers/fsl_flexcomm.o
 .debug_macro   0x0000a577      0x11e ./drivers/fsl_reset.o
 .debug_macro   0x0000a695      0x136 ./drivers/fsl_usart.o
 .debug_macro   0x0000a7cb       0x16 ./drivers/fsl_usart.o
 .debug_macro   0x0000a7e1      0x148 ./drivers/fsl_usart_dma.o
 .debug_macro   0x0000a929       0x10 ./drivers/fsl_usart_dma.o
 .debug_macro   0x0000a939       0xdf ./device/system_LPC54114_cm4.o
 .debug_macro   0x0000aa18      0x133 ./component/uart/usart_adapter.o
 .debug_macro   0x0000ab4b       0x28 ./component/uart/usart_adapter.o
 .debug_macro   0x0000ab73      0x161 ./component/serial_manager/serial_manager.o
 .debug_macro   0x0000acd4      0x149 ./component/serial_manager/serial_port_uart.o
 .debug_macro   0x0000ae1d      0x18d ./board/board.o
 .debug_macro   0x0000afaa       0x28 ./board/board.o
 .debug_macro   0x0000afd2       0x16 ./board/board.o
 .debug_macro   0x0000afe8      0x13e ./board/clock_config.o
 .debug_macro   0x0000b126       0x1c ./board/clock_config.o
 .debug_macro   0x0000b142      0x163 ./board/peripherals.o
 .debug_macro   0x0000b2a5      0x12a ./board/pin_mux.o

.debug_line     0x00000000     0x84f0
 .debug_line    0x00000000      0x695 ./utilities/fsl_debug_console.o
 .debug_line    0x00000695      0x55d ./startup/startup_lpc5411x.o
 .debug_line    0x00000bf2      0x525 ./source/Tutorial_3.o
 .debug_line    0x00001117       0x5a ./source/semihost_hardfault.o
 .debug_line    0x00001171     0x1497 ./drivers/fsl_clock.o
 .debug_line    0x00002608      0xe06 ./drivers/fsl_dma.o
 .debug_line    0x0000340e      0x613 ./drivers/fsl_flexcomm.o
 .debug_line    0x00003a21      0x485 ./drivers/fsl_reset.o
 .debug_line    0x00003ea6      0xd6e ./drivers/fsl_usart.o
 .debug_line    0x00004c14      0x60a ./drivers/fsl_usart_dma.o
 .debug_line    0x0000521e      0x593 ./device/system_LPC54114_cm4.o
 .debug_line    0x000057b1      0x4d4 ./component/uart/usart_adapter.o
 .debug_line    0x00005c85      0x770 ./component/serial_manager/serial_manager.o
 .debug_line    0x000063f5      0x51e ./component/serial_manager/serial_port_uart.o
 .debug_line    0x00006913      0x493 ./board/board.o
 .debug_line    0x00006da6      0x3e3 ./board/clock_config.o
 .debug_line    0x00007189      0x3ec ./board/peripherals.o
 .debug_line    0x00007575      0x750 ./board/pin_mux.o
 .debug_line    0x00007cc5      0x82b C:\Users\Dell-i3\git\repository2\Tutorial_3\libs\libpower_cm4_hardabi.a(fsl_power_lib.o)

.debug_str      0x00000000    0x4ebcb
 .debug_str     0x00000000    0x46ad2 ./utilities/fsl_debug_console.o
                              0x46bb4 (size before relaxing)
 .debug_str     0x00046ad2      0x61c ./startup/startup_lpc5411x.o
                               0x3520 (size before relaxing)
 .debug_str     0x000470ee     0x2b1a ./source/Tutorial_3.o
                              0x48d91 (size before relaxing)
 .debug_str     0x00049c08       0x1f ./source/semihost_hardfault.o
                               0x2ee4 (size before relaxing)
 .debug_str     0x00049c27     0x23cb ./drivers/fsl_clock.o
                              0x47f68 (size before relaxing)
 .debug_str     0x0004bff2      0xf47 ./drivers/fsl_dma.o
                              0x47d92 (size before relaxing)
 .debug_str     0x0004cf39      0x315 ./drivers/fsl_flexcomm.o
                              0x46cd4 (size before relaxing)
 .debug_str     0x0004d24e      0x117 ./drivers/fsl_reset.o
                              0x45a6c (size before relaxing)
 .debug_str     0x0004d365      0x56d ./drivers/fsl_usart.o
                              0x46bbf (size before relaxing)
 .debug_str     0x0004d8d2      0x1e5 ./drivers/fsl_usart_dma.o
                              0x46e5b (size before relaxing)
 .debug_str     0x0004dab7      0x14c ./device/system_LPC54114_cm4.o
                              0x4404e (size before relaxing)
 .debug_str     0x0004dc03      0x301 ./component/uart/usart_adapter.o
                              0x46717 (size before relaxing)
 .debug_str     0x0004df04      0x381 ./component/serial_manager/serial_manager.o
                              0x45acf (size before relaxing)
 .debug_str     0x0004e285       0xed ./component/serial_manager/serial_port_uart.o
                              0x45a98 (size before relaxing)
 .debug_str     0x0004e372       0x50 ./board/board.o
                              0x47a24 (size before relaxing)
 .debug_str     0x0004e3c2       0x69 ./board/clock_config.o
                              0x46211 (size before relaxing)
 .debug_str     0x0004e42b       0x64 ./board/peripherals.o
                              0x46dd9 (size before relaxing)
 .debug_str     0x0004e48f      0x21a ./board/pin_mux.o
                              0x4695d (size before relaxing)
 .debug_str     0x0004e6a9      0x522 C:\Users\Dell-i3\git\repository2\Tutorial_3\libs\libpower_cm4_hardabi.a(fsl_power_lib.o)
                                0xbdc (size before relaxing)

.comment        0x00000000       0xeb
 .comment       0x00000000       0x76 ./utilities/fsl_debug_console.o
                                 0x77 (size before relaxing)
 .comment       0x00000076       0x77 ./startup/startup_lpc5411x.o
 .comment       0x00000076       0x77 ./source/Tutorial_3.o
 .comment       0x00000076       0x77 ./source/semihost_hardfault.o
 .comment       0x00000076       0x77 ./drivers/fsl_clock.o
 .comment       0x00000076       0x77 ./drivers/fsl_dma.o
 .comment       0x00000076       0x77 ./drivers/fsl_flexcomm.o
 .comment       0x00000076       0x77 ./drivers/fsl_reset.o
 .comment       0x00000076       0x77 ./drivers/fsl_usart.o
 .comment       0x00000076       0x77 ./drivers/fsl_usart_dma.o
 .comment       0x00000076       0x77 ./device/system_LPC54114_cm4.o
 .comment       0x00000076       0x77 ./component/uart/usart_adapter.o
 .comment       0x00000076       0x77 ./component/serial_manager/serial_manager.o
 .comment       0x00000076       0x77 ./component/serial_manager/serial_port_uart.o
 .comment       0x00000076       0x77 ./board/board.o
 .comment       0x00000076       0x77 ./board/clock_config.o
 .comment       0x00000076       0x77 ./board/peripherals.o
 .comment       0x00000076       0x77 ./board/pin_mux.o
 .comment       0x00000076       0x75 C:\Users\Dell-i3\git\repository2\Tutorial_3\libs\libpower_cm4_hardabi.a(fsl_power_lib.o)
                                 0x76 (size before relaxing)
 .comment       0x000000eb       0x77 c:/nxp/mcuxpressoide_11.1.1_3241/ide/plugins/com.nxp.mcuxpresso.tools.win32_11.1.0.202001081728/tools/bin/../lib/gcc/arm-none-eabi/8.3.1/../../../../arm-none-eabi/lib/thumb/v7e-m+fp/hard\libcr_nohost_nf.a(_cr__main.o)
 .comment       0x000000eb       0x77 c:/nxp/mcuxpressoide_11.1.1_3241/ide/plugins/com.nxp.mcuxpresso.tools.win32_11.1.0.202001081728/tools/bin/../lib/gcc/arm-none-eabi/8.3.1/../../../../arm-none-eabi/lib/thumb/v7e-m+fp/hard\libcr_nohost_nf.a(_cr_assert.o)
 .comment       0x000000eb       0x77 c:/nxp/mcuxpressoide_11.1.1_3241/ide/plugins/com.nxp.mcuxpresso.tools.win32_11.1.0.202001081728/tools/bin/../lib/gcc/arm-none-eabi/8.3.1/../../../../arm-none-eabi/lib/thumb/v7e-m+fp/hard\libcr_nohost_nf.a(__ciob.o)
 .comment       0x000000eb       0x77 c:/nxp/mcuxpressoide_11.1.1_3241/ide/plugins/com.nxp.mcuxpresso.tools.win32_11.1.0.202001081728/tools/bin/../lib/gcc/arm-none-eabi/8.3.1/../../../../arm-none-eabi/lib/thumb/v7e-m+fp/hard\libcr_nohost_nf.a(__sys_appexit.o)
 .comment       0x000000eb       0x77 c:/nxp/mcuxpressoide_11.1.1_3241/ide/plugins/com.nxp.mcuxpresso.tools.win32_11.1.0.202001081728/tools/bin/../lib/gcc/arm-none-eabi/8.3.1/../../../../arm-none-eabi/lib/thumb/v7e-m+fp/hard\libcr_c.a(memset.o)
 .comment       0x000000eb       0x77 c:/nxp/mcuxpressoide_11.1.1_3241/ide/plugins/com.nxp.mcuxpresso.tools.win32_11.1.0.202001081728/tools/bin/../lib/gcc/arm-none-eabi/8.3.1/../../../../arm-none-eabi/lib/thumb/v7e-m+fp/hard\libcr_c.a(_deferredlazyseek.o)
 .comment       0x000000eb       0x77 c:/nxp/mcuxpressoide_11.1.1_3241/ide/plugins/com.nxp.mcuxpresso.tools.win32_11.1.0.202001081728/tools/bin/../lib/gcc/arm-none-eabi/8.3.1/../../../../arm-none-eabi/lib/thumb/v7e-m+fp/hard\libcr_c.a(_fflush.o)
 .comment       0x000000eb       0x77 c:/nxp/mcuxpressoide_11.1.1_3241/ide/plugins/com.nxp.mcuxpresso.tools.win32_11.1.0.202001081728/tools/bin/../lib/gcc/arm-none-eabi/8.3.1/../../../../arm-none-eabi/lib/thumb/v7e-m+fp/hard\libcr_c.a(_writebuf.o)
 .comment       0x000000eb       0x77 c:/nxp/mcuxpressoide_11.1.1_3241/ide/plugins/com.nxp.mcuxpresso.tools.win32_11.1.0.202001081728/tools/bin/../lib/gcc/arm-none-eabi/8.3.1/../../../../arm-none-eabi/lib/thumb/v7e-m+fp/hard\libcr_c.a(alloc.o)
 .comment       0x000000eb       0x77 c:/nxp/mcuxpressoide_11.1.1_3241/ide/plugins/com.nxp.mcuxpresso.tools.win32_11.1.0.202001081728/tools/bin/../lib/gcc/arm-none-eabi/8.3.1/../../../../arm-none-eabi/lib/thumb/v7e-m+fp/hard\libcr_c.a(fputs.o)
 .comment       0x000000eb       0x77 c:/nxp/mcuxpressoide_11.1.1_3241/ide/plugins/com.nxp.mcuxpresso.tools.win32_11.1.0.202001081728/tools/bin/../lib/gcc/arm-none-eabi/8.3.1/../../../../arm-none-eabi/lib/thumb/v7e-m+fp/hard\libcr_c.a(fseek.o)
 .comment       0x000000eb       0x77 c:/nxp/mcuxpressoide_11.1.1_3241/ide/plugins/com.nxp.mcuxpresso.tools.win32_11.1.0.202001081728/tools/bin/../lib/gcc/arm-none-eabi/8.3.1/../../../../arm-none-eabi/lib/thumb/v7e-m+fp/hard\libcr_c.a(ftell.o)
 .comment       0x000000eb       0x77 c:/nxp/mcuxpressoide_11.1.1_3241/ide/plugins/com.nxp.mcuxpresso.tools.win32_11.1.0.202001081728/tools/bin/../lib/gcc/arm-none-eabi/8.3.1/../../../../arm-none-eabi/lib/thumb/v7e-m+fp/hard\libcr_c.a(initio.o)
 .comment       0x000000eb       0x77 c:/nxp/mcuxpressoide_11.1.1_3241/ide/plugins/com.nxp.mcuxpresso.tools.win32_11.1.0.202001081728/tools/bin/../lib/gcc/arm-none-eabi/8.3.1/../../../../arm-none-eabi/lib/thumb/v7e-m+fp/hard\libcr_c.a(printf.o)
 .comment       0x000000eb       0x77 c:/nxp/mcuxpressoide_11.1.1_3241/ide/plugins/com.nxp.mcuxpresso.tools.win32_11.1.0.202001081728/tools/bin/../lib/gcc/arm-none-eabi/8.3.1/../../../../arm-none-eabi/lib/thumb/v7e-m+fp/hard\libcr_c.a(setvbuf.o)
 .comment       0x000000eb       0x77 c:/nxp/mcuxpressoide_11.1.1_3241/ide/plugins/com.nxp.mcuxpresso.tools.win32_11.1.0.202001081728/tools/bin/../lib/gcc/arm-none-eabi/8.3.1/../../../../arm-none-eabi/lib/thumb/v7e-m+fp/hard\libcr_c.a(strlen.o)
 .comment       0x000000eb       0x77 c:/nxp/mcuxpressoide_11.1.1_3241/ide/plugins/com.nxp.mcuxpresso.tools.win32_11.1.0.202001081728/tools/bin/../lib/gcc/arm-none-eabi/8.3.1/../../../../arm-none-eabi/lib/thumb/v7e-m+fp/hard\libcr_c.a(__init_alloc.o)
 .comment       0x000000eb       0x77 c:/nxp/mcuxpressoide_11.1.1_3241/ide/plugins/com.nxp.mcuxpresso.tools.win32_11.1.0.202001081728/tools/bin/../lib/gcc/arm-none-eabi/8.3.1/../../../../arm-none-eabi/lib/thumb/v7e-m+fp/hard\libcr_c.a(_cr_sbrk.o)
 .comment       0x000000eb       0x77 c:/nxp/mcuxpressoide_11.1.1_3241/ide/plugins/com.nxp.mcuxpresso.tools.win32_11.1.0.202001081728/tools/bin/../lib/gcc/arm-none-eabi/8.3.1/../../../../arm-none-eabi/lib/thumb/v7e-m+fp/hard\libcr_c.a(_fdopen.o)
 .comment       0x000000eb       0x77 c:/nxp/mcuxpressoide_11.1.1_3241/ide/plugins/com.nxp.mcuxpresso.tools.win32_11.1.0.202001081728/tools/bin/../lib/gcc/arm-none-eabi/8.3.1/../../../../arm-none-eabi/lib/thumb/v7e-m+fp/hard\libcr_c.a(errno.o)
 .comment       0x000000eb       0x77 c:/nxp/mcuxpressoide_11.1.1_3241/ide/plugins/com.nxp.mcuxpresso.tools.win32_11.1.0.202001081728/tools/bin/../lib/gcc/arm-none-eabi/8.3.1/../../../../arm-none-eabi/lib/thumb/v7e-m+fp/hard\libcr_c.a(fclose.o)
 .comment       0x000000eb       0x77 c:/nxp/mcuxpressoide_11.1.1_3241/ide/plugins/com.nxp.mcuxpresso.tools.win32_11.1.0.202001081728/tools/bin/../lib/gcc/arm-none-eabi/8.3.1/../../../../arm-none-eabi/lib/thumb/v7e-m+fp/hard\libcr_c.a(fflush.o)
 .comment       0x000000eb       0x77 c:/nxp/mcuxpressoide_11.1.1_3241/ide/plugins/com.nxp.mcuxpresso.tools.win32_11.1.0.202001081728/tools/bin/../lib/gcc/arm-none-eabi/8.3.1/../../../../arm-none-eabi/lib/thumb/v7e-m+fp/hard\libcr_c.a(remove.o)
 .comment       0x000000eb       0x77 c:/nxp/mcuxpressoide_11.1.1_3241/ide/plugins/com.nxp.mcuxpresso.tools.win32_11.1.0.202001081728/tools/bin/../lib/gcc/arm-none-eabi/8.3.1/../../../../arm-none-eabi/lib/thumb/v7e-m+fp/hard\libcr_c.a(_cr_check_heap.o)
 .comment       0x000000eb       0x77 c:/nxp/mcuxpressoide_11.1.1_3241/ide/plugins/com.nxp.mcuxpresso.tools.win32_11.1.0.202001081728/tools/bin/../lib/gcc/arm-none-eabi/8.3.1/../../../../arm-none-eabi/lib/thumb/v7e-m+fp/hard\libcr_c.a(_do_fflush.o)
 .comment       0x000000eb       0x77 c:/nxp/mcuxpressoide_11.1.1_3241/ide/plugins/com.nxp.mcuxpresso.tools.win32_11.1.0.202001081728/tools/bin/../lib/gcc/arm-none-eabi/8.3.1/../../../../arm-none-eabi/lib/thumb/v7e-m+fp/hard\libcr_nohost_nf.a(__sys_close.o)
 .comment       0x000000eb       0x77 c:/nxp/mcuxpressoide_11.1.1_3241/ide/plugins/com.nxp.mcuxpresso.tools.win32_11.1.0.202001081728/tools/bin/../lib/gcc/arm-none-eabi/8.3.1/../../../../arm-none-eabi/lib/thumb/v7e-m+fp/hard\libcr_nohost_nf.a(__sys_flen.o)
 .comment       0x000000eb       0x77 c:/nxp/mcuxpressoide_11.1.1_3241/ide/plugins/com.nxp.mcuxpresso.tools.win32_11.1.0.202001081728/tools/bin/../lib/gcc/arm-none-eabi/8.3.1/../../../../arm-none-eabi/lib/thumb/v7e-m+fp/hard\libcr_nohost_nf.a(__sys_istty.o)
 .comment       0x000000eb       0x77 c:/nxp/mcuxpressoide_11.1.1_3241/ide/plugins/com.nxp.mcuxpresso.tools.win32_11.1.0.202001081728/tools/bin/../lib/gcc/arm-none-eabi/8.3.1/../../../../arm-none-eabi/lib/thumb/v7e-m+fp/hard\libcr_nohost_nf.a(__sys_remove.o)
 .comment       0x000000eb       0x77 c:/nxp/mcuxpressoide_11.1.1_3241/ide/plugins/com.nxp.mcuxpresso.tools.win32_11.1.0.202001081728/tools/bin/../lib/gcc/arm-none-eabi/8.3.1/../../../../arm-none-eabi/lib/thumb/v7e-m+fp/hard\libcr_nohost_nf.a(__sys_seek.o)
 .comment       0x000000eb       0x77 c:/nxp/mcuxpressoide_11.1.1_3241/ide/plugins/com.nxp.mcuxpresso.tools.win32_11.1.0.202001081728/tools/bin/../lib/gcc/arm-none-eabi/8.3.1/../../../../arm-none-eabi/lib/thumb/v7e-m+fp/hard\libcr_nohost_nf.a(__sys_tmpnam.o)

.ARM.attributes
                0x00000000       0x32
 .ARM.attributes
                0x00000000       0x34 ./utilities/fsl_debug_console.o
 .ARM.attributes
                0x00000034       0x34 ./startup/startup_lpc5411x.o
 .ARM.attributes
                0x00000068       0x34 ./source/Tutorial_3.o
 .ARM.attributes
                0x0000009c       0x34 ./source/semihost_hardfault.o
 .ARM.attributes
                0x000000d0       0x34 ./drivers/fsl_clock.o
 .ARM.attributes
                0x00000104       0x34 ./drivers/fsl_dma.o
 .ARM.attributes
                0x00000138       0x34 ./drivers/fsl_flexcomm.o
 .ARM.attributes
                0x0000016c       0x34 ./drivers/fsl_reset.o
 .ARM.attributes
                0x000001a0       0x34 ./drivers/fsl_usart.o
 .ARM.attributes
                0x000001d4       0x34 ./drivers/fsl_usart_dma.o
 .ARM.attributes
                0x00000208       0x34 ./device/system_LPC54114_cm4.o
 .ARM.attributes
                0x0000023c       0x34 ./component/uart/usart_adapter.o
 .ARM.attributes
                0x00000270       0x34 ./component/serial_manager/serial_manager.o
 .ARM.attributes
                0x000002a4       0x34 ./component/serial_manager/serial_port_uart.o
 .ARM.attributes
                0x000002d8       0x34 ./board/board.o
 .ARM.attributes
                0x0000030c       0x34 ./board/clock_config.o
 .ARM.attributes
                0x00000340       0x34 ./board/peripherals.o
 .ARM.attributes
                0x00000374       0x34 ./board/pin_mux.o
 .ARM.attributes
                0x000003a8       0x34 C:\Users\Dell-i3\git\repository2\Tutorial_3\libs\libpower_cm4_hardabi.a(fsl_power_lib.o)
 .ARM.attributes
                0x000003dc       0x34 c:/nxp/mcuxpressoide_11.1.1_3241/ide/plugins/com.nxp.mcuxpresso.tools.win32_11.1.0.202001081728/tools/bin/../lib/gcc/arm-none-eabi/8.3.1/../../../../arm-none-eabi/lib/thumb/v7e-m+fp/hard\libcr_nohost_nf.a(_cr__main.o)
 .ARM.attributes
                0x00000410       0x34 c:/nxp/mcuxpressoide_11.1.1_3241/ide/plugins/com.nxp.mcuxpresso.tools.win32_11.1.0.202001081728/tools/bin/../lib/gcc/arm-none-eabi/8.3.1/../../../../arm-none-eabi/lib/thumb/v7e-m+fp/hard\libcr_nohost_nf.a(_cr_assert.o)
 .ARM.attributes
                0x00000444       0x39 c:/nxp/mcuxpressoide_11.1.1_3241/ide/plugins/com.nxp.mcuxpresso.tools.win32_11.1.0.202001081728/tools/bin/../lib/gcc/arm-none-eabi/8.3.1/../../../../arm-none-eabi/lib/thumb/v7e-m+fp/hard\libcr_nohost_nf.a(__ciob.o)
 .ARM.attributes
                0x0000047d       0x34 c:/nxp/mcuxpressoide_11.1.1_3241/ide/plugins/com.nxp.mcuxpresso.tools.win32_11.1.0.202001081728/tools/bin/../lib/gcc/arm-none-eabi/8.3.1/../../../../arm-none-eabi/lib/thumb/v7e-m+fp/hard\libcr_nohost_nf.a(__sys_appexit.o)
 .ARM.attributes
                0x000004b1       0x34 c:/nxp/mcuxpressoide_11.1.1_3241/ide/plugins/com.nxp.mcuxpresso.tools.win32_11.1.0.202001081728/tools/bin/../lib/gcc/arm-none-eabi/8.3.1/../../../../arm-none-eabi/lib/thumb/v7e-m+fp/hard\libcr_c.a(memset.o)
 .ARM.attributes
                0x000004e5       0x34 c:/nxp/mcuxpressoide_11.1.1_3241/ide/plugins/com.nxp.mcuxpresso.tools.win32_11.1.0.202001081728/tools/bin/../lib/gcc/arm-none-eabi/8.3.1/../../../../arm-none-eabi/lib/thumb/v7e-m+fp/hard\libcr_c.a(_deferredlazyseek.o)
 .ARM.attributes
                0x00000519       0x34 c:/nxp/mcuxpressoide_11.1.1_3241/ide/plugins/com.nxp.mcuxpresso.tools.win32_11.1.0.202001081728/tools/bin/../lib/gcc/arm-none-eabi/8.3.1/../../../../arm-none-eabi/lib/thumb/v7e-m+fp/hard\libcr_c.a(_fflush.o)
 .ARM.attributes
                0x0000054d       0x34 c:/nxp/mcuxpressoide_11.1.1_3241/ide/plugins/com.nxp.mcuxpresso.tools.win32_11.1.0.202001081728/tools/bin/../lib/gcc/arm-none-eabi/8.3.1/../../../../arm-none-eabi/lib/thumb/v7e-m+fp/hard\libcr_c.a(_writebuf.o)
 .ARM.attributes
                0x00000581       0x34 c:/nxp/mcuxpressoide_11.1.1_3241/ide/plugins/com.nxp.mcuxpresso.tools.win32_11.1.0.202001081728/tools/bin/../lib/gcc/arm-none-eabi/8.3.1/../../../../arm-none-eabi/lib/thumb/v7e-m+fp/hard\libcr_c.a(alloc.o)
 .ARM.attributes
                0x000005b5       0x34 c:/nxp/mcuxpressoide_11.1.1_3241/ide/plugins/com.nxp.mcuxpresso.tools.win32_11.1.0.202001081728/tools/bin/../lib/gcc/arm-none-eabi/8.3.1/../../../../arm-none-eabi/lib/thumb/v7e-m+fp/hard\libcr_c.a(fputs.o)
 .ARM.attributes
                0x000005e9       0x34 c:/nxp/mcuxpressoide_11.1.1_3241/ide/plugins/com.nxp.mcuxpresso.tools.win32_11.1.0.202001081728/tools/bin/../lib/gcc/arm-none-eabi/8.3.1/../../../../arm-none-eabi/lib/thumb/v7e-m+fp/hard\libcr_c.a(fseek.o)
 .ARM.attributes
                0x0000061d       0x34 c:/nxp/mcuxpressoide_11.1.1_3241/ide/plugins/com.nxp.mcuxpresso.tools.win32_11.1.0.202001081728/tools/bin/../lib/gcc/arm-none-eabi/8.3.1/../../../../arm-none-eabi/lib/thumb/v7e-m+fp/hard\libcr_c.a(ftell.o)
 .ARM.attributes
                0x00000651       0x34 c:/nxp/mcuxpressoide_11.1.1_3241/ide/plugins/com.nxp.mcuxpresso.tools.win32_11.1.0.202001081728/tools/bin/../lib/gcc/arm-none-eabi/8.3.1/../../../../arm-none-eabi/lib/thumb/v7e-m+fp/hard\libcr_c.a(initio.o)
 .ARM.attributes
                0x00000685       0x34 c:/nxp/mcuxpressoide_11.1.1_3241/ide/plugins/com.nxp.mcuxpresso.tools.win32_11.1.0.202001081728/tools/bin/../lib/gcc/arm-none-eabi/8.3.1/../../../../arm-none-eabi/lib/thumb/v7e-m+fp/hard\libcr_c.a(printf.o)
 .ARM.attributes
                0x000006b9       0x34 c:/nxp/mcuxpressoide_11.1.1_3241/ide/plugins/com.nxp.mcuxpresso.tools.win32_11.1.0.202001081728/tools/bin/../lib/gcc/arm-none-eabi/8.3.1/../../../../arm-none-eabi/lib/thumb/v7e-m+fp/hard\libcr_c.a(setvbuf.o)
 .ARM.attributes
                0x000006ed       0x34 c:/nxp/mcuxpressoide_11.1.1_3241/ide/plugins/com.nxp.mcuxpresso.tools.win32_11.1.0.202001081728/tools/bin/../lib/gcc/arm-none-eabi/8.3.1/../../../../arm-none-eabi/lib/thumb/v7e-m+fp/hard\libcr_c.a(strlen.o)
 .ARM.attributes
                0x00000721       0x34 c:/nxp/mcuxpressoide_11.1.1_3241/ide/plugins/com.nxp.mcuxpresso.tools.win32_11.1.0.202001081728/tools/bin/../lib/gcc/arm-none-eabi/8.3.1/../../../../arm-none-eabi/lib/thumb/v7e-m+fp/hard\libcr_c.a(__init_alloc.o)
 .ARM.attributes
                0x00000755       0x34 c:/nxp/mcuxpressoide_11.1.1_3241/ide/plugins/com.nxp.mcuxpresso.tools.win32_11.1.0.202001081728/tools/bin/../lib/gcc/arm-none-eabi/8.3.1/../../../../arm-none-eabi/lib/thumb/v7e-m+fp/hard\libcr_c.a(_cr_sbrk.o)
 .ARM.attributes
                0x00000789       0x34 c:/nxp/mcuxpressoide_11.1.1_3241/ide/plugins/com.nxp.mcuxpresso.tools.win32_11.1.0.202001081728/tools/bin/../lib/gcc/arm-none-eabi/8.3.1/../../../../arm-none-eabi/lib/thumb/v7e-m+fp/hard\libcr_c.a(_fdopen.o)
 .ARM.attributes
                0x000007bd       0x39 c:/nxp/mcuxpressoide_11.1.1_3241/ide/plugins/com.nxp.mcuxpresso.tools.win32_11.1.0.202001081728/tools/bin/../lib/gcc/arm-none-eabi/8.3.1/../../../../arm-none-eabi/lib/thumb/v7e-m+fp/hard\libcr_c.a(errno.o)
 .ARM.attributes
                0x000007f6       0x34 c:/nxp/mcuxpressoide_11.1.1_3241/ide/plugins/com.nxp.mcuxpresso.tools.win32_11.1.0.202001081728/tools/bin/../lib/gcc/arm-none-eabi/8.3.1/../../../../arm-none-eabi/lib/thumb/v7e-m+fp/hard\libcr_c.a(fclose.o)
 .ARM.attributes
                0x0000082a       0x34 c:/nxp/mcuxpressoide_11.1.1_3241/ide/plugins/com.nxp.mcuxpresso.tools.win32_11.1.0.202001081728/tools/bin/../lib/gcc/arm-none-eabi/8.3.1/../../../../arm-none-eabi/lib/thumb/v7e-m+fp/hard\libcr_c.a(fflush.o)