startup_lpc5411x.c:333:6:data_init	4	static
startup_lpc5411x.c:342:6:bss_init	0	static
startup_lpc5411x.c:425:6:ResetISR	8	static
startup_lpc5411x.c:552:14:NMI_Handler	0	static
startup_lpc5411x.c:556:14:HardFault_Handler	0	static
startup_lpc5411x.c:560:14:SVC_Handler	0	static
startup_lpc5411x.c:564:14:PendSV_Handler	0	static
startup_lpc5411x.c:568:14:SysTick_Handler	0	static
startup_lpc5411x.c:574:14:MemManage_Handler	0	static
startup_lpc5411x.c:578:14:BusFault_Handler	0	static
startup_lpc5411x.c:582:14:UsageFault_Handler	0	static
startup_lpc5411x.c:586:14:DebugMon_Handler	0	static
startup_lpc5411x.c:595:14:IntDefaultHandler	0	static
startup_lpc5411x.c:605:11:WDT_BOD_IRQHandler	8	static
startup_lpc5411x.c:609:11:DMA0_IRQHandler	8	static
startup_lpc5411x.c:613:11:GINT0_IRQHandler	8	static
startup_lpc5411x.c:617:11:GINT1_IRQHandler	8	static
startup_lpc5411x.c:621:11:PIN_INT0_IRQHandler	8	static
startup_lpc5411x.c:625:11:PIN_INT1_IRQHandler	8	static
startup_lpc5411x.c:629:11:PIN_INT2_IRQHandler	8	static
startup_lpc5411x.c:633:11:PIN_INT3_IRQHandler	8	static
startup_lpc5411x.c:637:11:UTICK0_IRQHandler	8	static
startup_lpc5411x.c:641:11:MRT0_IRQHandler	8	static
startup_lpc5411x.c:645:11:CTIMER0_IRQHandler	8	static
startup_lpc5411x.c:649:11:CTIMER1_IRQHandler	8	static
startup_lpc5411x.c:653:11:SCT0_IRQHandler	8	static
startup_lpc5411x.c:657:11:CTIMER3_IRQHandler	8	static
startup_lpc5411x.c:661:11:FLEXCOMM0_IRQHandler	8	static
startup_lpc5411x.c:665:11:FLEXCOMM1_IRQHandler	8	static
startup_lpc5411x.c:669:11:FLEXCOMM2_IRQHandler	8	static
startup_lpc5411x.c:673:11:FLEXCOMM3_IRQHandler	8	static
startup_lpc5411x.c:677:11:FLEXCOMM4_IRQHandler	8	static
startup_lpc5411x.c:681:11:FLEXCOMM5_IRQHandler	8	static
startup_lpc5411x.c:685:11:FLEXCOMM6_IRQHandler	8	static
startup_lpc5411x.c:689:11:FLEXCOMM7_IRQHandler	8	static
startup_lpc5411x.c:693:11:ADC0_SEQA_IRQHandler	8	static
startup_lpc5411x.c:697:11:ADC0_SEQB_IRQHandler	8	static
startup_lpc5411x.c:701:11:ADC0_THCMP_IRQHandler	8	static
startup_lpc5411x.c:705:11:DMIC0_IRQHandler	8	static
startup_lpc5411x.c:709:11:HWVAD0_IRQHandler	8	static
startup_lpc5411x.c:713:11:USB0_NEEDCLK_IRQHandler	8	static
startup_lpc5411x.c:717:11:USB0_IRQHandler	8	static
startup_lpc5411x.c:721:11:RTC_IRQHandler	8	static
startup_lpc5411x.c:725:11:IOH_IRQHandler	8	static
startup_lpc5411x.c:729:11:MAILBOX_IRQHandler	8	static
startup_lpc5411x.c:735:11:PIN_INT4_IRQHandler	8	static
startup_lpc5411x.c:739:11:PIN_INT5_IRQHandler	8	static
startup_lpc5411x.c:743:11:PIN_INT6_IRQHandler	8	static
startup_lpc5411x.c:747:11:PIN_INT7_IRQHandler	8	static
startup_lpc5411x.c:751:11:CTIMER2_IRQHandler	8	static
startup_lpc5411x.c:755:11:CTIMER4_IRQHandler	8	static
startup_lpc5411x.c:759:11:Reserved54_IRQHandler	8	static
startup_lpc5411x.c:763:11:SPIFI0_IRQHandler	8	static
